04-13 12:56:52.965  2743  3003 I chatty  : uid=1000(system) NetworkPolicy expire 1 line
04-13 12:56:52.965  2743  3544 I chatty  : uid=1000(system) Binder:2743_9 expire 1 line
04-13 12:56:52.966  2743  3495 I chatty  : uid=1000(system) Binder:2743_7 expire 6 lines
04-13 12:56:52.967  2743  4262 I chatty  : uid=1000(system) Binder:2743_11 expire 13 lines
04-13 12:56:52.968  2743  2759 I chatty  : uid=1000(system) Binder:2743_2 expire 1 line
04-13 12:56:52.983  2743  4064 I chatty  : uid=1000(system) Binder:2743_D expire 2 lines
04-13 12:56:53.003  2743  4063 I chatty  : uid=1000(system) Binder:2743_C expire 10 lines
04-13 12:56:53.008  2743  2777 I chatty  : uid=1000(system) android.ui expire 24 lines
04-13 12:56:53.024  2743  4271 I chatty  : uid=1000(system) Binder:2743_12 expire 12 lines
04-13 12:56:53.488  2743  3036 I chatty  : uid=1000(system) PhotonicModulat expire 4 lines
04-13 12:56:53.654  2743  4271 I chatty  : uid=1000(system) Binder:2743_12 expire 21 lines
04-13 12:56:53.656  2743  4063 I chatty  : uid=1000(system) Binder:2743_C expire 13 lines
04-13 12:56:53.723  2743  3495 I chatty  : uid=1000(system) Binder:2743_7 expire 11 lines
04-13 12:56:53.733  2743  4262 I chatty  : uid=1000(system) Binder:2743_11 expire 21 lines
04-13 12:56:53.754  2743  4064 I chatty  : uid=1000(system) Binder:2743_D expire 10 lines
04-13 12:56:53.782  2743  2743 I chatty  : uid=1000 system_server expire 1 line
04-13 12:56:57.502  2743  4262 I chatty  : uid=1000(system) Binder:2743_11 expire 12 lines
04-13 12:56:57.503  2743  3495 I chatty  : uid=1000(system) Binder:2743_7 expire 22 lines
04-13 12:56:57.504  2743  4064 I chatty  : uid=1000(system) Binder:2743_D expire 14 lines
04-13 12:56:57.506  2743  4271 I chatty  : uid=1000(system) Binder:2743_12 expire 13 lines
04-13 12:56:57.706  2743  2759 I chatty  : uid=1000(system) Binder:2743_2 expire 6 lines
04-13 12:56:57.707  2743  4063 I chatty  : uid=1000(system) Binder:2743_C expire 5 lines
04-13 12:56:57.709  2743  3544 I chatty  : uid=1000(system) Binder:2743_9 expire 10 lines
04-13 12:56:57.780  2743  4063 I chatty  : uid=1000(system) Binder:2743_C expire 4 lines
04-13 12:56:57.781  2743  2774 I chatty  : uid=1000(system) android.bg expire 5 lines
04-13 12:56:57.783  2743  3495 I chatty  : uid=1000(system) Binder:2743_7 expire 31 lines
04-13 12:56:57.787  2743  7162 I chatty  : uid=1000(system) IzatProvider expire 1 line
04-13 12:56:57.789  2743  2759 I chatty  : uid=1000(system) Binder:2743_2 expire 13 lines
04-13 12:56:57.808  2743  4271 I chatty  : uid=1000(system) Binder:2743_12 expire 17 lines
04-13 12:56:57.811  2743  5396 I chatty  : uid=1000(system) Binder:2743_14 expire 6 lines
04-13 12:57:05.333  2743  3004 I chatty  : uid=1000(system) tworkPolicy.uid expire 1 line
04-13 12:57:05.373  2743  2777 I chatty  : uid=1000(system) android.ui expire 14 lines
04-13 12:57:27.478  2743  5396 I chatty  : uid=1000(system) Binder:2743_14 expire 18 lines
04-13 12:57:27.486  2743  4271 I chatty  : uid=1000(system) Binder:2743_12 expire 11 lines
04-13 12:57:28.521  2743  2994 I chatty  : uid=1000(system) AlarmManager expire 4 lines
04-13 12:57:28.590  2743  2759 I chatty  : uid=1000(system) Binder:2743_2 expire 3 lines
04-13 12:57:28.659  2743  2743 I chatty  : uid=1000 system_server expire 15 lines
04-13 12:57:29.325  2743  2800 I chatty  : uid=1000(system) android.fg expire 1 line
04-13 12:57:29.327  2743  2805 I chatty  : uid=1000(system) PMS expire 1 line
04-13 12:57:30.919  2743  4063 I chatty  : uid=1000(system) Binder:2743_C expire 8 lines
04-13 12:57:31.088 10561 10561 D ActivityThread: Loading provider customization_settings: com.htc.provider.CustomizationSettings.CustomizationSettingsProvider
04-13 12:57:31.094 10561 10561 D ActivityThread: Loading provider single_customization_settings: com.htc.provider.CustomizationSettings.SingleCustomizationSettingsProvider
04-13 12:57:41.732  2743  2776 I chatty  : uid=1000(system) ActivityManager expire 1 line
04-13 12:57:41.736  2743  4262 I chatty  : uid=1000(system) Binder:2743_11 expire 1 line
04-13 12:57:41.786  2743  3359 I chatty  : uid=1000(system) BluetoothRouteM expire 1 line
04-13 12:57:41.787  2743  3366 I chatty  : uid=1000(system) uteStateMachine expire 2 lines
04-13 12:57:41.799  2743  3495 I chatty  : uid=1000(system) Binder:2743_7 expire 37 lines
04-13 12:57:42.808  5475  6699 W ContextImpl: Calling a method in the system process without a qualified user: android.app.ContextImpl.bindService:1540 android.content.ContextWrapper.bindService:678 com.htc.lib2.b.a.a:27 com.htc.lib2.b.a.a:20 com.htc.lib1.c.i.a:31 
04-13 12:57:42.836  2743  5396 I chatty  : uid=1000(system) Binder:2743_14 expire 11 lines
04-13 12:57:42.865  2743  3544 I chatty  : uid=1000(system) Binder:2743_9 expire 28 lines
04-13 12:57:43.817  2743  2777 I chatty  : uid=1000(system) android.ui expire 4 lines
04-13 12:57:43.824  2743  2743 I chatty  : uid=1000 system_server expire 1 line
04-13 12:57:52.837  2743  2774 I chatty  : uid=1000(system) android.bg expire 13 lines
04-13 12:58:12.261  2743  2994 I chatty  : uid=1000(system) AlarmManager expire 6 lines
04-13 12:58:12.273  2743  2777 I chatty  : uid=1000(system) android.ui expire 5 lines
04-13 12:58:12.283  2743  3544 I chatty  : uid=1000(system) Binder:2743_9 expire 16 lines
04-13 12:58:12.314  2743  5396 I chatty  : uid=1000(system) Binder:2743_14 expire 32 lines
04-13 12:58:12.318  2743  3495 I chatty  : uid=1000(system) Binder:2743_7 expire 2 lines
04-13 12:58:12.324  2743  2743 I chatty  : uid=1000 system_server expire 8 lines
04-13 12:58:29.269  2743  2805 I chatty  : uid=1000(system) PMS expire 1 line
04-13 12:58:29.272  2743  2800 I chatty  : uid=1000(system) android.fg expire 1 line
04-13 12:58:37.223  2743  3544 I chatty  : uid=1000(system) Binder:2743_9 expire 37 lines
04-13 12:58:38.687  2743  5396 I chatty  : uid=1000(system) Binder:2743_14 expire 23 lines
04-13 12:58:43.521  2743  2774 I chatty  : uid=1000(system) android.bg expire 5 lines
04-13 12:58:48.680  2743  2780 I chatty  : uid=1000(system) batterystats-sy expire 1 line
04-13 12:59:10.696  2743  2994 I chatty  : uid=1000(system) AlarmManager expire 4 lines
04-13 12:59:10.710  2743  3495 I chatty  : uid=1000(system) Binder:2743_7 expire 4 lines
04-13 12:59:10.720  2743  2777 I chatty  : uid=1000(system) android.ui expire 4 lines
04-13 12:59:10.722  2743  4063 I chatty  : uid=1000(system) Binder:2743_C expire 1 line
04-13 12:59:10.726  2743  2759 I chatty  : uid=1000(system) Binder:2743_2 expire 1 line
04-13 12:59:10.732  2743 10736 I chatty  : uid=1000(system) Binder:2743_1C expire 35 lines
04-13 12:59:10.742  2743  4063 I chatty  : uid=1000(system) Binder:2743_C expire 13 lines
04-13 12:59:10.745  2743  3495 I chatty  : uid=1000(system) Binder:2743_7 expire 22 lines
04-13 12:59:10.754  2743  2743 I chatty  : uid=1000 system_server expire 7 lines
04-13 12:59:20.728  2743  2774 I chatty  : uid=1000(system) android.bg expire 5 lines
04-13 12:59:29.317  2743  2805 I chatty  : uid=1000(system) PMS expire 1 line
04-13 12:59:29.321  2743  2800 I chatty  : uid=1000(system) android.fg expire 1 line
04-13 13:00:00.005  2743  2994 I chatty  : uid=1000(system) AlarmManager expire 7 lines
04-13 13:00:00.046  2743  4063 I chatty  : uid=1000(system) Binder:2743_C expire 12 lines
04-13 13:00:00.058  2743 10736 I chatty  : uid=1000(system) Binder:2743_1C expire 18 lines
04-13 13:00:00.077  2743  3495 I chatty  : uid=1000(system) Binder:2743_7 expire 29 lines
04-13 13:00:00.082  2743  3544 I chatty  : uid=1000(system) Binder:2743_9 expire 10 lines
04-13 13:00:00.092  2743  2759 I chatty  : uid=1000(system) Binder:2743_2 expire 3 lines
04-13 13:00:00.121  2743  2743 I chatty  : uid=1000 system_server expire 1 line
04-13 13:00:00.189  2743  4262 I chatty  : uid=1000(system) Binder:2743_11 expire 18 lines
04-13 13:00:00.197  2743 10736 I chatty  : uid=1000(system) Binder:2743_1C expire 5 lines
04-13 13:00:00.197  2743  3495 I chatty  : uid=1000(system) Binder:2743_7 expire 32 lines
04-13 13:00:00.198  2743  3544 I chatty  : uid=1000(system) Binder:2743_9 expire 2 lines
04-13 13:00:00.199  2743  4063 I chatty  : uid=1000(system) Binder:2743_C expire 5 lines
04-13 13:00:00.201  2743  2774 I chatty  : uid=1000(system) android.bg expire 5 lines
04-13 13:00:00.208  2743  2759 I chatty  : uid=1000(system) Binder:2743_2 expire 21 lines
04-13 13:00:00.210  2743  7162 I chatty  : uid=1000(system) IzatProvider expire 1 line
04-13 13:00:05.117  2743  2759 I chatty  : uid=1000(system) Binder:2743_2 expire 20 lines
04-13 13:00:07.239  2743  4063 I chatty  : uid=1000(system) Binder:2743_C expire 12 lines
04-13 13:00:18.730  2743  2994 I chatty  : uid=1000(system) AlarmManager expire 4 lines
04-13 13:00:18.737  2743  2777 I chatty  : uid=1000(system) android.ui expire 5 lines
04-13 13:00:18.759  2743  2743 I chatty  : uid=1000 system_server expire 2 lines
04-13 13:00:28.748  2743  2774 I chatty  : uid=1000(system) android.bg expire 5 lines
04-13 13:00:28.928  2743  3039 I chatty  : uid=1000(system) WLD expire 46 lines
04-13 13:00:28.937  2743  3042 I chatty  : uid=1000(system) WLD_Audio expire 1 line
04-13 13:00:28.997  2743  2759 I chatty  : uid=1000(system) Binder:2743_2 expire 1 line
04-13 13:00:29.001  2743  4063 I chatty  : uid=1000(system) Binder:2743_C expire 30 lines
04-13 13:00:29.261  2743  2805 I chatty  : uid=1000(system) PMS expire 1 line
04-13 13:00:29.277  2743  2800 I chatty  : uid=1000(system) android.fg expire 1 line
04-13 13:00:29.280  2743  2743 I chatty  : uid=1000 system_server expire 6 lines
04-13 13:00:30.088  2743  2774 I chatty  : uid=1000(system) android.bg expire 19 lines
04-13 13:00:30.671  2743  3544 I chatty  : uid=1000(system) Binder:2743_9 expire 22 lines
04-13 13:00:43.446  2743  2780 I chatty  : uid=1000(system) batterystats-sy expire 1 line
04-13 13:00:54.052  2743  3544 I chatty  : uid=1000(system) Binder:2743_9 expire 15 lines
04-13 13:00:57.036  2743  4063 I chatty  : uid=1000(system) Binder:2743_C expire 15 lines
04-13 13:01:14.416  2743  2994 I chatty  : uid=1000(system) AlarmManager expire 4 lines
04-13 13:01:14.488  2743  2776 I chatty  : uid=1000(system) ActivityManager expire 1 line
04-13 13:01:14.680  2743  3495 I chatty  : uid=1000(system) Binder:2743_7 expire 8 lines
04-13 13:01:14.700  2743  2743 I chatty  : uid=1000 system_server expire 6 lines
04-13 13:01:14.718  2743  4262 I chatty  : uid=1000(system) Binder:2743_11 expire 23 lines
04-13 13:01:14.728  2743  2777 I chatty  : uid=1000(system) android.ui expire 4 lines
04-13 13:01:15.182  2743  2774 I chatty  : uid=1000(system) android.bg expire 12 lines
04-13 13:01:16.638   699   699 D qdlights: [LedInfo] has indicator attribute
04-13 13:01:17.143  2743 10871 I chatty  : uid=1000 system_server expire 2 lines
04-13 13:01:28.298  2743  4262 I chatty  : uid=1000(system) Binder:2743_11 expire 13 lines
04-13 13:01:29.323  2743  2743 I chatty  : uid=1000 system_server expire 7 lines
04-13 13:01:29.326  2743  2805 I chatty  : uid=1000(system) PMS expire 1 line
04-13 13:01:29.331  2743  2800 I chatty  : uid=1000(system) android.fg expire 1 line
04-13 13:01:31.127  2743  3495 I chatty  : uid=1000(system) Binder:2743_7 expire 21 lines
04-13 13:01:42.823  2743  2994 I chatty  : uid=1000(system) AlarmManager expire 2 lines
04-13 13:01:42.836  2743  2776 I chatty  : uid=1000(system) ActivityManager expire 1 line
04-13 13:01:42.840  2743  2759 I chatty  : uid=1000(system) Binder:2743_2 expire 27 lines
04-13 13:01:42.843  2743  2777 I chatty  : uid=1000(system) android.ui expire 6 lines
04-13 13:01:46.716  2743  2774 I chatty  : uid=1000(system) android.bg expire 10 lines
04-13 13:02:07.188  2743  3495 I chatty  : uid=1000(system) Binder:2743_7 expire 32 lines
04-13 13:02:21.203  2743  2759 I chatty  : uid=1000(system) Binder:2743_2 expire 21 lines
04-13 13:02:29.266  2743  2805 I chatty  : uid=1000(system) PMS expire 1 line
04-13 13:02:29.266  2743  2743 I chatty  : uid=1000 system_server expire 7 lines
04-13 13:02:29.267  2743  2800 I chatty  : uid=1000(system) android.fg expire 1 line
04-13 13:02:33.089  2743  2994 I chatty  : uid=1000(system) AlarmManager expire 5 lines
04-13 13:02:33.117  2743  4063 I chatty  : uid=1000(system) Binder:2743_C expire 3 lines
04-13 13:02:33.120  2743  2777 I chatty  : uid=1000(system) android.ui expire 4 lines
04-13 13:02:33.137  2743 10736 I chatty  : uid=1000(system) Binder:2743_1C expire 3 lines
04-13 13:02:33.169  2743  3544 I chatty  : uid=1000(system) Binder:2743_9 expire 10 lines
04-13 13:02:35.558  2743  2780 I chatty  : uid=1000(system) batterystats-sy expire 1 line
04-13 13:02:41.616  2743  3495 I chatty  : uid=1000(system) Binder:2743_7 expire 40 lines
04-13 13:02:41.656  2743  3544 I chatty  : uid=1000(system) Binder:2743_9 expire 22 lines
04-13 13:02:43.132  2743  2774 I chatty  : uid=1000(system) android.bg expire 5 lines
04-13 13:03:20.721  2743  2743 I chatty  : uid=1000 system_server expire 6 lines
04-13 13:03:20.721  2743  2805 I chatty  : uid=1000(system) PMS expire 1 line
04-13 13:03:20.721  2743  2800 I chatty  : uid=1000(system) android.fg expire 1 line
04-13 13:03:20.731  2743  4063 I chatty  : uid=1000(system) Binder:2743_C expire 50 lines
04-13 13:03:29.271  2743  2800 I chatty  : uid=1000(system) android.fg expire 1 line
04-13 13:03:29.271  2743  2743 I chatty  : uid=1000 system_server expire 7 lines
04-13 13:03:29.277  2743  2805 I chatty  : uid=1000(system) PMS expire 1 line
04-13 13:03:33.213  2743  2994 I chatty  : uid=1000(system) AlarmManager expire 4 lines
04-13 13:03:33.285  2743  3544 I chatty  : uid=1000(system) Binder:2743_9 expire 12 lines
04-13 13:03:33.356  2743  3495 I chatty  : uid=1000(system) Binder:2743_7 expire 18 lines
04-13 13:03:35.318  2743 10736 I chatty  : uid=1000(system) Binder:2743_1C expire 50 lines
04-13 13:03:43.536  2743  4063 I chatty  : uid=1000(system) Binder:2743_C expire 42 lines
04-13 13:03:56.456  2743  3002 I chatty  : uid=1000(system) NetworkStats expire 2 lines
04-13 13:03:56.502  2743  3003 I chatty  : uid=1000(system) NetworkPolicy expire 4 lines
04-13 13:04:23.336  2743  4063 I chatty  : uid=1000(system) Binder:2743_C expire 39 lines
04-13 13:04:23.558  2743 10736 I chatty  : uid=1000(system) Binder:2743_1C expire 39 lines
04-13 13:04:29.267  2743  2800 I chatty  : uid=1000(system) android.fg expire 1 line
04-13 13:04:29.267  2743  2743 I chatty  : uid=1000 system_server expire 6 lines
04-13 13:04:29.285  2743  2805 I chatty  : uid=1000(system) PMS expire 1 line
04-13 13:05:18.726  2743  2994 I chatty  : uid=1000(system) AlarmManager expire 7 lines
04-13 13:05:18.751  2743  2777 I chatty  : uid=1000(system) android.ui expire 8 lines
04-13 13:05:18.754  2743  4063 I chatty  : uid=1000(system) Binder:2743_C expire 7 lines
04-13 13:05:18.761  2743  3544 I chatty  : uid=1000(system) Binder:2743_9 expire 2 lines
04-13 13:05:18.764  2743  2759 I chatty  : uid=1000(system) Binder:2743_2 expire 10 lines
04-13 13:05:18.771  2743  4262 I chatty  : uid=1000(system) Binder:2743_11 expire 1 line
04-13 13:05:18.772  2743  5396 I chatty  : uid=1000(system) Binder:2743_14 expire 15 lines
04-13 13:05:18.772  2743  3495 I chatty  : uid=1000(system) Binder:2743_7 expire 1 line
04-13 13:05:18.774  2743 10736 I chatty  : uid=1000(system) Binder:2743_1C expire 2 lines
04-13 13:05:18.804  2743  2743 I chatty  : uid=1000 system_server expire 8 lines
04-13 13:05:28.757  2743  2774 I chatty  : uid=1000(system) android.bg expire 9 lines
04-13 13:05:29.274  2743  2800 I chatty  : uid=1000(system) android.fg expire 1 line
04-13 13:05:29.274  2743  2805 I chatty  : uid=1000(system) PMS expire 1 line
04-13 13:05:30.128  2743  3002 I chatty  : uid=1000(system) NetworkStats expire 4 lines
04-13 13:05:30.161  2743  3003 I chatty  : uid=1000(system) NetworkPolicy expire 8 lines
04-13 13:05:30.171  2743  3039 I chatty  : uid=1000(system) WLD expire 3 lines
04-13 13:05:32.624  2562  2562 I wificond: Custom wireless event: PERF_LOCK freq=high cpu=2
04-13 13:05:35.616  2562  2562 I wificond: Custom wireless event: PERF_UNLOCK
04-13 13:05:54.180  2743  2774 I chatty  : uid=1000(system) android.bg expire 1 line
04-13 13:05:55.097  2743  5396 I chatty  : uid=1000(system) Binder:2743_14 expire 32 lines
04-13 13:05:55.104  2743  4063 I chatty  : uid=1000(system) Binder:2743_C expire 39 lines
04-13 13:06:29.268  2743  2743 I chatty  : uid=1000 system_server expire 6 lines
04-13 13:06:29.268  2743  2800 I chatty  : uid=1000(system) android.fg expire 1 line
04-13 13:06:29.270  2743  2805 I chatty  : uid=1000(system) PMS expire 1 line
04-13 13:06:54.300  2743  2994 I chatty  : uid=1000(system) AlarmManager expire 6 lines
04-13 13:06:54.364  2743  2777 I chatty  : uid=1000(system) android.ui expire 14 lines
04-13 13:06:54.374  2743 10736 I chatty  : uid=1000(system) Binder:2743_1C expire 21 lines
04-13 13:06:54.400  2743  2759 I chatty  : uid=1000(system) Binder:2743_2 expire 2 lines
04-13 13:06:54.403  2743  2743 I chatty  : uid=1000 system_server expire 9 lines
04-13 13:06:54.552  2743  4063 I chatty  : uid=1000(system) Binder:2743_C expire 15 lines
04-13 13:06:56.747  2743  4271 I chatty  : uid=1000(system) Binder:2743_12 expire 7 lines
--------- beginning of main
04-13 13:07:03.734  5443  5460 D FlowNodeReceiver: Sending NodeConnected Broadcast for device: 60:E3:AC:80:0B:72
04-13 13:07:03.735  3046  3485 I chatty  : uid=1002(bluetooth) bt_workqueue expire 369 lines
04-13 13:07:03.738  3046  3395 I chatty  : uid=1002(bluetooth) hci_thread expire 33 lines
04-13 13:07:03.739  3046  3397 I chatty  : uid=1002(bluetooth) HwBinder:3046_1 expire 40 lines
04-13 13:07:03.737  3046  3497 I chatty  : uid=1002(bluetooth) HeadsetStateMac expire 18 lines
04-13 13:07:03.744  2743  2743 I chatty  : uid=1000 system_server expire 9 lines
04-13 13:07:03.744  5475  5475 V BluetoothEventManager:Settings: Received android.bluetooth.headset.profile.action.CONNECTION_STATE_CHANGED
04-13 13:07:03.744  3079  3373 D CachedBluetoothDevice: onProfileStateChanged: profile HEADSET newProfileState 2
04-13 13:07:03.745  3268  3268 W System.err: java.lang.ClassNotFoundException: com.htc.content.HtcIntents
04-13 13:07:03.746  3268  3268 W System.err: 	at java.lang.Class.classForName(Native Method)
04-13 13:07:03.746  3268  3268 W System.err: 	at java.lang.Class.forName(Class.java:453)
04-13 13:07:03.746  3268  3268 W System.err: 	at java.lang.Class.forName(Class.java:378)
04-13 13:07:03.746  3268  3268 W System.err: 	at com.htc.lib3.wrap.intent.HtcIntents.getHtcIntents(HtcIntents.java:94)
04-13 13:07:03.746  3914  4944 I chatty  : uid=10024(u0_a24) WearableBtClien expire 1 line
04-13 13:07:03.746  3268  3268 W System.err: 	at com.htc.lib3.wrap.intent.HtcIntents.getFieldValue(HtcIntents.java:115)
04-13 13:07:03.746  3268  3268 W System.err: 	at com.htc.lib3.wrap.intent.HtcIntents.getString(HtcIntents.java:154)
04-13 13:07:03.746  3268  3268 W System.err: 	at com.android.phone.util.Constants.actionQucikBootPowerOn(Constants.java:392)
04-13 13:07:03.746  3268  3268 W System.err: 	at com.android.phone.HtcPhoneGlobals.htcProcessIntent(HtcPhoneGlobals.java:1391)
04-13 13:07:03.746  3268  3268 W System.err: 	at com.android.phone.PhoneGlobals$PhoneAppBroadcastReceiver.onReceive(PhoneGlobals.java:1704)
04-13 13:07:03.746  3268  3268 W System.err: 	at android.app.LoadedApk$ReceiverDispatcher$Args.lambda$-android_app_LoadedApk$ReceiverDispatcher$Args_53442(LoadedApk.java:1348)
04-13 13:07:03.746  3268  3268 W System.err: 	at android.app.-$Lambda$FilBqgnXJrN9Mgyks1XHeAxzSTk.$m$0(Unknown Source:4)
04-13 13:07:03.746  3268  3268 W System.err: 	at android.app.-$Lambda$FilBqgnXJrN9Mgyks1XHeAxzSTk.run(Unknown Source:0)
04-13 13:07:03.746  3268  3268 W System.err: 	at android.os.Handler.handleCallback(Handler.java:789)
04-13 13:07:03.746  3268  3268 W System.err: 	at android.os.Handler.dispatchMessage(Handler.java:98)
04-13 13:07:03.746  3268  3268 W System.err: 	at android.os.Looper.loop(Looper.java:180)
04-13 13:07:03.746  3268  3268 W System.err: 	at android.app.ActivityThread.main(ActivityThread.java:6944)
04-13 13:07:03.746  3268  3268 W System.err: 	at java.lang.reflect.Method.invoke(Native Method)
04-13 13:07:03.746  3268  3268 W System.err: 	at com.android.internal.os.Zygote$MethodAndArgsCaller.run(Zygote.java:240)
04-13 13:07:03.746  3268  3268 W System.err: 	at com.android.internal.os.ZygoteInit.main(ZygoteInit.java:835)
04-13 13:07:03.746  3268  3268 W System.err: Caused by: java.lang.ClassNotFoundException: Didn't find class "com.htc.content.HtcIntents" on path: DexPathList[[zip file "/system/priv-app/Telephony/Telephony.apk"],nativeLibraryDirectories=[/system/priv-app/Telephony/lib/arm64, /system/fake-libs64, /system/priv-app/Telephony/Telephony.apk!/lib/arm64-v8a, /system/lib64, /system/vendor/lib64, /system/lib64, /system/vendor/lib64]]
04-13 13:07:03.746  3268  3268 W System.err: 	at dalvik.system.BaseDexClassLoader.findClass(BaseDexClassLoader.java:93)
04-13 13:07:03.746  3268  3268 W System.err: 	at java.lang.ClassLoader.loadClass(ClassLoader.java:379)
04-13 13:07:03.747  3268  3268 W System.err: 	at java.lang.ClassLoader.loadClass(ClassLoader.java:312)
04-13 13:07:03.747  3268  3268 W System.err: 	... 19 more
04-13 13:07:03.747  3268  3268 E com.android.phone.util.Constants: com.htc.lib0.HDKLib0Util$HDKException: get Class HtcIntents==null
04-13 13:07:03.747  3046  3046 I chatty  : uid=1002(bluetooth) com.android.bluetooth expire 8 lines
04-13 13:07:03.747  3268  3268 W System.err: java.lang.ClassNotFoundException: com.htc.content.HtcIntents
04-13 13:07:03.747  3268  3268 W System.err: 	at java.lang.Class.classForName(Native Method)
04-13 13:07:03.747  3268  3268 W System.err: 	at java.lang.Class.forName(Class.java:453)
04-13 13:07:03.748  3268  3268 W System.err: 	at java.lang.Class.forName(Class.java:378)
04-13 13:07:03.748  3268  3268 W System.err: 	at com.htc.lib3.wrap.intent.HtcIntents.getHtcIntents(HtcIntents.java:94)
04-13 13:07:03.748  3268  3268 W System.err: 	at com.htc.lib3.wrap.intent.HtcIntents.getFieldValue(HtcIntents.java:115)
04-13 13:07:03.748  3268  3268 W System.err: 	at com.htc.lib3.wrap.intent.HtcIntents.getString(HtcIntents.java:154)
04-13 13:07:03.748  3268  3268 W System.err: 	at com.android.phone.util.Constants.actionQucikBootPowerOff(Constants.java:378)
04-13 13:07:03.748  3268  3268 W System.err: 	at com.android.phone.HtcPhoneGlobals.htcProcessIntent(HtcPhoneGlobals.java:1522)
04-13 13:07:03.748  3268  3268 W System.err: 	at com.android.phone.PhoneGlobals$PhoneAppBroadcastReceiver.onReceive(PhoneGlobals.java:1704)
04-13 13:07:03.748  3268  3268 W System.err: 	at android.app.LoadedApk$ReceiverDispatcher$Args.lambda$-android_app_LoadedApk$ReceiverDispatcher$Args_53442(LoadedApk.java:1348)
04-13 13:07:03.748  3268  3268 W System.err: 	at android.app.-$Lambda$FilBqgnXJrN9Mgyks1XHeAxzSTk.$m$0(Unknown Source:4)
04-13 13:07:03.748  3268  3268 W System.err: 	at android.app.-$Lambda$FilBqgnXJrN9Mgyks1XHeAxzSTk.run(Unknown Source:0)
04-13 13:07:03.748  3268  3268 W System.err: 	at android.os.Handler.handleCallback(Handler.java:789)
04-13 13:07:03.748  3268  3268 W System.err: 	at android.os.Handler.dispatchMessage(Handler.java:98)
04-13 13:07:03.748  3268  3268 W System.err: 	at android.os.Looper.loop(Looper.java:180)
04-13 13:07:03.748  3268  3268 W System.err: 	at android.app.ActivityThread.main(ActivityThread.java:6944)
04-13 13:07:03.755  2489  2662 D IAudioPolicyService: onTransact(), code=1
04-13 13:07:03.756  2489  2662 D AudioPolicyManagerCustom: setDeviceConnectionStateInt() device: 0x10, state 1, address 60:E3:AC:80:0B:72 name LG Urbane 3908
04-13 13:07:03.756  2489  2662 W AudioPolicyManagerCustom: setDeviceConnectionState() connecting device 10
04-13 13:07:03.756  2489  2662 V AudioPolicyService: AudioCommandThread() adding set parameter string 60:E3:AC:80:0B:72=;connect=16, io 0 ,delay 0
04-13 13:07:03.756  2489  2662 V AudioPolicyService: inserting command: 3 at index 0, num commands 0
04-13 13:07:03.756  2489  2658 V AudioPolicyService: AudioCommandThread() processing set parameters string 60:E3:AC:80:0B:72=;connect=16, io 0
04-13 13:07:03.756  3268  3268 W System.err: 	at java.lang.reflect.Method.invoke(Native Method)
04-13 13:07:03.756  2489  2658 V AudioFlg: setParameters(): io 0, keyvalue 60:E3:AC:80:0B:72=;connect=16, calling pid 2489
04-13 13:07:03.756  3268  3268 W System.err: 	at com.android.internal.os.Zygote$MethodAndArgsCaller.run(Zygote.java:240)
04-13 13:07:03.756  3268  3268 W System.err: 	at com.android.internal.os.ZygoteInit.main(ZygoteInit.java:835)
04-13 13:07:03.757  3268  3268 W System.err: Caused by: java.lang.ClassNotFoundException: Didn't find class "com.htc.content.HtcIntents" on path: DexPathList[[zip file "/system/priv-app/Telephony/Telephony.apk"],nativeLibraryDirectories=[/system/priv-app/Telephony/lib/arm64, /system/fake-libs64, /system/priv-app/Telephony/Telephony.apk!/lib/arm64-v8a, /system/lib64, /system/vendor/lib64, /system/lib64, /system/vendor/lib64]]
04-13 13:07:03.757  3268  3268 W System.err: 	at dalvik.system.BaseDexClassLoader.findClass(BaseDexClassLoader.java:93)
04-13 13:07:03.757  3268  3268 W System.err: 	at java.lang.ClassLoader.loadClass(ClassLoader.java:379)
04-13 13:07:03.757  3268  3268 W System.err: 	at java.lang.ClassLoader.loadClass(ClassLoader.java:312)
04-13 13:07:03.757  3268  3268 W System.err: 	... 19 more
04-13 13:07:03.757   690  1249 D audio_hw_primary: adev_set_parameters: enter: 60:E3:AC:80:0B:72=;connect=16
04-13 13:07:03.757   690  1249 D audio_hw_extn: audio_extn_set_anc_parameters: anc_enabled:0
04-13 13:07:03.757  3268  3268 E com.android.phone.util.Constants: com.htc.lib0.HDKLib0Util$HDKException: get Class HtcIntents==null
04-13 13:07:03.757   690  1249 D audio_hw_spkr_prot: audio_extn_fbsp_set_parameters: Speaker protection disabled
04-13 13:07:03.757  3268  3268 D HtcPhoneGlobals: ==> new state: 2
04-13 13:07:03.758   690  1369 D r_submix: adev_set_parameters: 60:E3:AC:80:0B:72=;connect=16
04-13 13:07:03.758  2489  2662 V APM_AudioPolicyManager: checkOutputsForDevice(): adding opened output 13
04-13 13:07:03.758  2489  2658 V AudioPolicyService: AudioCommandThread() going to sleep
04-13 13:07:03.758  2489  2662 V APM_AudioPolicyManager: checkOutputsForDevice(): adding opened output 21
04-13 13:07:03.758  2489  2662 V APM_AudioPolicyManager: checkOutputsForDevice(): adding profile 0 from module 0
04-13 13:07:03.759  2489  2662 V APM_AudioPolicyManager: checkOutputsForDevice(): adding profile 1 from module 0
04-13 13:07:03.759  2489  2662 V APM_AudioPolicyManager: checkOutputsForDevice(): adding profile 4 from module 0
04-13 13:07:03.759  2489  2662 V APM_AudioPolicyManager: checkOutputsForDevice(): adding profile 5 from module 0
04-13 13:07:03.759  2489  2662 V APM_AudioPolicyManager: checkOutputsForDevice(): adding profile 6 from module 0
04-13 13:07:03.759  2489  2662 V APM_AudioPolicyManager: checkOutputsForDevice(): adding profile 7 from module 0
04-13 13:07:03.759  2489  2662 V APM_AudioPolicyManager:   found 6 profiles, 2 outputs
04-13 13:07:03.759  2489  2662 V AudioPolicyManagerCustom: setDeviceConnectionState() checkOutputsForDevice() returned 2 outputs
04-13 13:07:03.759  2489  2662 V AudioPolicyService: AudioCommandThread() adding set parameter string bt_headset_cod=on, io 0 ,delay 0
04-13 13:07:03.759  5475  5475 V BluetoothEventManager:Settings: Received android.bluetooth.adapter.action.CONNECTION_STATE_CHANGED
04-13 13:07:03.759  2489  2662 V AudioPolicyService: inserting command: 3 at index 0, num commands 0
04-13 13:07:03.759  2489  2658 V AudioPolicyService: AudioCommandThread() processing set parameters string bt_headset_cod=on, io 0
04-13 13:07:03.759  2489  2658 V AudioFlg: setParameters(): io 0, keyvalue bt_headset_cod=on, calling pid 2489
04-13 13:07:03.759   690  1369 D audio_hw_primary: adev_set_parameters: enter: bt_headset_cod=on
04-13 13:07:03.759   690  1369 D audio_hw_extn: audio_extn_set_anc_parameters: anc_enabled:0
04-13 13:07:03.760   690  1369 D audio_hw_spkr_prot: audio_extn_fbsp_set_parameters: Speaker protection disabled
04-13 13:07:03.760   690  1369 I HTC Audio device: LOAD BT COD 1
04-13 13:07:03.760   690  1369 I HTC Audio device: Using default acoustic parameters (LG Urbane 3908 not in acoustic database)
04-13 13:07:03.760   690  1369 I HTC Audio device: LOAD BT ACDB, NREC 1, COD 1
04-13 13:07:03.760   690  1369 I HTC Audio device: LOAD BT ACDB, BT_NRECon
04-13 13:07:03.760   690  1369 D HTC Audio device: BT_ACDB_TABLE : Default setting, name[Default BT_NREC=0(off)] , tx[1420], rx[1520], id[0]
04-13 13:07:03.760   690  1369 D HTC Audio device: BT_ACDB_TABLE : Default setting, name[Default Carkit_NREC=1(on)] , tx[1027], rx[1127], id[1]
04-13 13:07:03.760   690  1369 D HTC Audio device: BT_ACDB_TABLE : Default setting, name[Default BT_NREC=1(on)] , tx[1001], rx[1101], id[2]
04-13 13:07:03.760   690  1369 D HTC Audio device: BT_ACDB_TABLE : Default setting, name[Default Car-kit_NREC=0(off)] , tx[1420], rx[1520], id[3]
04-13 13:07:03.760   690  1369 D HTC Audio device: BT_ACDB_TABLE : Current BT Name[LG Urbane 3908];  ACDB, tx[1001], rx[1101], id[2]
04-13 13:07:03.761   690  1735 D r_submix: adev_set_parameters: bt_headset_cod=on
04-13 13:07:03.761  3079  3373 D CachedBluetoothDevice: onProfileStateChanged: profile HEADSET newProfileState 2
04-13 13:07:03.761  2489  2658 V AudioPolicyService: AudioCommandThread() going to sleep
04-13 13:07:03.761  2489  2662 V AudioPolicyManagerCustom: checkOutputForStrategy(): policy related outputs
04-13 13:07:03.761  2489  2662 I chatty  : uid=1041(audioserver) Binder:2489_1 identical 21 lines
04-13 13:07:03.762  5475  5475 D UtilsDevicePolicyManager: isBluetoothPolicy:false
04-13 13:07:03.767  3046  3057 I chatty  : uid=1002(bluetooth) Binder:3046_1 expire 2 lines
04-13 13:07:03.768  2489  2662 D APM_AudioPolicyManager: HTC_volIndexToDb:htc_volume_table_type_t music 2 non_music 6 ringtone 0
04-13 13:07:03.768  2489  2662 V AudioPolicyManagerCustom: checkAndSetVolume() cannot set stream 6 volume with force use = 0 for comm
04-13 13:07:03.768  2489  2662 V APM_AudioPolicyManager: getNewOutputDevice() selected device 0
04-13 13:07:03.768  2489  2662 V APM_AudioPolicyManager: setOutputDevice() device 0000 delayMs 0
04-13 13:07:03.768  2743  3075 I chatty  : uid=1000(system) Binder:2743_3 expire 3 lines
04-13 13:07:03.768  2489  2662 V APM_AudioPolicyManager: setOutputDevice() prevDevice 0x10000
04-13 13:07:03.768  2489  2662 W APM_AudioPolicyManager: setOutputDevice() changing device 0000
04-13 13:07:03.768  2489  2662 V AudioPolicyManagerCustom: checkAndSetVolume() cannot set stream 6 volume with force use = 0 for comm
04-13 13:07:03.770  3079  3373 D BluetoothController:  isForbidden = false
04-13 13:07:03.771  2489  2662 D APM_AudioPolicyManager: updateEffectDevice enter
04-13 13:07:03.777  2489  1370 V AudioFlg: setParameters(): io 0, keyvalue bt_headset_name=LG Urbane 3908;bt_headset_nrec=on, calling pid 3046
04-13 13:07:03.777   690  1369 D audio_hw_primary: adev_set_parameters: enter: bt_headset_name=LG Urbane 3908;bt_headset_nrec=on
04-13 13:07:03.778   690  1369 D audio_hw_extn: audio_extn_set_anc_parameters: anc_enabled:0
04-13 13:07:03.778   690  1369 D audio_hw_spkr_prot: audio_extn_fbsp_set_parameters: Speaker protection disabled
04-13 13:07:03.778   690  1369 I HTC Audio device: LOAD BT NREC 1
04-13 13:07:03.778   690  1369 I HTC Audio device: Using default acoustic parameters (LG Urbane 3908 not in acoustic database)
04-13 13:07:03.778   690  1369 I HTC Audio device: LOAD BT ACDB, NREC 1, COD 1
04-13 13:07:03.778   690  1369 I HTC Audio device: LOAD BT ACDB, BT_NRECon
04-13 13:07:03.778   690  1369 D HTC Audio device: BT_ACDB_TABLE : Default setting, name[Default BT_NREC=0(off)] , tx[1420], rx[1520], id[0]
04-13 13:07:03.778   690  1369 D HTC Audio device: BT_ACDB_TABLE : Default setting, name[Default Carkit_NREC=1(on)] , tx[1027], rx[1127], id[1]
04-13 13:07:03.778   690  1369 D HTC Audio device: BT_ACDB_TABLE : Default setting, name[Default BT_NREC=1(on)] , tx[1001], rx[1101], id[2]
04-13 13:07:03.778   690  1369 D HTC Audio device: BT_ACDB_TABLE : Default setting, name[Default Car-kit_NREC=0(off)] , tx[1420], rx[1520], id[3]
04-13 13:07:03.778   690  1369 D HTC Audio device: BT_ACDB_TABLE : Current BT Name[LG Urbane 3908];  ACDB, tx[1001], rx[1101], id[2]
04-13 13:07:03.778   690  1369 I HTC Audio device: Using default acoustic parameters (LG Urbane 3908 not in acoustic database)
04-13 13:07:03.778   690  1369 I HTC Audio device: LOAD BT ACDB, NREC 1, COD 1
04-13 13:07:03.778   690  1369 I HTC Audio device: LOAD BT ACDB, BT_NRECon
04-13 13:07:03.778   690  1369 D HTC Audio device: BT_ACDB_TABLE : Default setting, name[Default BT_NREC=0(off)] , tx[1420], rx[1520], id[0]
04-13 13:07:03.778   690  1369 D HTC Audio device: BT_ACDB_TABLE : Default setting, name[Default Carkit_NREC=1(on)] , tx[1027], rx[1127], id[1]
04-13 13:07:03.778   690  1369 D HTC Audio device: BT_ACDB_TABLE : Default setting, name[Default BT_NREC=1(on)] , tx[1001], rx[1101], id[2]
04-13 13:07:03.778   690  1369 D HTC Audio device: BT_ACDB_TABLE : Default setting, name[Default Car-kit_NREC=0(off)] , tx[1420], rx[1520], id[3]
04-13 13:07:03.778   690  1369 D HTC Audio device: BT_ACDB_TABLE : Current BT Name[LG Urbane 3908];  ACDB, tx[1001], rx[1101], id[2]
04-13 13:07:03.779   690  1369 D r_submix: adev_set_parameters: bt_headset_name=LG Urbane 3908;bt_headset_nrec=on
04-13 13:07:03.779  5475  5475 D UtilsDevicePolicyManager: isBluetoothPolicy:false
04-13 13:07:03.783  3268  3279 I zygote64: JIT added (osr=false) java.lang.Object com.htc.lib3.wrap.intent.HtcIntents.getFieldValue(com.htc.lib3.wrap.intent.HtcIntents$FieldName)@0x9ca81038 ccache_size=372KB:  dcache_size=285KB: 0x9a51b840,0x9a51be04
04-13 13:07:03.784  3046  3059 I chatty  : uid=1002(bluetooth) Binder:3046_3 expire 2 lines
04-13 13:07:03.785  2489  2662 D APM_AudioPolicyManager: updateEffectDevice 2
04-13 13:07:03.785  2489  2662 V AudioPolicyService: AudioCommandThread() adding update audio port list
04-13 13:07:03.785  2489  2662 V AudioPolicyService: inserting command: 10 at index 0, num commands 0
04-13 13:07:03.785  2743  2799 I chatty  : uid=1000(system) FileObserver expire 2 lines
04-13 13:07:03.785  2489  2659 V AudioPolicyService: AudioCommandThread() processing update audio port list
04-13 13:07:03.786  2489  1370 D IAudioPolicyService: onTransact(), code=1
04-13 13:07:03.786  3268  3279 I zygote64: JIT added (osr=false) com.android.phone.PhoneGlobals com.android.phone.PhoneGlobals.getInstance()@0x9ca2ea28 ccache_size=373KB:  dcache_size=285KB: 0x9a51be30,0x9a51bff0
04-13 13:07:03.786  2489  1370 D AudioPolicyManagerCustom: setDeviceConnectionStateInt() device: 0x80000008, state 1, address 60:E3:AC:80:0B:72 name LG Urbane 3908
04-13 13:07:03.786  2489  2659 V AudioPolicyService: AudioCommandThread() going to sleep
04-13 13:07:03.786  2489  1370 V AudioPolicyService: AudioCommandThread() adding set parameter string 60:E3:AC:80:0B:72=;connect=-2147483640, io 0 ,delay 0
04-13 13:07:03.786  2489  1370 V AudioPolicyService: inserting command: 3 at index 0, num commands 0
04-13 13:07:03.786  2489  2658 V AudioPolicyService: AudioCommandThread() processing set parameters string 60:E3:AC:80:0B:72=;connect=-2147483640, io 0
04-13 13:07:03.786  2489  2658 V AudioFlg: setParameters(): io 0, keyvalue 60:E3:AC:80:0B:72=;connect=-2147483640, calling pid 2489
04-13 13:07:03.786  2743  3023 I chatty  : uid=1000(system) AudioService expire 2 lines
04-13 13:07:03.787   690  1369 D audio_hw_primary: adev_set_parameters: enter: 60:E3:AC:80:0B:72=;connect=-2147483640
04-13 13:07:03.787   690  1369 D audio_hw_extn: audio_extn_set_anc_parameters: anc_enabled:0
04-13 13:07:03.787   690  1369 W sound_trigger_hw: sound_trigger_hw_call_back: Unknown event 8
04-13 13:07:03.787   690  1369 D audio_hw_spkr_prot: audio_extn_fbsp_set_parameters: Speaker protection disabled
04-13 13:07:03.788   690  1249 D r_submix: adev_set_parameters: 60:E3:AC:80:0B:72=;connect=-2147483640
04-13 13:07:03.788  2489  2658 V AudioPolicyService: AudioCommandThread() going to sleep
04-13 13:07:03.788  5475  5475 V t       : setWidgetIconColorInForeground toggled is true; icon is com.android.internal.widget.PreferenceImageView{f55cf26 V.ED..... ......ID 0,16-100,116 #1020006 android:id/icon}
04-13 13:07:03.788  2489  1370 V APM_AudioPolicyManager: checkInputsForDevice(): adding profile 0 from module 0
04-13 13:07:03.788  2489  1370 V APM_AudioPolicyManager: opening input for device 0x80000008 with params 60:E3:AC:80:0B:72
04-13 13:07:03.788  2489  1370 V APM_AudioPolicyManager: opening inputput for device 80000008 with params 60:E3:AC:80:0B:72 profile 0xefe93880 name primary
04-13 13:07:03.789   690  1249 D audio_hw_primary: adev_open_input_stream: enter: sample_rate(96000) channel_mask(0xc) devices(0x80000008)        stream_handle(0xf404f600) io_handle(118) source(1) format 4
04-13 13:07:03.789   690  1249 D audio_hw_primary: adev_open_input_stream: Request 24bit recording
04-13 13:07:03.789   690  1249 W audio_hw_utils: audio_extn_utils_update_stream_input_app_type_cfg: App type could not be selected. Falling back to default
04-13 13:07:03.790  2489  1370 V AudioFlg: openInput_l() openInputStream returned input 0xefea3540, devices 80000008, SamplingRate 96000, Format 0x4, Channels c, flags 0, status 0 addr 60:E3:AC:80:0B:72
04-13 13:07:03.790  3079  3373 D BluetoothController:  isForbidden = false
04-13 13:07:03.792  5475  5475 D UtilsDevicePolicyManager: isBluetoothPolicy:false
04-13 13:07:03.792  2489  1370 V AudioFlg: openInput_l() created record thread: ID 118 thread 0xed203a80
04-13 13:07:03.794  2489  1370 V AudioPolicyService: AudioCommandThread() adding set parameter string 60:E3:AC:80:0B:72, io 118 ,delay 0
04-13 13:07:03.794  2489  1370 V AudioPolicyService: inserting command: 3 at index 0, num commands 0
04-13 13:07:03.794  2489  2658 V AudioPolicyService: AudioCommandThread() processing set parameters string 60:E3:AC:80:0B:72, io 118
04-13 13:07:03.794  2489  2658 V AudioFlg: setParameters(): io 118, keyvalue 60:E3:AC:80:0B:72, calling pid 2489
04-13 13:07:03.794  2489 11187 I AudioFlinger: AudioFlinger's thread 0xed203a80 tid=11187 ready to run
04-13 13:07:03.795   690  1249 D audio_hw_primary: in_standby: enter: stream (0xf404f600) usecase(16: audio-record)
04-13 13:07:03.795  3079  3373 D BluetoothController:  isForbidden = false
04-13 13:07:03.796  3079  3373 D BluetoothController:  isForbidden = false
04-13 13:07:03.797   690  1249 D audio_hw_primary: in_set_parameters: enter: kvpairs=60:E3:AC:80:0B:72=
04-13 13:07:03.797   690  1249 D audio_hw_primary: in_standby: enter: stream (0xf404f600) usecase(16: audio-record)
04-13 13:07:03.798  2743  4081 I chatty  : uid=1000(system) Binder:2743_E expire 2 lines
04-13 13:07:03.798  2489  2658 V AudioPolicyService: AudioCommandThread() going to sleep
04-13 13:07:03.798  2489  1370 V APM_AudioPolicyManager: checkInputsForDevice(): adding input 118
04-13 13:07:03.798  2489  1370 D AudioPolicyManagerCustom: closeAllInputAffectByTheDevice(): 118
04-13 13:07:03.798  2489  1370 V APM_AudioPolicyManager: closeInput(118)
04-13 13:07:03.798  2489  1370 V AudioFlg: closeInput() 118
04-13 13:07:03.801  3079  3373 D BluetoothController:  isForbidden = false
04-13 13:07:03.801  3046 10582 I chatty  : uid=1002(bluetooth) Binder:3046_9 expire 9 lines
04-13 13:07:03.802  2489  1370 V AudioPolicyService: AudioCommandThread() adding update audio port list
04-13 13:07:03.802  2489  1370 V AudioPolicyService: inserting command: 10 at index 0, num commands 0
04-13 13:07:03.802  2489  2659 V AudioPolicyService: AudioCommandThread() processing update audio port list
04-13 13:07:03.802  2489  2659 V AudioPolicyService: AudioCommandThread() going to sleep
04-13 13:07:03.804  2743  3006 I chatty  : uid=1000(system) WifiStateMachin expire 4 lines
04-13 13:07:03.804  2743  3359 I chatty  : uid=1000(system) BluetoothRouteM expire 1 line
04-13 13:07:03.805  2489  2662 D IAudioPolicyService: onTransact(), code=30
04-13 13:07:03.805  2489  2662 V APM_AudioPolicyManager: listAudioPorts() role 0 type 0 num_ports 0 ports 0xefe992d8
04-13 13:07:03.805  2743  3366 I chatty  : uid=1000(system) uteStateMachine expire 3 lines
04-13 13:07:03.805  2489  2662 V APM_AudioPolicyManager: listAudioPorts() got 0 ports needed 12
04-13 13:07:03.805  5475  5475 V DashboardAdapter: onPreferenceChange preference.getTitle()=Bluetooth
04-13 13:07:03.806  2489  2662 D IAudioPolicyService: onTransact(), code=30
04-13 13:07:03.806  2489  2662 V APM_AudioPolicyManager: listAudioPorts() role 0 type 0 num_ports 12 ports 0xeece7480
04-13 13:07:03.806  2489  2662 V APM_AudioPolicyManager: listAudioPorts() got 12 ports needed 12
04-13 13:07:03.807   690  1249 D audio_hw_primary: adev_close_input_stream: enter:stream_handle(0xf404f600)
04-13 13:07:03.807   690  1249 D audio_hw_primary: in_standby: enter: stream (0xf404f600) usecase(16: audio-record)
04-13 13:07:03.811  2489  2662 D IAudioPolicyService: onTransact(), code=34
04-13 13:07:03.814  2489  2662 D IAudioPolicyService: onTransact(), code=30
04-13 13:07:03.814  2489  2662 V APM_AudioPolicyManager: listAudioPorts() role 0 type 0 num_ports 0 ports 0xefe992d8
04-13 13:07:03.814  2489  2662 V APM_AudioPolicyManager: listAudioPorts() got 0 ports needed 12
04-13 13:07:03.814  2489  2662 D IAudioPolicyService: onTransact(), code=30
04-13 13:07:03.815  2489  2662 V APM_AudioPolicyManager: listAudioPorts() role 0 type 0 num_ports 12 ports 0xeece7480
04-13 13:07:03.815  2489  2662 V APM_AudioPolicyManager: listAudioPorts() got 12 ports needed 12
04-13 13:07:03.816  2489  2662 D IAudioPolicyService: onTransact(), code=34
04-13 13:07:03.822  3079  3079 I StatusBar: floatingMenu(showMenu:false hideMenu:false|false|true)
04-13 13:07:03.825  3079  3373 D BluetoothController:  isForbidden = false
04-13 13:07:03.833  5443  5451 D BluetoothSocket: close() this: android.bluetooth.BluetoothSocket@f8d079b, channel: 7, mSocketIS: android.net.LocalSocketImpl$SocketInputStream@43fa738, mSocketOS: android.net.LocalSocketImpl$SocketOutputStream@15d7311mSocket: android.net.LocalSocket@dff5c76 impl:android.net.LocalSocketImpl@d2a8277 fd:java.io.FileDescriptor@de3fee4, mSocketState: CONNECTED
04-13 13:07:03.834  5443  5451 D BluetoothSocket: close() this: android.bluetooth.BluetoothSocket@a152f4d, channel: 7, mSocketIS: android.net.LocalSocketImpl$SocketInputStream@1fcca02, mSocketOS: android.net.LocalSocketImpl$SocketOutputStream@dbacf13mSocket: android.net.LocalSocket@f542550 impl:android.net.LocalSocketImpl@6127349 fd:java.io.FileDescriptor@871844e, mSocketState: CONNECTED
04-13 13:07:03.843   696   696 D qdgralloc: ion: Allocated buffer size:901120 fd:8 handle:0x1
04-13 13:07:03.843   696   696 D qdgralloc: ion: Allocated buffer size:4096 fd:9 handle:0x2
04-13 13:07:03.844   696   696 D qdgralloc: ion: Freeing buffer base:0x0 size:901120 fd:8 handle:0x1
04-13 13:07:03.844   696   696 D qdgralloc: ion: Freeing buffer base:0x79827e5000 size:4096 fd:9 handle:0x2
04-13 13:07:03.844   696   696 D qdgralloc: ion: Unmapping buffer  base:0x79827e5000 size:4096
04-13 13:07:03.844   723  1581 D qdgralloc: ion: Mapped buffer base:0x7166899000 size:901120 offset:0 fd:60
04-13 13:07:03.845  3268  3268 D qdgralloc: ion: Mapped buffer base:0x76a8724000 size:901120 offset:0 fd:126
04-13 13:07:03.853  3079  3079 I StatusBar: floatingMenu(showMenu:false hideMenu:false|false|true)
04-13 13:07:03.872  3079  3079 I StatusBar: floatingMenu(showMenu:false hideMenu:false|false|true)
04-13 13:07:03.960  2743 10736 I chatty  : uid=1000(system) Binder:2743_1C expire 5 lines
04-13 13:07:03.961  2743  4262 I chatty  : uid=1000(system) Binder:2743_11 expire 42 lines
04-13 13:07:03.967  2743  4081 I chatty  : uid=1000(system) Binder:2743_E expire 8 lines
04-13 13:07:03.967  2743  4063 I chatty  : uid=1000(system) Binder:2743_C expire 27 lines
04-13 13:07:04.010  3914  4595 I chatty  : uid=10024(u0_a24) CloudNodeAdapte expire 14 lines
04-13 13:07:04.012  4111  4111 I WearableSRegistry: onConnectedNodes: [Node{LG Urbane 3908, id=a4783022, hops=1, isNearby=true}]
04-13 13:07:04.023  4111  4111 D ClockworkProxy: Found nearby node: a4783022
04-13 13:07:04.024  4111  4111 D ClockworkProxy: Send start request to handler thread by startProxyService
04-13 13:07:04.024  4111  4360 D ClockworkProxy: Start clockwork proxy TCP serving thread
04-13 13:07:04.026  4111  4360 D libc    : [NET] android_getaddrinfo_proxy get netid:0
04-13 13:07:04.033  4111  4360 D libc    : [NET] android_getaddrinfo_proxy-, success
04-13 13:07:04.034  4111  4360 D ClockworkProxy: Start clockwork proxy UDP relaying thread
04-13 13:07:04.035  4111  4360 D ClockworkProxy: Invalidated 0 streams after node state change.
04-13 13:07:04.045  3914  4480 I chatty  : uid=10024(u0_a24) highpool[0] expire 6 lines
04-13 13:07:04.048  3046  3167 I chatty  : uid=1002(bluetooth) BT Service Call expire 35 lines
04-13 13:07:04.053  2560 11196 D libc    : [NET] _dns_getaddrinfo+, netid:108, mark:917612
04-13 13:07:04.082  2743 10736 I chatty  : uid=1000(system) Binder:2743_1C expire 14 lines
04-13 13:07:04.098  4111  4316 I SettingsDataItemWriter: setDisableDoze: false false
04-13 13:07:04.103  4111  4316 E SettingsDataItemWriter: Failed to fetch data item wear://a4783022/settings/com.google.android.clockwork.settings.TILT_TO_WAKE/a4783022: Status{statusCode=SUCCESS, resolution=null}
04-13 13:07:04.108  4111  4316 E SettingsDataItemWriter: Failed to fetch data item wear://local/settings/com.google.android.clockwork.settings.TILT_TO_WAKE/a4783022: Status{statusCode=SUCCESS, resolution=null}
04-13 13:07:04.165  2560 11196 D libc    : [NET] _dns_getaddrinfo-, (NS_SUCCESS)
04-13 13:07:04.189  3914  3924 I chatty  : uid=10024(u0_a24) HeapTaskDaemon expire 1 line
04-13 13:07:04.198  3914  3922 I chatty  : uid=10024(u0_a24) FinalizerDaemon expire 10 lines
04-13 13:07:04.366  2743  2774 I chatty  : uid=1000(system) android.bg expire 4 lines
04-13 13:07:04.737  3914  4595 W Conscrypt: 	at libcore.io.ForwardingOs.setsockoptTimeval(ForwardingOs.java:173)
04-13 13:07:04.771  3914  4480 W SQLiteCursor: Close cursor android.database.sqlite.SQLiteCursor@325b8eb on null twice or more
04-13 13:07:04.771  3914  4480 W SQLiteCursor: java.lang.Exception
04-13 13:07:04.771  3914  4480 W SQLiteCursor: 	at android.database.sqlite.SQLiteCursor.close(SQLiteCursor.java:250)
04-13 13:07:04.771  3914  4480 W SQLiteCursor: 	at apbs.close(Unknown Source:2)
04-13 13:07:04.771  3914  4480 W SQLiteCursor: 	at apbi.b(:com.google.android.gms@12521021@12.5.21 (040400-189987672):43)
04-13 13:07:04.771  3914  4480 W SQLiteCursor: 	at aplg.a(:com.google.android.gms@12521021@12.5.21 (040400-189987672):9)
04-13 13:07:04.771  3914  4480 W SQLiteCursor: 	at apjy.run(:com.google.android.gms@12521021@12.5.21 (040400-189987672):10)
04-13 13:07:04.771  3914  4480 W SQLiteCursor: 	at java.util.concurrent.Executors$RunnableAdapter.call(Executors.java:457)
04-13 13:07:04.771  3914  4480 W SQLiteCursor: 	at java.util.concurrent.FutureTask.run(FutureTask.java:266)
04-13 13:07:04.771  3914  4480 W SQLiteCursor: 	at nsg.run(:com.google.android.gms@12521021@12.5.21 (040400-189987672):27)
04-13 13:07:04.771  3914  4480 W SQLiteCursor: 	at java.util.concurrent.ThreadPoolExecutor.runWorker(ThreadPoolExecutor.java:1162)
04-13 13:07:04.771  3914  4480 W SQLiteCursor: 	at java.util.concurrent.ThreadPoolExecutor$Worker.run(ThreadPoolExecutor.java:636)
04-13 13:07:04.771  3914  4480 W SQLiteCursor: 	at nya.run(Unknown Source:7)
04-13 13:07:04.771  3914  4480 W SQLiteCursor: 	at java.lang.Thread.run(Thread.java:764)
04-13 13:07:04.777  4111  4367 I DynRingVolController: silencing phone ringer.
04-13 13:07:04.823  3079  3370 I vol.Events: writeEvent suppressor_changed ComponentInfo{com.google.android.wearable.app/com.google.android.clockwork.stream.NotificationCollectorService} WearOS by Google
04-13 13:07:04.846  2743  4081 I chatty  : uid=1000(system) Binder:2743_E expire 5 lines
04-13 13:07:04.847  2489  2662 D IAudioPolicyService: onTransact(), code=25
04-13 13:07:04.848  2489  2662 D IAudioPolicyService: onTransact(), code=25
04-13 13:07:04.849  2489  2662 D IAudioPolicyService: onTransact(), code=25
04-13 13:07:05.781  3268  3268 D qdgralloc: ion: Freeing buffer base:0x76a8724000 size:901120 fd:126 handle:0x1
04-13 13:07:05.782  3268  3268 D qdgralloc: ion: Unmapping buffer  base:0x76a8724000 size:901120
04-13 13:07:05.782  3268  3268 D qdgralloc: ion: Freeing buffer base:0x0 size:4096 fd:127 handle:0x2
04-13 13:07:05.788  2743  2777 I chatty  : uid=1000(system) android.ui expire 2 lines
04-13 13:07:05.797   723   723 D qdgralloc: ion: Freeing buffer base:0x7166899000 size:901120 fd:60 handle:0xf
04-13 13:07:05.798   723   723 D qdgralloc: ion: Unmapping buffer  base:0x7166899000 size:901120
04-13 13:07:05.798   723   723 D qdgralloc: ion: Freeing buffer base:0x716dc54000 size:4096 fd:72 handle:0x10
04-13 13:07:05.798   723   723 D qdgralloc: ion: Unmapping buffer  base:0x716dc54000 size:4096
04-13 13:07:05.804  2743  2743 I chatty  : uid=1000 system_server expire 8 lines
04-13 13:07:05.808  3079  3079 I StatusBar: floatingMenu(showMenu:false hideMenu:false|false|true)
04-13 13:07:07.293  2743  2777 I chatty  : uid=1000(system) android.ui expire 2 lines
04-13 13:07:07.297  3079  3079 I StatusBar: floatingMenu(showMenu:false hideMenu:false|false|true)
04-13 13:07:08.118  2743  4271 I chatty  : uid=1000(system) Binder:2743_12 expire 15 lines
04-13 13:07:12.517  2743  4262 I chatty  : uid=1000(system) Binder:2743_11 expire 16 lines
04-13 13:07:12.967  3046  3485 I bt_rfcomm: 13:07:12.967 RFCOMM SENT    -    UIH dlci:15 [d:1, scn: 7] cr:1 pf:0 len:147 
04-13 13:07:13.015  4785  4785 I GCM     : Message from 745476177629
04-13 13:07:13.015  4785  4785 E GCM     : Dropping message to GMS from 745476177629 as no component is set
