04-13 13:15:34.347  3046  3397 I bt_hci  : 13:15:34.347 Parameters
04-13 13:15:34.347  3046  3397 I bt_hci  : 13:15:34.347                      Num HCI Cmd Packets : 1 (0x01)
04-13 13:15:34.347  3046  3397 I bt_hci  : 13:15:34.347                                 Cmd Code : 0xfd59  (HCI_BLE_ENERGY_INFO_OCF)
04-13 13:15:34.347  3046  3397 I bt_hci  : 13:15:34.347                        Return Parameters : 00 c1 21 00 00 ee 1d 01 00 bf 68 10 00 00 00 00 
04-13 13:15:34.347  3046  3397 I bt_hci  : 13:15:34.347                                       10 : 00 
04-13 13:15:34.347  3046  3397 I bt_hci  : 13:15:34.347 --
04-13 13:15:34.349  2743  4271 D PMS     : releaseWL(b8f303d): PARTIAL_WAKE_LOCK  bluetooth_timer 0x1 null 0x0
04-13 13:15:34.350  3046  3485 D bt_btif : energy_info_cb-Status:0,state=1,tx_t=8641, rx_t=73198, idle_time=1075391,used=0
04-13 13:15:34.350  3046  3485 D bt_btif : btif_transfer_context event 28, len 40
04-13 13:15:34.350  3046  3167 D bt_btif : btif_context_switched
04-13 13:15:34.350  3046  3167 I bt_btif : btif_dm_upstreams_evt: ev: BTA_DM_ENER_INFO_READ
04-13 13:15:34.350  3046  3167 I bt_btif : HAL bt_hal_cbacks->energy_info_cb
04-13 13:15:34.354  2743  2780 E BatSS   : no controller energy info supplied
04-13 13:15:34.400  2743  4271 D PMS     : acquireWL(8d85032): PARTIAL_WAKE_LOCK  RILJ_ACK_WL 0x1 3268 1001 null
04-13 13:15:34.443  3268  3268 D HtcBuildUtils: [SWITCH_PHONE] - supportSwitchPhoneByAOSP = true
04-13 13:15:34.608  2743  4271 D PMS     : releaseWL(8d85032): PARTIAL_WAKE_LOCK  RILJ_ACK_WL 0x1 null 0x0
04-13 13:15:35.410  2743  4271 D PMS     : acquireWL(5359183): PARTIAL_WAKE_LOCK  RILJ_ACK_WL 0x1 3268 1001 null
04-13 13:15:35.615  2743  4271 D PMS     : releaseWL(5359183): PARTIAL_WAKE_LOCK  RILJ_ACK_WL 0x1 null 0x0
04-13 13:15:36.656  2743  4271 D PMS     : acquireWL(8770f00): PARTIAL_WAKE_LOCK  RILJ_ACK_WL 0x1 3268 1001 null
04-13 13:15:36.661  2743  3075 D PMS     : acquireWL(8770f00): PARTIAL_WAKE_LOCK  RILJ_ACK_WL 0x1 3268 1001 null
04-13 13:15:36.666  2743  3075 D PMS     : acquireWL(8770f00): PARTIAL_WAKE_LOCK  RILJ_ACK_WL 0x1 3268 1001 null
04-13 13:15:36.871  2743  3075 D PMS     : releaseWL(8770f00): PARTIAL_WAKE_LOCK  RILJ_ACK_WL 0x1 null 0x0
04-13 13:15:37.667  2743  3075 D PMS     : acquireWL(b439339): PARTIAL_WAKE_LOCK  RILJ_ACK_WL 0x1 3268 1001 null
04-13 13:15:37.872  2743  3075 D PMS     : releaseWL(b439339): PARTIAL_WAKE_LOCK  RILJ_ACK_WL 0x1 null 0x0
04-13 13:15:44.745   711   798 E PNP_UPDATERD: inotify_add_watch failed. (No such file or directory)
04-13 13:15:49.741  2743  3075 D PMS     : acquireWL(9b73d7e): PARTIAL_WAKE_LOCK  RILJ_ACK_WL 0x1 3268 1001 null
04-13 13:15:49.750  2743  4271 D PMS     : acquireWL(9b73d7e): PARTIAL_WAKE_LOCK  RILJ_ACK_WL 0x1 3268 1001 null
04-13 13:15:49.790  3268  3268 D HtcBuildUtils: [SWITCH_PHONE] - supportSwitchPhoneByAOSP = true
04-13 13:15:49.956  2743  4271 D PMS     : releaseWL(9b73d7e): PARTIAL_WAKE_LOCK  RILJ_ACK_WL 0x1 null 0x0
04-13 13:15:50.756  2743  4271 D PMS     : acquireWL(535c2df): PARTIAL_WAKE_LOCK  RILJ_ACK_WL 0x1 3268 1001 null
04-13 13:15:50.962  2743  4271 D PMS     : releaseWL(535c2df): PARTIAL_WAKE_LOCK  RILJ_ACK_WL 0x1 null 0x0
04-13 13:15:51.680  2743  4271 D PMS     : acquireWL(be1b2c): PARTIAL_WAKE_LOCK  RILJ_ACK_WL 0x1 3268 1001 null
04-13 13:15:51.688  2743  3075 D PMS     : acquireWL(be1b2c): PARTIAL_WAKE_LOCK  RILJ_ACK_WL 0x1 3268 1001 null
04-13 13:15:51.694  2743  3075 D PMS     : acquireWL(be1b2c): PARTIAL_WAKE_LOCK  RILJ_ACK_WL 0x1 3268 1001 null
04-13 13:15:51.898  2743  4271 D PMS     : releaseWL(be1b2c): PARTIAL_WAKE_LOCK  RILJ_ACK_WL 0x1 null 0x0
04-13 13:15:52.694  2743  4271 D PMS     : acquireWL(d4129f5): PARTIAL_WAKE_LOCK  RILJ_ACK_WL 0x1 3268 1001 null
04-13 13:15:52.898  2743  4271 D PMS     : releaseWL(d4129f5): PARTIAL_WAKE_LOCK  RILJ_ACK_WL 0x1 null 0x0
04-13 13:15:53.514  2743  4271 D PMS     : acquireWL(805b38a): PARTIAL_WAKE_LOCK  RILJ_ACK_WL 0x1 3268 1001 null
04-13 13:15:53.521  2743  4271 I chatty  : uid=1000(system) Binder:2743_12 identical 1 line
04-13 13:15:53.530  2743  4271 D PMS     : acquireWL(805b38a): PARTIAL_WAKE_LOCK  RILJ_ACK_WL 0x1 3268 1001 null
04-13 13:15:53.733  2743  3075 D PMS     : releaseWL(805b38a): PARTIAL_WAKE_LOCK  RILJ_ACK_WL 0x1 null 0x0
04-13 13:15:54.527  2743  3075 D PMS     : acquireWL(dddadfb): PARTIAL_WAKE_LOCK  RILJ_ACK_WL 0x1 3268 1001 null
04-13 13:15:54.731  2743  3075 D PMS     : releaseWL(dddadfb): PARTIAL_WAKE_LOCK  RILJ_ACK_WL 0x1 null 0x0
04-13 13:15:55.687  2743  3075 D PMS     : acquireWL(d87be18): PARTIAL_WAKE_LOCK  RILJ_ACK_WL 0x1 3268 1001 null
04-13 13:15:55.692  2743  4271 D PMS     : acquireWL(d87be18): PARTIAL_WAKE_LOCK  RILJ_ACK_WL 0x1 3268 1001 null
04-13 13:15:55.697  2743  3075 D PMS     : acquireWL(d87be18): PARTIAL_WAKE_LOCK  RILJ_ACK_WL 0x1 3268 1001 null
04-13 13:15:55.901  2743  3075 D PMS     : releaseWL(d87be18): PARTIAL_WAKE_LOCK  RILJ_ACK_WL 0x1 null 0x0
04-13 13:15:56.700  2743  3075 D PMS     : acquireWL(d477071): PARTIAL_WAKE_LOCK  RILJ_ACK_WL 0x1 3268 1001 null
04-13 13:15:56.904  2743  3075 D PMS     : releaseWL(d477071): PARTIAL_WAKE_LOCK  RILJ_ACK_WL 0x1 null 0x0
04-13 13:16:06.042  2743  3075 D PMS     : acquireWL(4137e56): PARTIAL_WAKE_LOCK  RILJ_ACK_WL 0x1 3268 1001 null
04-13 13:16:06.075  3079  3079 D TelephonyCallback: DataActivity: 0
04-13 13:16:06.087  3268  3685 D PhoneInterfaceManager: [PhoneIntfMgr] getDataEnabled: subId=1 phoneId=0
04-13 13:16:06.087  3268  3685 D PhoneInterfaceManager: [PhoneIntfMgr] getDataEnabled: subId=1 retVal=true
04-13 13:16:06.088  3079  3079 D DATA_ICON: dataConnected: true/true  mMobileDataEnabled : true
04-13 13:16:06.089  3079  3079 D StatusBar.NetworkController: dumpIcon[stat_sys_data_connected_4g stat_sys_5signal_5|null (gone) (gone) F]
04-13 13:16:06.089  3079  3079 D TelephonyCallback: DataActivity: 4
04-13 13:16:06.093  3268  3685 D PhoneInterfaceManager: [PhoneIntfMgr] getDataEnabled: subId=1 phoneId=0
04-13 13:16:06.093  3268  3685 D PhoneInterfaceManager: [PhoneIntfMgr] getDataEnabled: subId=1 retVal=true
04-13 13:16:06.093  3079  3079 D DATA_ICON: dataConnected: true/true  mMobileDataEnabled : true
04-13 13:16:06.093  3079  3079 D StatusBar.NetworkController: dumpIcon[stat_sys_data_connected_4g stat_sys_5signal_5|null (gone) (gone) F]
04-13 13:16:06.247  2743  3075 D PMS     : releaseWL(4137e56): PARTIAL_WAKE_LOCK  RILJ_ACK_WL 0x1 null 0x0
04-13 13:16:08.138  2743  3075 D PMS     : acquireWL(94f2ed7): PARTIAL_WAKE_LOCK  RILJ_ACK_WL 0x1 3268 1001 null
04-13 13:16:08.160  2743  3075 I chatty  : uid=1000(system) Binder:2743_3 identical 1 line
04-13 13:16:08.167  2743  3075 D PMS     : acquireWL(94f2ed7): PARTIAL_WAKE_LOCK  RILJ_ACK_WL 0x1 3268 1001 null
04-13 13:16:08.169  2743  4271 D PMS     : acquireWL(94f2ed7): PARTIAL_WAKE_LOCK  RILJ_ACK_WL 0x1 3268 1001 null
04-13 13:16:08.173  3079  3079 D TelephonyCallback: DataActivity: 4
04-13 13:16:08.175  3268  3685 D PhoneInterfaceManager: [PhoneIntfMgr] getDataEnabled: subId=1 phoneId=0
04-13 13:16:08.175  3268  3685 D PhoneInterfaceManager: [PhoneIntfMgr] getDataEnabled: subId=1 retVal=true
04-13 13:16:08.176  3079  3079 D DATA_ICON: dataConnected: true/true  mMobileDataEnabled : true
04-13 13:16:08.176  3079  3079 D StatusBar.NetworkController: dumpIcon[stat_sys_data_connected_4g stat_sys_5signal_5|null (gone) (gone) F]
04-13 13:16:08.184  3079  3079 D TelephonyCallback: DataActivity: 0
04-13 13:16:08.192  3268  3685 D PhoneInterfaceManager: [PhoneIntfMgr] getDataEnabled: subId=1 phoneId=0
04-13 13:16:08.192  3268  3685 D PhoneInterfaceManager: [PhoneIntfMgr] getDataEnabled: subId=1 retVal=true
04-13 13:16:08.193  3079  3079 D DATA_ICON: dataConnected: true/true  mMobileDataEnabled : true
04-13 13:16:08.193  3079  3079 D StatusBar.NetworkController: dumpIcon[stat_sys_data_connected_4g stat_sys_5signal_5|null (gone) (gone) F]
04-13 13:16:08.214  3079  3079 D TelephonyCallback: DataActivity: 0
04-13 13:16:08.217  3268  3685 D PhoneInterfaceManager: [PhoneIntfMgr] getDataEnabled: subId=1 phoneId=0
04-13 13:16:08.218  3268  3685 D PhoneInterfaceManager: [PhoneIntfMgr] getDataEnabled: subId=1 retVal=true
04-13 13:16:08.219  3079  3079 D DATA_ICON: dataConnected: true/true  mMobileDataEnabled : true
04-13 13:16:08.219  3079  3079 D StatusBar.NetworkController: dumpIcon[stat_sys_data_connected_4g stat_sys_5signal_5|null (gone) (gone) F]
04-13 13:16:08.221  3079  3079 D TelephonyCallback: DataActivity: 0
04-13 13:16:08.224  3268  3685 D PhoneInterfaceManager: [PhoneIntfMgr] getDataEnabled: subId=1 phoneId=0
04-13 13:16:08.224  3268  3685 D PhoneInterfaceManager: [PhoneIntfMgr] getDataEnabled: subId=1 retVal=true
04-13 13:16:08.225  3079  3079 D DATA_ICON: dataConnected: true/true  mMobileDataEnabled : true
04-13 13:16:08.225  3079  3079 D StatusBar.NetworkController: dumpIcon[stat_sys_data_connected_4g stat_sys_5signal_5|null (gone) (gone) F]
04-13 13:16:08.228  3268  3268 D HtcBuildUtils: [SWITCH_PHONE] - supportSwitchPhoneByAOSP = true
04-13 13:16:08.404  2743  3075 D PMS     : releaseWL(94f2ed7): PARTIAL_WAKE_LOCK  RILJ_ACK_WL 0x1 null 0x0
04-13 13:16:09.165  2743  3075 D PMS     : acquireWL(846a3c4): PARTIAL_WAKE_LOCK  RILJ_ACK_WL 0x1 3268 1001 null
04-13 13:16:09.371  2743  3075 D PMS     : releaseWL(846a3c4): PARTIAL_WAKE_LOCK  RILJ_ACK_WL 0x1 null 0x0
04-13 13:16:15.192  2743  2994 D AlarmManager: sending alarm PendingIntent{57a1cd: PendingIntentRecord{cdcc593 android broadcastIntent}}, i=android.intent.action.TIME_TICK, t=3, cnt=1, w=90231300, Int=0, ws=null
04-13 13:16:15.194  2743  2994 D PMS     : acquireWL(16129e2): PARTIAL_WAKE_LOCK  *alarm* 0x40000001 2743 1000 WorkSource{1000}
04-13 13:16:15.219  2743  2994 D AlarmManager: sending alarm PendingIntent{2384977: PendingIntentRecord{163b9e4 com.google.android.gms startService}}, i=com.google.android.location.reporting.service.action.ULR_BLE_SCAN_ALARM, t=2, cnt=1, w=90083707, Int=600000, ws=WorkSource{10024 com.google.android.gms}
04-13 13:16:15.221   700   700 W memtrack@1.0-se: type=1400 audit(0.0:19547): avc: denied { search } for name="proc" dev="debugfs" ino=14891 scontext=u:r:hal_memtrack_default:s0 tcontext=u:object_r:qti_debugfs:s0 tclass=dir permissive=0
04-13 13:16:15.236  2743  2994 W ActivityManager: Unable to start service Intent { act=com.alibaba.aliexpresshd.intent.action.COCKROACH flg=0x4 (has extras) } U=0: not found
04-13 13:16:15.236  2743  2994 D AlarmManager: sending alarm PendingIntent{404eeb9: PendingIntentRecord{2ec32fe com.alibaba.aliexpresshd startService}}, i=com.alibaba.aliexpresshd.intent.action.COCKROACH, t=2, cnt=1, w=90089923, Int=2500000, ws=null
04-13 13:16:15.238  2743  2994 D AlarmManager: sending alarm PendingIntent{cec3830: PendingIntentRecord{718fe6c com.google.android.gms broadcastIntent}}, i=null, t=3, cnt=1, w=90245185, Int=0, ws=WorkSource{10024 com.google.android.gms}
04-13 13:16:15.239  2743  2994 D AlarmManager: sending alarm PendingIntent{ed2bca9: PendingIntentRecord{3a89af1 com.htc.android.mail broadcastIntent}}, i=com.htc.android.mail.intent.action.MAIL_SERVICE_WAKEUP, t=2, cnt=1, w=90246489, Int=0, ws=null
04-13 13:16:15.254  2743  2994 D AlarmManager: sending alarm PendingIntent{46aaa92: PendingIntentRecord{4f4c63 com.emoji.keyboard.touchpal.oem broadcastIntent}}, i=com.emoji.keyboard.touchpal.oem.INTERNAL_ACTION.auto_update, t=1, cnt=1, w=1523603579762, Int=3600000, ws=null
04-13 13:16:15.255  2743  2994 D AlarmManager: sending alarm PendingIntent{29be060: PendingIntentRecord{4fbf919 com.emoji.keyboard.touchpal.oem broadcastIntent}}, i=com.emoji.keyboard.touchpal.oem.INTERNAL_ACTION.noah_invest_temp, t=1, cnt=1, w=1523603579764, Int=1800000, ws=null
04-13 13:16:15.256  2743  3075 D PMS     : acquireWL(314a75c): PARTIAL_WAKE_LOCK  BleScanner_WakeLock 0x1 3914 10024 WorkSource{10024 com.google.android.gms}
04-13 13:16:15.257  3914 11234 I GCoreUlr: Starting BLE scan: mode: 2
04-13 13:16:15.261 10784 10784 D MailCommon: [isInIgnoreBatteryOptimizationList] isIgnore = true, in power saving mode = false, isEasAccountPushType = false
04-13 13:16:15.271  3914  3914 I BeaconBle: Client requested scan, settings=BleSettings [scanMode=LOW_LATENCY, callbackType=ALL_MATCHES, reportDelayMillis=0, 2 filters, 0 clients, callingClientName=ULR]
04-13 13:16:15.287  2743  4064 D PMS     : acquireWL(e6bcf92): PARTIAL_WAKE_LOCK  MailServicePowerLock_0 0x1 10809 10046 null
04-13 13:16:15.289  2743 10736 D NetworkPolicy: uid 10046 is allowed by default
04-13 13:16:15.294  3914  3914 I BeaconBle: 'L' hardware scan: 6 filters, scanMode=2, reportdelay=0, callback type=1, #clients=2, workSource=WorkSource{}
04-13 13:16:15.302  3914  3914 I BeaconBle: Starting scan on OS scanner. BT state: 12
04-13 13:16:15.303  3914  3914 D BluetoothAdapter: isLeEnabled(): ON
04-13 13:16:15.307  3046  3485 I bt_att  : GATT_Register
04-13 13:16:15.307  3046  3485 D bt_att  : UUID=[0x84116169422ad0435f6704b8de349867]
04-13 13:16:15.307  3046  3485 I bt_att  : GATT_Register: allocated gatt_if=5
04-13 13:16:15.307  3046  3485 I bt_att  : GATT_StartIf gatt_if=5
04-13 13:16:15.307  3046  3485 D bt_att  : gatt_find_the_connected_bda start_idx=0
04-13 13:16:15.308  3046  3485 D bt_att  : gatt_find_the_connected_bda found=0 found_idx=7
04-13 13:16:15.308  3914  4715 D BluetoothLeScanner: onScannerRegistered() - status=0 scannerId=5 mScannerId=0
04-13 13:16:15.318  3046  3390 D bt_btif : ScanFilterEnable: enable: 1
04-13 13:16:15.318  3046  3395 I bt_hci  : 13:16:15.318 --
04-13 13:16:15.319  3046  3395 I bt_hci  : 13:16:15.319 SENT Command to HCI. Name: HCI_BLE_ADV_FILTER_OCF  (Hex Code: 0xfd57  Param Len: 2) Ctrl(0)
04-13 13:16:15.319  3046  3395 I bt_hci  : 13:16:15.319 Parameters 
04-13 13:16:15.319  3046  3395 I bt_hci  : 13:16:15.319                     LE Meta VSC Sub Code : 0 (LE Enable ADV PCF)
04-13 13:16:15.319  3046  3395 I bt_hci  : 13:16:15.319 BTM_BLE_META_PF_ENABLE(1: enable, 0: disable) : 1 (0x01)
04-13 13:16:15.319  3046  3395 I bt_hci  : 13:16:15.319 --
04-13 13:16:15.320  2743 10736 D PMS     : acquireWL(7560d60): PARTIAL_WAKE_LOCK  bluetooth_timer 0x1 3046 1002 null
04-13 13:16:15.321  3062  3062 I g       : /data/user/0/com.emoji.keyboard.touchpal.oem/files/v5701/assets_dir/assets/TouchPalResources.tprc don't exists
04-13 13:16:15.322  3062  3062 I g       : /data/user/0/com.emoji.keyboard.touchpal.oem/files/v5701/assets_dir/assets/TouchPalResources.tprc don't exists
04-13 13:16:15.323  3046  3397 I bt_hci  : 13:16:15.323 --
04-13 13:16:15.323  3046  3397 I bt_hci  : 13:16:15.323 RCVD Event from HCI. Name: HCI_Command_Complete  (Hex Code: 0x0e  Param Len: 6) Ctrl(0)
04-13 13:16:15.323  3046  3397 I bt_hci  : 13:16:15.323 Parameters
04-13 13:16:15.323  3046  3397 I bt_hci  : 13:16:15.323                      Num HCI Cmd Packets : 1 (0x01)
04-13 13:16:15.323  3046  3397 I bt_hci  : 13:16:15.323                                 Cmd Code : 0xfd57  (HCI_BLE_ADV_FILTER_OCF)
04-13 13:16:15.323  3046  3397 I bt_hci  : 13:16:15.323                                   Status : Success (0x00)
04-13 13:16:15.323  3046  3397 I bt_hci  : 13:16:15.323                     LE Meta VSC Sub Code : 0 (LE Enable ADV PCF)
04-13 13:16:15.323  3046  3397 I bt_hci  : 13:16:15.323 BTM_BLE_META_PF_ENABLE(1: enable, 0: disable) : 1 (0x01)
04-13 13:16:15.323  3046  3397 I bt_hci  : 13:16:15.323 --
04-13 13:16:15.324  2743 10736 D PMS     : releaseWL(7560d60): PARTIAL_WAKE_LOCK  bluetooth_timer 0x1 null 0x0
04-13 13:16:15.324  3046  3485 D bt_hci  : command complete for: BTM_BleEnableDisableFilterFeature@system/bt_brcm/stack/btm/btm_ble_adv_filter.cc:810
04-13 13:16:15.325  3046  3390 D bt_btif : ScanFilterAddRemove, 0, 5
04-13 13:16:15.325  3046  3395 I bt_hci  : 13:16:15.325 --
04-13 13:16:15.325  3046  3395 I bt_hci  : 13:16:15.325 SENT Command to HCI. Name: HCI_BLE_ADV_FILTER_OCF  (Hex Code: 0xfd57  Param Len: 11) Ctrl(0)
04-13 13:16:15.325  3046  3395 I bt_hci  : 13:16:15.325 Parameters 
04-13 13:16:15.325  3046  3395 I bt_hci  : 13:16:15.325                     LE Meta VSC Sub Code : 6 (LE_ADV_PCF Manufacturer Data)
04-13 13:16:15.325  3046  3395 I bt_hci  : 13:16:15.325                                   Action: Write/Add
04-13 13:16:15.326  3046  3395 I bt_hci  : 13:16:15.326                             Filter Index : 21 (0x15)
04-13 13:16:15.326  3046  3395 I bt_hci  : 13:16:15.326                        Manufacturer Data : e0 00 00 10 
04-13 13:16:15.326  3046  3395 I bt_hci  : 13:16:15.326                        Manufacturer Mask : ff ff 00 ff 
04-13 13:16:15.326  3046  3395 I bt_hci  : 13:16:15.326 --
04-13 13:16:15.327  2743  4081 D PMS     : acquireWL(ff72219): PARTIAL_WAKE_LOCK  bluetooth_timer 0x1 3046 1002 null
04-13 13:16:15.328  3046  3397 I bt_hci  : 13:16:15.328 --
04-13 13:16:15.328  3046  3397 I bt_hci  : 13:16:15.328 RCVD Event from HCI. Name: HCI_Command_Complete  (Hex Code: 0x0e  Param Len: 7) Ctrl(0)
04-13 13:16:15.328  3046  3397 I bt_hci  : 13:16:15.328 Parameters
04-13 13:16:15.328  3046  3397 I bt_hci  : 13:16:15.328                      Num HCI Cmd Packets : 1 (0x01)
04-13 13:16:15.328  3046  3397 I bt_hci  : 13:16:15.328                                 Cmd Code : 0xfd57  (HCI_BLE_ADV_FILTER_OCF)
04-13 13:16:15.328  3046  3397 I bt_hci  : 13:16:15.328                                   Status : Success (0x00)
04-13 13:16:15.328  3046  3397 I bt_hci  : 13:16:15.328                     LE Meta VSC Sub Code : 6 (LE_ADV_PCF Manufacturer Data)
04-13 13:16:15.328  3046  3397 I bt_hci  : 13:16:15.328                                   Action: Write/Add
04-13 13:16:15.329  3046  3397 I bt_hci  : 13:16:15.328                           Available Spot : 47 (0x2f)
04-13 13:16:15.329  3046  3397 I bt_hci  : 13:16:15.329 --
04-13 13:16:15.333  2743  4063 D PMS     : releaseWL(ff72219): PARTIAL_WAKE_LOCK  bluetooth_timer 0x1 null 0x0
04-13 13:16:15.334  3046  3485 D bt_hci  : command complete for: BTM_LE_PF_manu_data@system/bt_brcm/stack/btm/btm_ble_adv_filter.cc:403
04-13 13:16:15.334  3046  3390 D bt_btif : ScanFilterParamSetup
04-13 13:16:15.335  3046  3395 I bt_hci  : 13:16:15.335 --
04-13 13:16:15.335  3046  3395 I bt_hci  : 13:16:15.335 SENT Command to HCI. Name: HCI_BLE_ADV_FILTER_OCF  (Hex Code: 0xfd57  Param Len: 18) Ctrl(0)
04-13 13:16:15.335  3046  3395 I bt_hci  : 13:16:15.335 Parameters 
04-13 13:16:15.335  3046  3395 I bt_hci  : 13:16:15.335                     LE Meta VSC Sub Code : 1 (LE_ADV_PCF Feature Selection)
04-13 13:16:15.335  3046  3395 I bt_hci  : 13:16:15.335                                   Action: Write/Add
04-13 13:16:15.335  3046  3395 I bt_hci  : 13:16:15.335                             Filter Index : 21 (0x15)
04-13 13:16:15.335  3046  3395 I bt_hci  : 13:16:15.335                ADV PCF Feature Selection : 32 (0x0020)
04-13 13:16:15.335  3046  3395 I bt_hci  : 13:16:15.335                                          : Manufacturer Data filter
04-13 13:16:15.335  3046  3395 I bt_hci  : 13:16:15.335                          List Logic Type : 4369 (0x1111)
04-13 13:16:15.335  3046  3395 I bt_hci  : 13:16:15.335                             Logical Type: AND
04-13 13:16:15.335  3046  3395 I bt_hci  : 13:16:15.335                         RSSI High Thresh : 128 (0x80)
04-13 13:16:15.335  3046  3395 I bt_hci  : 13:16:15.335 Delivery Mode(00: Immediate; 1:on_found; 2: bacthed) : 0 (0x00)
04-13 13:16:15.335  3046  3395 I bt_hci  : 13:16:15.335                         On Found Timeout : 0 (0x0000)
04-13 13:16:15.335  3046  3395 I bt_hci  : 13:16:15.335                   On Found Timeout Count : 0 (0x00)
04-13 13:16:15.335  3046  3395 I bt_hci  : 13:16:15.335                          RSSI Low Thresh : 0 (0x00)
04-13 13:16:15.335  3046  3395 I bt_hci  : 13:16:15.335                          On Lost Timeout : 0 (0x0000)
04-13 13:16:15.335  3046  3395 I bt_hci  : 13:16:15.335                  Num of Tracking Entries : 0 (0x0000)
04-13 13:16:15.335  3046  3395 I bt_hci  : 13:16:15.335 --
04-13 13:16:15.336  3046  3397 I bt_hci  : 13:16:15.336 --
04-13 13:16:15.336  3046  3397 I bt_hci  : 13:16:15.336 RCVD Event from HCI. Name: HCI_Command_Complete  (Hex Code: 0x0e  Param Len: 7) Ctrl(0)
04-13 13:16:15.336  3046  3397 I bt_hci  : 13:16:15.336 Parameters
04-13 13:16:15.336  3046  3397 I bt_hci  : 13:16:15.336                      Num HCI Cmd Packets : 1 (0x01)
04-13 13:16:15.336  3046  3397 I bt_hci  : 13:16:15.336                                 Cmd Code : 0xfd57  (HCI_BLE_ADV_FILTER_OCF)
04-13 13:16:15.336  3046  3397 I bt_hci  : 13:16:15.336                                   Status : Success (0x00)
04-13 13:16:15.336  3046  3397 I bt_hci  : 13:16:15.336                     LE Meta VSC Sub Code : 1 (LE_ADV_PCF Feature Selection)
04-13 13:16:15.336  3046  3397 I bt_hci  : 13:16:15.336                                   Action: Write/Add
04-13 13:16:15.336  3046  3397 I bt_hci  : 13:16:15.336                           Available Spot : 31 (0x1f)
04-13 13:16:15.336  3046  3397 I bt_hci  : 13:16:15.336 --
04-13 13:16:15.338  2743  3075 D PMS     : acquireWL(f352de): PARTIAL_WAKE_LOCK  bluetooth_timer 0x1 3046 1002 null
04-13 13:16:15.340  2743  4063 D PMS     : releaseWL(f352de): PARTIAL_WAKE_LOCK  bluetooth_timer 0x1 null 0x0
04-13 13:16:15.341  3046  3485 D bt_hci  : command complete for: BTM_BleAdvFilterParamSetup@system/bt_brcm/stack/btm/btm_ble_adv_filter.cc:737
04-13 13:16:15.341  3046  3390 D bt_btif : ScanFilterAddRemove, 0, 2
04-13 13:16:15.341  3046  3395 I bt_hci  : 13:16:15.341 --
04-13 13:16:15.342  3046  3395 I bt_hci  : 13:16:15.342 SENT Command to HCI. Name: HCI_BLE_ADV_FILTER_OCF  (Hex Code: 0xfd57  Param Len: 7) Ctrl(0)
04-13 13:16:15.342  3046  3395 I bt_hci  : 13:16:15.342 Parameters 
04-13 13:16:15.342  3046  3395 I bt_hci  : 13:16:15.342                     LE Meta VSC Sub Code : 3 (LE_ADV_PCF Service UUID)
04-13 13:16:15.342  3046  3395 I bt_hci  : 13:16:15.342                                   Action: Write/Add
04-13 13:16:15.342  3046  3395 I bt_hci  : 13:16:15.342                             Filter Index : 4 (0x04)
04-13 13:16:15.342  3046  3395 I bt_hci  : 13:16:15.342                                     UUID : 65194 (0xfeaa)
04-13 13:16:15.342  3046  3395 I bt_hci  : 13:16:15.342                                UUID mask : 65535 (0xffff)
04-13 13:16:15.342  3046  3395 I bt_hci  : 13:16:15.342 --
04-13 13:16:15.343  2743  4081 D PMS     : acquireWL(8e1cbf): PARTIAL_WAKE_LOCK  bluetooth_timer 0x1 3046 1002 null
04-13 13:16:15.345  3046  3397 I bt_hci  : 13:16:15.345 --
04-13 13:16:15.345  3046  3397 I bt_hci  : 13:16:15.345 RCVD Event from HCI. Name: HCI_Command_Complete  (Hex Code: 0x0e  Param Len: 7) Ctrl(0)
04-13 13:16:15.345  3046  3397 I bt_hci  : 13:16:15.345 Parameters
04-13 13:16:15.345  3046  3397 I bt_hci  : 13:16:15.345                      Num HCI Cmd Packets : 1 (0x01)
04-13 13:16:15.345  3046  3397 I bt_hci  : 13:16:15.345                                 Cmd Code : 0xfd57  (HCI_BLE_ADV_FILTER_OCF)
04-13 13:16:15.345  3046  3397 I bt_hci  : 13:16:15.345                                   Status : Success (0x00)
04-13 13:16:15.345  3046  3397 I bt_hci  : 13:16:15.345                     LE Meta VSC Sub Code : 3 (LE_ADV_PCF Service UUID)
04-13 13:16:15.345  3046  3397 I bt_hci  : 13:16:15.345                                   Action: Write/Add
04-13 13:16:15.345  3046  3397 I bt_hci  : 13:16:15.345                           Available Spot : 46 (0x2e)
04-13 13:16:15.345  3046  3397 I bt_hci  : 13:16:15.345 --
04-13 13:16:15.346  2743  4063 D PMS     : releaseWL(8e1cbf): PARTIAL_WAKE_LOCK  bluetooth_timer 0x1 null 0x0
04-13 13:16:15.347  3046  3485 D bt_hci  : command complete for: BTM_LE_PF_uuid_filter@system/bt_brcm/stack/btm/btm_ble_adv_filter.cc:600
04-13 13:16:15.347  3046  3390 D bt_btif : ScanFilterParamSetup
04-13 13:16:15.348  3046  3395 I bt_hci  : 13:16:15.348 --
04-13 13:16:15.348  3046  3395 I bt_hci  : 13:16:15.348 SENT Command to HCI. Name: HCI_BLE_ADV_FILTER_OCF  (Hex Code: 0xfd57  Param Len: 18) Ctrl(0)
04-13 13:16:15.348  3046  3395 I bt_hci  : 13:16:15.348 Parameters 
04-13 13:16:15.348  3046  3395 I bt_hci  : 13:16:15.348                     LE Meta VSC Sub Code : 1 (LE_ADV_PCF Feature Selection)
04-13 13:16:15.348  3046  3395 I bt_hci  : 13:16:15.348                                   Action: Write/Add
04-13 13:16:15.348  3046  3395 I bt_hci  : 13:16:15.348                             Filter Index : 4 (0x04)
04-13 13:16:15.348  3046  3395 I bt_hci  : 13:16:15.348                ADV PCF Feature Selection : 4 (0x0004)
04-13 13:16:15.348  3046  3395 I bt_hci  : 13:16:15.348                                          : Service UUID filter
04-13 13:16:15.348  3046  3395 I bt_hci  : 13:16:15.348                          List Logic Type : 4369 (0x1111)
04-13 13:16:15.349  3046  3395 I bt_hci  : 13:16:15.349                             Logical Type: AND
04-13 13:16:15.349  3046  3395 I bt_hci  : 13:16:15.349                         RSSI High Thresh : 128 (0x80)
04-13 13:16:15.349  3046  3395 I bt_hci  : 13:16:15.349 Delivery Mode(00: Immediate; 1:on_found; 2: bacthed) : 0 (0x00)
04-13 13:16:15.349  3046  3395 I bt_hci  : 13:16:15.349                         On Found Timeout : 0 (0x0000)
04-13 13:16:15.349  3046  3395 I bt_hci  : 13:16:15.349                   On Found Timeout Count : 0 (0x00)
04-13 13:16:15.349  3046  3395 I bt_hci  : 13:16:15.349                          RSSI Low Thresh : 0 (0x00)
04-13 13:16:15.349  3046  3395 I bt_hci  : 13:16:15.349                          On Lost Timeout : 0 (0x0000)
04-13 13:16:15.349  3046  3395 I bt_hci  : 13:16:15.349                  Num of Tracking Entries : 0 (0x0000)
04-13 13:16:15.349  3046  3395 I bt_hci  : 13:16:15.349 --
04-13 13:16:15.349  3046  3397 I bt_hci  : 13:16:15.349 --
04-13 13:16:15.349  3046  3397 I bt_hci  : 13:16:15.349 RCVD Event from HCI. Name: HCI_Command_Complete  (Hex Code: 0x0e  Param Len: 7) Ctrl(0)
04-13 13:16:15.349  3046  3397 I bt_hci  : 13:16:15.349 Parameters
04-13 13:16:15.349  3046  3397 I bt_hci  : 13:16:15.349                      Num HCI Cmd Packets : 1 (0x01)
04-13 13:16:15.349  3046  3397 I bt_hci  : 13:16:15.349                                 Cmd Code : 0xfd57  (HCI_BLE_ADV_FILTER_OCF)
04-13 13:16:15.349  3046  3397 I bt_hci  : 13:16:15.349                                   Status : Success (0x00)
04-13 13:16:15.349  3046  3397 I bt_hci  : 13:16:15.349                     LE Meta VSC Sub Code : 1 (LE_ADV_PCF Feature Selection)
04-13 13:16:15.349  3046  3397 I bt_hci  : 13:16:15.349                                   Action: Write/Add
04-13 13:16:15.349  3046  3397 I bt_hci  : 13:16:15.349                           Available Spot : 30 (0x1e)
04-13 13:16:15.349  3046  3397 I bt_hci  : 13:16:15.349 --
04-13 13:16:15.350  2743  4063 D PMS     : acquireWL(3fe9f8c): PARTIAL_WAKE_LOCK  bluetooth_timer 0x1 3046 1002 null
04-13 13:16:15.352  2743  4063 D PMS     : releaseWL(3fe9f8c): PARTIAL_WAKE_LOCK  bluetooth_timer 0x1 null 0x0
04-13 13:16:15.352  3046  3485 D bt_hci  : command complete for: BTM_BleAdvFilterParamSetup@system/bt_brcm/stack/btm/btm_ble_adv_filter.cc:737
04-13 13:16:15.353  3046  3390 D bt_btif : ScanFilterAddRemove, 0, 2
04-13 13:16:15.353  3046  3395 I bt_hci  : 13:16:15.353 --
04-13 13:16:15.353  3046  3395 I bt_hci  : 13:16:15.353 SENT Command to HCI. Name: HCI_BLE_ADV_FILTER_OCF  (Hex Code: 0xfd57  Param Len: 7) Ctrl(0)
04-13 13:16:15.353  3046  3395 I bt_hci  : 13:16:15.353 Parameters 
04-13 13:16:15.353  3046  3395 I bt_hci  : 13:16:15.353                     LE Meta VSC Sub Code : 3 (LE_ADV_PCF Service UUID)
04-13 13:16:15.353  3046  3395 I bt_hci  : 13:16:15.353                                   Action: Write/Add
04-13 13:16:15.353  3046  3395 I bt_hci  : 13:16:15.353                             Filter Index : 3 (0x03)
04-13 13:16:15.353  3046  3395 I bt_hci  : 13:16:15.353                                     UUID : 65184 (0xfea0)
04-13 13:16:15.353  3046  3395 I bt_hci  : 13:16:15.353                                UUID mask : 65535 (0xffff)
04-13 13:16:15.353  3046  3395 I bt_hci  : 13:16:15.353 --
04-13 13:16:15.355  3046  3397 I bt_hci  : 13:16:15.355 --
04-13 13:16:15.355  3046  3397 I bt_hci  : 13:16:15.355 RCVD Event from HCI. Name: HCI_Command_Complete  (Hex Code: 0x0e  Param Len: 7) Ctrl(0)
04-13 13:16:15.355  3046  3397 I bt_hci  : 13:16:15.355 Parameters
04-13 13:16:15.355  3046  3397 I bt_hci  : 13:16:15.355                      Num HCI Cmd Packets : 1 (0x01)
04-13 13:16:15.355  3046  3397 I bt_hci  : 13:16:15.355                                 Cmd Code : 0xfd57  (HCI_BLE_ADV_FILTER_OCF)
04-13 13:16:15.355  2743  3075 D PMS     : acquireWL(a4ec6d5): PARTIAL_WAKE_LOCK  bluetooth_timer 0x1 3046 1002 null
04-13 13:16:15.355  3046  3397 I bt_hci  : 13:16:15.355                                   Status : Success (0x00)
04-13 13:16:15.355  3046  3397 I bt_hci  : 13:16:15.355                     LE Meta VSC Sub Code : 3 (LE_ADV_PCF Service UUID)
04-13 13:16:15.355  3046  3397 I bt_hci  : 13:16:15.355                                   Action: Write/Add
04-13 13:16:15.355  3046  3397 I bt_hci  : 13:16:15.355                           Available Spot : 45 (0x2d)
04-13 13:16:15.355  3046  3397 I bt_hci  : 13:16:15.355 --
04-13 13:16:15.358  2743  3075 D PMS     : releaseWL(a4ec6d5): PARTIAL_WAKE_LOCK  bluetooth_timer 0x1 null 0x0
04-13 13:16:15.359  3046  3485 D bt_hci  : command complete for: BTM_LE_PF_uuid_filter@system/bt_brcm/stack/btm/btm_ble_adv_filter.cc:600
04-13 13:16:15.359  3046  3390 D bt_btif : ScanFilterParamSetup
04-13 13:16:15.360  3046  3395 I bt_hci  : 13:16:15.360 --
04-13 13:16:15.360  3046  3395 I bt_hci  : 13:16:15.360 SENT Command to HCI. Name: HCI_BLE_ADV_FILTER_OCF  (Hex Code: 0xfd57  Param Len: 18) Ctrl(0)
04-13 13:16:15.360  3046  3395 I bt_hci  : 13:16:15.360 Parameters 
04-13 13:16:15.360  3046  3395 I bt_hci  : 13:16:15.360                     LE Meta VSC Sub Code : 1 (LE_ADV_PCF Feature Selection)
04-13 13:16:15.360  3046  3395 I bt_hci  : 13:16:15.360                                   Action: Write/Add
04-13 13:16:15.360  3046  3395 I bt_hci  : 13:16:15.360                             Filter Index : 3 (0x03)
04-13 13:16:15.360  3046  3395 I bt_hci  : 13:16:15.360                ADV PCF Feature Selection : 4 (0x0004)
04-13 13:16:15.360  3046  3395 I bt_hci  : 13:16:15.360                                          : Service UUID filter
04-13 13:16:15.360  3046  3395 I bt_hci  : 13:16:15.360                          List Logic Type : 4369 (0x1111)
04-13 13:16:15.360  3046  3395 I bt_hci  : 13:16:15.360                             Logical Type: AND
04-13 13:16:15.360  3046  3395 I bt_hci  : 13:16:15.360                         RSSI High Thresh : 128 (0x80)
04-13 13:16:15.360  3046  3395 I bt_hci  : 13:16:15.360 Delivery Mode(00: Immediate; 1:on_found; 2: bacthed) : 0 (0x00)
04-13 13:16:15.360  3046  3395 I bt_hci  : 13:16:15.360                         On Found Timeout : 0 (0x0000)
04-13 13:16:15.360  3046  3395 I bt_hci  : 13:16:15.360                   On Found Timeout Count : 0 (0x00)
04-13 13:16:15.360  3046  3395 I bt_hci  : 13:16:15.360                          RSSI Low Thresh : 0 (0x00)
04-13 13:16:15.360  3046  3395 I bt_hci  : 13:16:15.360                          On Lost Timeout : 0 (0x0000)
04-13 13:16:15.360  3046  3395 I bt_hci  : 13:16:15.360                  Num of Tracking Entries : 0 (0x0000)
04-13 13:16:15.360  3046  3395 I bt_hci  : 13:16:15.360 --
04-13 13:16:15.362  2743  4081 D PMS     : acquireWL(1ddbeea): PARTIAL_WAKE_LOCK  bluetooth_timer 0x1 3046 1002 null
04-13 13:16:15.363  3046  3397 I bt_hci  : 13:16:15.363 --
04-13 13:16:15.363  3046  3397 I bt_hci  : 13:16:15.363 RCVD Event from HCI. Name: HCI_Command_Complete  (Hex Code: 0x0e  Param Len: 7) Ctrl(0)
04-13 13:16:15.363  3046  3397 I bt_hci  : 13:16:15.363 Parameters
04-13 13:16:15.363  3046  3397 I bt_hci  : 13:16:15.363                      Num HCI Cmd Packets : 1 (0x01)
04-13 13:16:15.363  3046  3397 I bt_hci  : 13:16:15.363                                 Cmd Code : 0xfd57  (HCI_BLE_ADV_FILTER_OCF)
04-13 13:16:15.363  3046  3397 I bt_hci  : 13:16:15.363                                   Status : Success (0x00)
04-13 13:16:15.363  3046  3397 I bt_hci  : 13:16:15.363                     LE Meta VSC Sub Code : 1 (LE_ADV_PCF Feature Selection)
04-13 13:16:15.363  3046  3397 I bt_hci  : 13:16:15.363                                   Action: Write/Add
04-13 13:16:15.363  3046  3397 I bt_hci  : 13:16:15.363                           Available Spot : 29 (0x1d)
04-13 13:16:15.363  3046  3397 I bt_hci  : 13:16:15.363 --
04-13 13:16:15.364  2743  4081 D PMS     : releaseWL(1ddbeea): PARTIAL_WAKE_LOCK  bluetooth_timer 0x1 null 0x0
04-13 13:16:15.365  3046  3485 D bt_hci  : command complete for: BTM_BleAdvFilterParamSetup@system/bt_brcm/stack/btm/btm_ble_adv_filter.cc:737
04-13 13:16:15.365  3046  3390 D bt_btif : ScanFilterAddRemove, 0, 5
04-13 13:16:15.366  3046  3395 I bt_hci  : 13:16:15.366 --
04-13 13:16:15.366  3046  3395 I bt_hci  : 13:16:15.366 SENT Command to HCI. Name: HCI_BLE_ADV_FILTER_OCF  (Hex Code: 0xfd57  Param Len: 11) Ctrl(0)
04-13 13:16:15.366  3046  3395 I bt_hci  : 13:16:15.366 Parameters 
04-13 13:16:15.366  3046  3395 I bt_hci  : 13:16:15.366                     LE Meta VSC Sub Code : 6 (LE_ADV_PCF Manufacturer Data)
04-13 13:16:15.366  3046  3395 I bt_hci  : 13:16:15.366                                   Action: Write/Add
04-13 13:16:15.366  3046  3395 I bt_hci  : 13:16:15.366                             Filter Index : 6 (0x06)
04-13 13:16:15.366  3046  3395 I bt_hci  : 13:16:15.366                        Manufacturer Data : 4c 00 02 15 
04-13 13:16:15.366  3046  3395 I bt_hci  : 13:16:15.366                        Manufacturer Mask : ff ff ff ff 
04-13 13:16:15.366  3046  3395 I bt_hci  : 13:16:15.366 --
04-13 13:16:15.368  3046  3397 I bt_hci  : 13:16:15.368 --
04-13 13:16:15.368  3046  3397 I bt_hci  : 13:16:15.368 RCVD Event from HCI. Name: HCI_Command_Complete  (Hex Code: 0x0e  Param Len: 7) Ctrl(0)
04-13 13:16:15.368  3046  3397 I bt_hci  : 13:16:15.368 Parameters
04-13 13:16:15.368  3046  3397 I bt_hci  : 13:16:15.368                      Num HCI Cmd Packets : 1 (0x01)
04-13 13:16:15.368  2743  4271 D PMS     : acquireWL(bc2878): PARTIAL_WAKE_LOCK  bluetooth_timer 0x1 3046 1002 null
04-13 13:16:15.368  3046  3397 I bt_hci  : 13:16:15.368                                 Cmd Code : 0xfd57  (HCI_BLE_ADV_FILTER_OCF)
04-13 13:16:15.368  3046  3397 I bt_hci  : 13:16:15.368                                   Status : Success (0x00)
04-13 13:16:15.368  3046  3397 I bt_hci  : 13:16:15.368                     LE Meta VSC Sub Code : 6 (LE_ADV_PCF Manufacturer Data)
04-13 13:16:15.368  3046  3397 I bt_hci  : 13:16:15.368                                   Action: Write/Add
04-13 13:16:15.368  3046  3397 I bt_hci  : 13:16:15.368                           Available Spot : 44 (0x2c)
04-13 13:16:15.368  3046  3397 I bt_hci  : 13:16:15.368 --
04-13 13:16:15.370  2743  2743 D PMS     : releaseWL(16129e2): PARTIAL_WAKE_LOCK  *alarm* 0x40000001 WorkSource{1000} 0x0
04-13 13:16:15.371  2743 10736 D PMS     : releaseWL(bc2878): PARTIAL_WAKE_LOCK  bluetooth_timer 0x1 null 0x0
04-13 13:16:15.373  3046  3485 D bt_hci  : command complete for: BTM_LE_PF_manu_data@system/bt_brcm/stack/btm/btm_ble_adv_filter.cc:403
04-13 13:16:15.374  3046  3390 D bt_btif : ScanFilterParamSetup
04-13 13:16:15.374  3046  3395 I bt_hci  : 13:16:15.374 --
04-13 13:16:15.374  3046  3395 I bt_hci  : 13:16:15.374 SENT Command to HCI. Name: HCI_BLE_ADV_FILTER_OCF  (Hex Code: 0xfd57  Param Len: 18) Ctrl(0)
04-13 13:16:15.374  3046  3395 I bt_hci  : 13:16:15.374 Parameters 
04-13 13:16:15.374  3046  3395 I bt_hci  : 13:16:15.374                     LE Meta VSC Sub Code : 1 (LE_ADV_PCF Feature Selection)
04-13 13:16:15.375  3046  3395 I bt_hci  : 13:16:15.375                                   Action: Write/Add
04-13 13:16:15.375  3046  3395 I bt_hci  : 13:16:15.375                             Filter Index : 6 (0x06)
04-13 13:16:15.375  3046  3395 I bt_hci  : 13:16:15.375                ADV PCF Feature Selection : 32 (0x0020)
04-13 13:16:15.375  3046  3395 I bt_hci  : 13:16:15.375                                          : Manufacturer Data filter
04-13 13:16:15.375  3046  3395 I bt_hci  : 13:16:15.375                          List Logic Type : 4369 (0x1111)
04-13 13:16:15.375  3046  3395 I bt_hci  : 13:16:15.375                             Logical Type: AND
04-13 13:16:15.375  3046  3395 I bt_hci  : 13:16:15.375                         RSSI High Thresh : 128 (0x80)
04-13 13:16:15.375  3046  3395 I bt_hci  : 13:16:15.375 Delivery Mode(00: Immediate; 1:on_found; 2: bacthed) : 0 (0x00)
04-13 13:16:15.375  3046  3395 I bt_hci  : 13:16:15.375                         On Found Timeout : 0 (0x0000)
04-13 13:16:15.375  3046  3395 I bt_hci  : 13:16:15.375                   On Found Timeout Count : 0 (0x00)
04-13 13:16:15.375  3046  3395 I bt_hci  : 13:16:15.375                          RSSI Low Thresh : 0 (0x00)
04-13 13:16:15.375  3046  3395 I bt_hci  : 13:16:15.375                          On Lost Timeout : 0 (0x0000)
04-13 13:16:15.375  3046  3395 I bt_hci  : 13:16:15.375                  Num of Tracking Entries : 0 (0x0000)
04-13 13:16:15.375  3046  3395 I bt_hci  : 13:16:15.375 --
04-13 13:16:15.377  2743  4271 D PMS     : acquireWL(c5ce4b7): PARTIAL_WAKE_LOCK  bluetooth_timer 0x1 3046 1002 null
04-13 13:16:15.383 10809 11548 I PowerUtil:  Test Query connected or not > true
04-13 13:16:15.383  2743  2774 D PMS     : acquireWL(159fb8d): PARTIAL_WAKE_LOCK  SyncLoopWakeLock 0x1 2743 1000 null
04-13 13:16:15.386  3046  3397 I bt_hci  : 13:16:15.386 --
04-13 13:16:15.386  3046  3397 I bt_hci  : 13:16:15.386 RCVD Event from HCI. Name: HCI_Command_Complete  (Hex Code: 0x0e  Param Len: 7) Ctrl(0)
04-13 13:16:15.386  3046  3397 I bt_hci  : 13:16:15.386 Parameters
04-13 13:16:15.386  3046  3397 I bt_hci  : 13:16:15.386                      Num HCI Cmd Packets : 1 (0x01)
04-13 13:16:15.386  3046  3397 I bt_hci  : 13:16:15.386                                 Cmd Code : 0xfd57  (HCI_BLE_ADV_FILTER_OCF)
04-13 13:16:15.386  3046  3397 I bt_hci  : 13:16:15.386                                   Status : Success (0x00)
04-13 13:16:15.386  3046  3397 I bt_hci  : 13:16:15.386                     LE Meta VSC Sub Code : 1 (LE_ADV_PCF Feature Selection)
04-13 13:16:15.386  3046  3397 I bt_hci  : 13:16:15.386                                   Action: Write/Add
04-13 13:16:15.386  3046  3397 I bt_hci  : 13:16:15.386                           Available Spot : 28 (0x1c)
04-13 13:16:15.386  3046  3397 I bt_hci  : 13:16:15.386 --
04-13 13:16:15.386  2743  2774 D NetworkPolicy: uid 10046 is allowed by default
04-13 13:16:15.386  3046  3397 I bt_hci  : 13:16:15.386 --
04-13 13:16:15.386  2743  2774 D NetworkPolicy: uid 10046 is allowed by default
04-13 13:16:15.387  2743 10736 D PMS     : releaseWL(c5ce4b7): PARTIAL_WAKE_LOCK  bluetooth_timer 0x1 null 0x0
04-13 13:16:15.389  3046  3485 D bt_hci  : command complete for: BTM_BleAdvFilterParamSetup@system/bt_brcm/stack/btm/btm_ble_adv_filter.cc:737
04-13 13:16:15.390  2743  2774 D PMS     : releaseWL(159fb8d): PARTIAL_WAKE_LOCK  SyncLoopWakeLock 0x1 null 0x0
04-13 13:16:15.390  3046  3395 I bt_hci  : 13:16:15.390 --
04-13 13:16:15.391  3046  3395 I bt_hci  : 13:16:15.391 SENT Command to HCI. Name: HCI_BLE_ADV_FILTER_OCF  (Hex Code: 0xfd57  Param Len: 13) Ctrl(0)
04-13 13:16:15.391  3046  3395 I bt_hci  : 13:16:15.391 Parameters 
04-13 13:16:15.391  3046  3395 I bt_hci  : 13:16:15.391                     LE Meta VSC Sub Code : 6 (LE_ADV_PCF Manufacturer Data)
04-13 13:16:15.391  3046  3395 I bt_hci  : 13:16:15.391                                   Action: Write/Add
04-13 13:16:15.391  3046  3395 I bt_hci  : 13:16:15.391                             Filter Index : 7 (0x07)
04-13 13:16:15.391  3046  3395 I bt_hci  : 13:16:15.391                        Manufacturer Data : e0 00 00 00 00 
04-13 13:16:15.391  3046  3395 I bt_hci  : 13:16:15.391                        Manufacturer Mask : ff ff 00 00 ff 
04-13 13:16:15.391  3046  3395 I bt_hci  : 13:16:15.391 --
04-13 13:16:15.392  3046  3397 I bt_hci  : 13:16:15.392 --
04-13 13:16:15.392  3046  3397 I bt_hci  : 13:16:15.392 RCVD Event from HCI. Name: HCI_Command_Complete  (Hex Code: 0x0e  Param Len: 7) Ctrl(0)
04-13 13:16:15.392  3046  3397 I bt_hci  : 13:16:15.392 Parameters
04-13 13:16:15.392  3046  3397 I bt_hci  : 13:16:15.392                      Num HCI Cmd Packets : 1 (0x01)
04-13 13:16:15.392  3046  3397 I bt_hci  : 13:16:15.392                                 Cmd Code : 0xfd57  (HCI_BLE_ADV_FILTER_OCF)
04-13 13:16:15.392  3046  3397 I bt_hci  : 13:16:15.392                                   Status : Success (0x00)
04-13 13:16:15.392  3046  3397 I bt_hci  : 13:16:15.392                     LE Meta VSC Sub Code : 6 (LE_ADV_PCF Manufacturer Data)
04-13 13:16:15.392  3046  3397 I bt_hci  : 13:16:15.392                                   Action: Write/Add
04-13 13:16:15.392  3046  3397 I bt_hci  : 13:16:15.392                           Available Spot : 43 (0x2b)
04-13 13:16:15.392  3046  3397 I bt_hci  : 13:16:15.392 --
04-13 13:16:15.392  2743  4271 D PMS     : acquireWL(c77c389): PARTIAL_WAKE_LOCK  bluetooth_timer 0x1 3046 1002 null
04-13 13:16:15.394  2743  4271 D PMS     : releaseWL(c77c389): PARTIAL_WAKE_LOCK  bluetooth_timer 0x1 null 0x0
04-13 13:16:15.395  3046  3485 D bt_hci  : command complete for: BTM_LE_PF_manu_data@system/bt_brcm/stack/btm/btm_ble_adv_filter.cc:403
04-13 13:16:15.395  3046  3390 D bt_btif : ScanFilterParamSetup
04-13 13:16:15.396  3046  3395 I bt_hci  : 13:16:15.396 --
04-13 13:16:15.396  3046  3395 I bt_hci  : 13:16:15.396 SENT Command to HCI. Name: HCI_BLE_ADV_FILTER_OCF  (Hex Code: 0xfd57  Param Len: 18) Ctrl(0)
04-13 13:16:15.396  3046  3395 I bt_hci  : 13:16:15.396 Parameters 
04-13 13:16:15.396  3046  3395 I bt_hci  : 13:16:15.396                     LE Meta VSC Sub Code : 1 (LE_ADV_PCF Feature Selection)
04-13 13:16:15.396  3046  3395 I bt_hci  : 13:16:15.396                                   Action: Write/Add
04-13 13:16:15.396  3046  3395 I bt_hci  : 13:16:15.396                             Filter Index : 7 (0x07)
04-13 13:16:15.396  3046  3395 I bt_hci  : 13:16:15.396                ADV PCF Feature Selection : 32 (0x0020)
04-13 13:16:15.396  3046  3395 I bt_hci  : 13:16:15.396                                          : Manufacturer Data filter
04-13 13:16:15.396  3046  3395 I bt_hci  : 13:16:15.396                          List Logic Type : 4369 (0x1111)
04-13 13:16:15.396  3046  3395 I bt_hci  : 13:16:15.396                             Logical Type: AND
04-13 13:16:15.396  3046  3395 I bt_hci  : 13:16:15.396                         RSSI High Thresh : 128 (0x80)
04-13 13:16:15.396  3046  3395 I bt_hci  : 13:16:15.396 Delivery Mode(00: Immediate; 1:on_found; 2: bacthed) : 0 (0x00)
04-13 13:16:15.396  3046  3395 I bt_hci  : 13:16:15.396                         On Found Timeout : 0 (0x0000)
04-13 13:16:15.396  3046  3395 I bt_hci  : 13:16:15.396                   On Found Timeout Count : 0 (0x00)
04-13 13:16:15.396  3046  3395 I bt_hci  : 13:16:15.396                          RSSI Low Thresh : 0 (0x00)
04-13 13:16:15.396  3046  3395 I bt_hci  : 13:16:15.396                          On Lost Timeout : 0 (0x0000)
04-13 13:16:15.396  3046  3395 I bt_hci  : 13:16:15.396                  Num of Tracking Entries : 0 (0x0000)
04-13 13:16:15.396  3046  3395 I bt_hci  : 13:16:15.396 --
04-13 13:16:15.398  2743  4271 D PMS     : acquireWL(1882f8e): PARTIAL_WAKE_LOCK  bluetooth_timer 0x1 3046 1002 null
04-13 13:16:15.399  2743  2743 D PMS     : acquireWL(b4db3af): PARTIAL_WAKE_LOCK  *job*/mail/com.htc.android.mail/*****:android 0x1 2743 1000 WorkSource{10046}
04-13 13:16:15.399  3046  3397 I bt_hci  : 13:16:15.399 --
04-13 13:16:15.400  3046  3397 I bt_hci  : 13:16:15.400 RCVD Event from HCI. Name: HCI_Command_Complete  (Hex Code: 0x0e  Param Len: 7) Ctrl(0)
04-13 13:16:15.400  3046  3397 I bt_hci  : 13:16:15.400 Parameters
04-13 13:16:15.400  3046  3397 I bt_hci  : 13:16:15.400                      Num HCI Cmd Packets : 1 (0x01)
04-13 13:16:15.400  3046  3397 I bt_hci  : 13:16:15.400                                 Cmd Code : 0xfd57  (HCI_BLE_ADV_FILTER_OCF)
04-13 13:16:15.400  3046  3397 I bt_hci  : 13:16:15.400                                   Status : Success (0x00)
04-13 13:16:15.400  3046  3397 I bt_hci  : 13:16:15.400                     LE Meta VSC Sub Code : 1 (LE_ADV_PCF Feature Selection)
04-13 13:16:15.400  3046  3397 I bt_hci  : 13:16:15.400                                   Action: Write/Add
04-13 13:16:15.400  3046  3397 I bt_hci  : 13:16:15.400                           Available Spot : 27 (0x1b)
04-13 13:16:15.400  3046  3397 I bt_hci  : 13:16:15.400 --
04-13 13:16:15.400  2743  2774 D PMS     : acquireWL(52f03bc): PARTIAL_WAKE_LOCK  SyncLoopWakeLock 0x1 2743 1000 null
04-13 13:16:15.401  2743  4271 D PMS     : releaseWL(1882f8e): PARTIAL_WAKE_LOCK  bluetooth_timer 0x1 null 0x0
04-13 13:16:15.401  2743  2774 D PMS     : acquireWL(7900f45): PARTIAL_WAKE_LOCK  *sync*/mail/com.htc.android.mail/***** 0x1 2743 1000 WorkSource{10046}
04-13 13:16:15.401  3046  3485 D bt_hci  : command complete for: BTM_BleAdvFilterParamSetup@system/bt_brcm/stack/btm/btm_ble_adv_filter.cc:737
04-13 13:16:15.402  3046  3390 D bt_btif : ScanFilterAddRemove, 0, 2
04-13 13:16:15.402  3046  3395 I bt_hci  : 13:16:15.402 --
04-13 13:16:15.402  3046  3395 I bt_hci  : 13:16:15.402 SENT Command to HCI. Name: HCI_BLE_ADV_FILTER_OCF  (Hex Code: 0xfd57  Param Len: 7) Ctrl(0)
04-13 13:16:15.402  3046  3395 I bt_hci  : 13:16:15.402 Parameters 
04-13 13:16:15.402  3046  3395 I bt_hci  : 13:16:15.402                     LE Meta VSC Sub Code : 3 (LE_ADV_PCF Service UUID)
04-13 13:16:15.402  3046  3395 I bt_hci  : 13:16:15.402                                   Action: Write/Add
04-13 13:16:15.402  3046  3395 I bt_hci  : 13:16:15.402                             Filter Index : 8 (0x08)
04-13 13:16:15.402  3046  3395 I bt_hci  : 13:16:15.402                                     UUID : 65267 (0xfef3)
04-13 13:1