04-13 13:10:00.582  2743  4064 D PMS     : releaseWL(ccc4da): PARTIAL_WAKE_LOCK  NlpWakeLock 0x1 WorkSource{10024 com.google.android.gms, 10165 com.google.android.apps.walletnfcrel} 0x0
04-13 13:10:00.590  2743  4064 D PMS     : acquireWL(c37f7e8): PARTIAL_WAKE_LOCK  NlpWakeLock 0x1 3914 10024 WorkSource{10069 com.htc.Weather}
04-13 13:10:00.581   700   700 W memtrack@1.0-se: type=1400 audit(0.0:19514): avc: denied { search } for name="proc" dev="debugfs" ino=14891 scontext=u:r:hal_memtrack_default:s0 tcontext=u:object_r:qti_debugfs:s0 tclass=dir permissive=0
04-13 13:10:00.595  3914  5103 W Conscrypt: Could not set socket write timeout: java.lang.reflect.InvocationTargetException
04-13 13:10:00.595  3914  5103 W Conscrypt: 	at java.lang.reflect.Method.invoke(Native Method)
04-13 13:10:00.595  3914  5103 W Conscrypt: 	at com.google.android.gms.org.conscrypt.Platform.setSocketWriteTimeout(:com.google.android.gms@12521021@12.5.21 (040400-189987672):13)
04-13 13:10:00.595  3914  5103 W Conscrypt: Caused by: android.system.ErrnoException: setsockopt failed: EBADF (Bad file descriptor)
04-13 13:10:00.596  3914  5103 W Conscrypt: 	at libcore.io.Linux.setsockoptTimeval(Native Method)
04-13 13:10:00.596  3914  5103 W Conscrypt: 	at libcore.io.ForwardingOs.setsockoptTimeval(ForwardingOs.java:173)
04-13 13:10:00.597  3914 10179 I GCoreUlr: DispatchingService.updateActiveState+Still: Ensuring that reporting is active for [account#-15#]
04-13 13:10:00.605  2743  4271 D PMS     : acquireWL(6cd6e01): PARTIAL_WAKE_LOCK  GCoreFlp 0x1 3914 10024 WorkSource{10024 com.google.android.gms}
04-13 13:10:00.607  3914 10179 I GCoreUlr: GMS FLP location updates requested: {"description":"stationary","newRequest":true,"samplePeriodMs":2160000,"sampleReason":"stationary","sampleSource":"internal","timestampMs":1523603400577}
04-13 13:10:00.607  2743  4063 D PMS     : releaseWL(c37f7e8): PARTIAL_WAKE_LOCK  NlpWakeLock 0x1 WorkSource{10069 com.htc.Weather} 0x0
04-13 13:10:00.610  2743  4064 D AlarmManager: [AlarmGrouping_3.6] before: 2c254a6 2018-04-13 14:10:00 93471910 name=com.google.android.gms type=ELAPSED_WAKEUP window=2700000 interval=3600000
04-13 13:10:00.610  2743  4064 D AlarmManager: [AlarmGrouping_3.6] after:  2c254a6 2018-04-13 14:20:00 94071301 name=com.google.android.gms type=ELAPSED_WAKEUP window=2700000 interval=3600000
04-13 13:10:00.617  3914  5101 W Conscrypt: Could not set socket write timeout: java.lang.reflect.InvocationTargetException
04-13 13:10:00.617  3914  5101 W Conscrypt: 	at java.lang.reflect.Method.invoke(Native Method)
04-13 13:10:00.617  3914  5101 W Conscrypt: 	at com.google.android.gms.org.conscrypt.Platform.setSocketWriteTimeout(:com.google.android.gms@12521021@12.5.21 (040400-189987672):13)
04-13 13:10:00.617  3914  5101 W Conscrypt: Caused by: android.system.ErrnoException: setsockopt failed: EBADF (Bad file descriptor)
04-13 13:10:00.617  3914  5101 W Conscrypt: 	at libcore.io.Linux.setsockoptTimeval(Native Method)
04-13 13:10:00.617  3914  5101 W Conscrypt: 	at libcore.io.ForwardingOs.setsockoptTimeval(ForwardingOs.java:173)
04-13 13:10:00.617  2743  4064 D PMS     : acquireWL(eccee7): PARTIAL_WAKE_LOCK  GCoreFlp 0x1 3914 10024 WorkSource{10024 com.google.android.gms}
04-13 13:10:00.623  2743  4271 D PMS     : releaseWL(eccee7): PARTIAL_WAKE_LOCK  GCoreFlp 0x1 WorkSource{10024 com.google.android.gms} 0x0
04-13 13:10:00.625  2743  4064 D PMS     : acquireWL(988aa94): PARTIAL_WAKE_LOCK  GCoreFlp 0x1 3914 10024 WorkSource{10024 com.google.android.gms}
04-13 13:10:00.626  3914 10179 I GCoreUlr: Place inference reporting - start for Account {name=induction.lab@gmail.com, type=com.google}
04-13 13:10:00.630  2743  4271 D PMS     : releaseWL(988aa94): PARTIAL_WAKE_LOCK  GCoreFlp 0x1 WorkSource{10024 com.google.android.gms} 0x0
04-13 13:10:00.632  2743  4081 D PMS     : acquireWL(5a1e93d): PARTIAL_WAKE_LOCK  GCoreFlp 0x1 3914 10024 WorkSource{10024 com.google.android.gms}
04-13 13:10:00.634  2743  4064 D PMS     : acquireWL(d2f1532): PARTIAL_WAKE_LOCK  GCoreFlp 0x1 3914 10024 WorkSource{10024 com.google.android.gms}
04-13 13:10:00.635  3914 10179 I GCoreUlr: Using cached placefence locations
04-13 13:10:00.635  3914 10179 I GCoreUlr: can enable home and work placefences
04-13 13:10:00.636  3914 10179 I GCoreUlr: Registering for H/W Nearby alerts.
04-13 13:10:00.636  2743  4064 D PMS     : acquireWL(c2d7283): PARTIAL_WAKE_LOCK  GCoreFlp 0x1 3914 10024 WorkSource{10024 com.google.android.gms, 10165 com.google.android.apps.walletnfcrel}
04-13 13:10:00.638  2743  4081 D PMS     : acquireWL(c8fdc00): PARTIAL_WAKE_LOCK  GCoreFlp 0x1 3914 10024 WorkSource{10024 com.google.android.gms}
04-13 13:10:00.640  2743  4064 D PMS     : releaseWL(5a1e93d): PARTIAL_WAKE_LOCK  GCoreFlp 0x1 WorkSource{10024 com.google.android.gms} 0x0
04-13 13:10:00.641  2743  4081 D PMS     : acquireWL(648dc39): PARTIAL_WAKE_LOCK  GCoreFlp 0x1 3914 10024 WorkSource{10024 com.google.android.gms}
04-13 13:10:00.643  2743  4064 D PMS     : acquireWL(d35527e): PARTIAL_WAKE_LOCK  GCoreFlp 0x1 3914 10024 WorkSource{10024 com.google.android.gms}
04-13 13:10:00.649  2743  4081 D PMS     : acquireWL(a4ab3df): PARTIAL_WAKE_LOCK  GCoreFlp 0x1 3914 10024 WorkSource{10024 com.google.android.gms, 10165 com.google.android.apps.walletnfcrel}
04-13 13:10:00.652  2743  4063 D PMS     : releaseWL(d35527e): PARTIAL_WAKE_LOCK  GCoreFlp 0x1 WorkSource{10024 com.google.android.gms} 0x0
04-13 13:10:00.654  2743  4063 D PMS     : releaseWL(d2f1532): PARTIAL_WAKE_LOCK  GCoreFlp 0x1 WorkSource{10024 com.google.android.gms} 0x0
04-13 13:10:00.655  2743  4064 D PMS     : releaseWL(a4ab3df): PARTIAL_WAKE_LOCK  GCoreFlp 0x1 WorkSource{10024 com.google.android.gms, 10165 com.google.android.apps.walletnfcrel} 0x0
04-13 13:10:00.655  3914 10933 I GCoreUlr: Registering for Nearby alerts.
04-13 13:10:00.656  2743  4063 D PMS     : releaseWL(c2d7283): PARTIAL_WAKE_LOCK  GCoreFlp 0x1 WorkSource{10024 com.google.android.gms, 10165 com.google.android.apps.walletnfcrel} 0x0
04-13 13:10:00.663  2743  4081 D PMS     : releaseWL(6cd6e01): PARTIAL_WAKE_LOCK  GCoreFlp 0x1 WorkSource{10024 com.google.android.gms} 0x0
04-13 13:10:00.665  2743  4063 D PMS     : releaseWL(c8fdc00): PARTIAL_WAKE_LOCK  GCoreFlp 0x1 WorkSource{10024 com.google.android.gms} 0x0
04-13 13:10:00.661   700   700 W memtrack@1.0-se: type=1400 audit(0.0:19515): avc: denied { search } for name="proc" dev="debugfs" ino=14891 scontext=u:r:hal_memtrack_default:s0 tcontext=u:object_r:qti_debugfs:s0 tclass=dir permissive=0
04-13 13:10:00.666  2743  4063 D PMS     : releaseWL(648dc39): PARTIAL_WAKE_LOCK  GCoreFlp 0x1 WorkSource{10024 com.google.android.gms} 0x0
04-13 13:10:00.669  2743  4063 D PMS     : releaseWL(5c66d0b): PARTIAL_WAKE_LOCK  UlrDispSvcFastWL 0x1 null 0x0
04-13 13:10:00.676  2743  4063 D PMS     : acquireWL(dd0188a): PARTIAL_WAKE_LOCK  UlrDispSvcFastWL 0x1 3914 10024 null
04-13 13:10:00.661   700   700 W memtrack@1.0-se: type=1400 audit(0.0:19516): avc: denied { search } for name="proc" dev="debugfs" ino=14891 scontext=u:r:hal_memtrack_default:s0 tcontext=u:object_r:qti_debugfs:s0 tclass=dir permissive=0
04-13 13:10:00.680  3914  3914 I GeofencerStateMachine: sendNewLocationAvailability: availability=LocationAvailability[isLocationAvailable: true]
04-13 13:10:00.681  2743  4063 D PMS     : acquireWL(dd0aefb): PARTIAL_WAKE_LOCK  Wakeful StateMachine: GeofencerStateMachine 0x1 3914 10024 WorkSource{10024 com.google.android.gms}
04-13 13:10:00.683  2743  4063 D PMS     : releaseWL(dd0aefb): PARTIAL_WAKE_LOCK  Wakeful StateMachine: GeofencerStateMachine 0x1 WorkSource{10024 com.google.android.gms} 0x0
04-13 13:10:00.687  2743  4063 D PMS     : acquireWL(84d2b18): PARTIAL_WAKE_LOCK  NlpWakeLock 0x1 3914 10024 WorkSource{10024 com.google.android.gms}
04-13 13:10:00.692  2743  4081 D PMS     : acquireWL(88cd971): PARTIAL_WAKE_LOCK  NlpWakeLock 0x1 3914 10024 WorkSource{10024 com.google.android.gms, 10165 com.google.android.apps.walletnfcrel}
04-13 13:10:00.694  2743  4063 D PMS     : releaseWL(84d2b18): PARTIAL_WAKE_LOCK  NlpWakeLock 0x1 WorkSource{10024 com.google.android.gms} 0x0
04-13 13:10:00.696  3914 10179 I GCoreUlr: Successfully inserted 1 locations
04-13 13:10:00.697  2743  4064 D PMS     : releaseWL(dd0188a): PARTIAL_WAKE_LOCK  UlrDispSvcFastWL 0x1 null 0x0
04-13 13:10:00.699  2743  4081 D PMS     : releaseWL(88cd971): PARTIAL_WAKE_LOCK  NlpWakeLock 0x1 WorkSource{10024 com.google.android.gms, 10165 com.google.android.apps.walletnfcrel} 0x0
04-13 13:10:00.702  2743  4081 D PMS     : acquireWL(c9f3356): PARTIAL_WAKE_LOCK  NlpWakeLock 0x1 3914 10024 WorkSource{10069 com.htc.Weather}
04-13 13:10:00.703  2743  4063 D PMS     : acquireWL(bf13fd7): PARTIAL_WAKE_LOCK  UlrDispSvcFastWL 0x1 3914 10024 null
04-13 13:10:00.706  2743  4063 D PMS     : releaseWL(c9f3356): PARTIAL_WAKE_LOCK  NlpWakeLock 0x1 WorkSource{10069 com.htc.Weather} 0x0
04-13 13:10:00.708  2743  4081 D AlarmManager: [AlarmGrouping_3.6] before: e75e0c4 2018-04-13 13:15:00 90171448 name=com.google.android.gms type=ELAPSED_WAKEUP window=38125 interval=0
04-13 13:10:00.708  2743  4081 D AlarmManager: [AlarmGrouping_3.6] after:  e75e0c4 2018-04-13 13:20:00 90471301 name=com.google.android.gms type=ELAPSED_WAKEUP window=38125 interval=0
04-13 13:10:00.709  2743  4262 D PMS     : acquireWL(e449bad): PARTIAL_WAKE_LOCK  GCoreFlp 0x1 3914 10024 WorkSource{10024 com.google.android.gms}
04-13 13:10:00.710  2743  4271 D PMS     : releaseWL(bf13fd7): PARTIAL_WAKE_LOCK  UlrDispSvcFastWL 0x1 null 0x0
04-13 13:10:00.711  2743  4262 D PMS     : releaseWL(e449bad): PARTIAL_WAKE_LOCK  GCoreFlp 0x1 WorkSource{10024 com.google.android.gms} 0x0
04-13 13:10:00.711   700   700 W memtrack@1.0-se: type=1400 audit(0.0:19517): avc: denied { search } for name="proc" dev="debugfs" ino=14891 scontext=u:r:hal_memtrack_default:s0 tcontext=u:object_r:qti_debugfs:s0 tclass=dir permissive=0
04-13 13:10:00.713  2743  4271 D PMS     : acquireWL(f732ee2): PARTIAL_WAKE_LOCK  GCoreFlp 0x1 3914 10024 WorkSource{10024 com.google.android.gms}
04-13 13:10:00.711   700   700 W memtrack@1.0-se: type=1400 audit(0.0:19518): avc: denied { search } for name="proc" dev="debugfs" ino=14891 scontext=u:r:hal_memtrack_default:s0 tcontext=u:object_r:qti_debugfs:s0 tclass=dir permissive=0
04-13 13:10:00.715  3914  5159 I Places  : ?: Ignoring re-registration of: PlaceSubscription{placeRequest=ycq{filter=ycc{requireOpenNow=false}, interval=-1, priority=105, expireAt=9223372036854775807, receiveFailures=false}, params=yfu{clientPackageName=com.google.android.gms, locale=ru_RU, accountName=null, gCoreClientName=ulr}, callbackIntent=PendingIntent{3ebf44c: android.os.BinderProxy@c0ade46}}
04-13 13:10:00.719  2743  4271 D PMS     : acquireWL(3524530): PARTIAL_WAKE_LOCK  GCoreFlp 0x1 3914 10024 WorkSource{10024 com.google.android.gms}
04-13 13:10:00.720  2743  4262 D PMS     : acquireWL(e3c45a9): PARTIAL_WAKE_LOCK  UlrDispSvcFastWL 0x1 3914 10024 null
04-13 13:10:00.724  2743  4064 D PMS     : releaseWL(3524530): PARTIAL_WAKE_LOCK  GCoreFlp 0x1 WorkSource{10024 com.google.android.gms} 0x0
04-13 13:10:00.726  2743  4064 D PMS     : acquireWL(e4e845c): PARTIAL_WAKE_LOCK  GCoreFlp 0x1 3914 10024 WorkSource{10024 com.google.android.gms, 10165 com.google.android.apps.walletnfcrel}
04-13 13:10:00.729  2743  4064 D PMS     : releaseWL(e3c45a9): PARTIAL_WAKE_LOCK  UlrDispSvcFastWL 0x1 null 0x0
04-13 13:10:00.730  2743  4064 D PMS     : releaseWL(f732ee2): PARTIAL_WAKE_LOCK  GCoreFlp 0x1 WorkSource{10024 com.google.android.gms} 0x0
04-13 13:10:00.731  2743  4262 D PMS     : releaseWL(e4e845c): PARTIAL_WAKE_LOCK  GCoreFlp 0x1 WorkSource{10024 com.google.android.gms, 10165 com.google.android.apps.walletnfcrel} 0x0
04-13 13:10:00.731  2743  4081 D AlarmManager: [AlarmGrouping_3.6] before: 1200273 2018-04-13 13:13:00 90051794 name=com.google.android.gms type=ELAPSED_WAKEUP window=22500 interval=0
04-13 13:10:00.732  2743  4081 D AlarmManager: [AlarmGrouping_3.6] after:  1200273 2018-04-13 13:20:00 90471301 name=com.google.android.gms type=ELAPSED_WAKEUP window=22500 interval=0
04-13 13:10:00.733  2743  4064 D PMS     : acquireWL(eea9365): PARTIAL_WAKE_LOCK  GCoreFlp 0x1 3914 10024 WorkSource{10024 com.google.android.gms, 10165 com.google.android.apps.walletnfcrel}
04-13 13:10:00.736  2743  4064 D PMS     : acquireWL(7e7b83a): PARTIAL_WAKE_LOCK  GCoreFlp 0x1 3914 10024 WorkSource{10024 com.google.android.gms}
04-13 13:10:00.738  2743  4081 D PMS     : releaseWL(eea9365): PARTIAL_WAKE_LOCK  GCoreFlp 0x1 WorkSource{10024 com.google.android.gms, 10165 com.google.android.apps.walletnfcrel} 0x0
04-13 13:10:00.739  2743  4064 D PMS     : acquireWL(ea74ceb): PARTIAL_WAKE_LOCK  GCoreFlp 0x1 3914 10024 WorkSource{10024 com.google.android.gms}
04-13 13:10:00.740  2743  4271 D PMS     : releaseWL(7e7b83a): PARTIAL_WAKE_LOCK  GCoreFlp 0x1 WorkSource{10024 com.google.android.gms} 0x0
04-13 13:10:00.741  2743  4064 D PMS     : releaseWL(ea74ceb): PARTIAL_WAKE_LOCK  GCoreFlp 0x1 WorkSource{10024 com.google.android.gms} 0x0
04-13 13:10:00.745  3914  5159 I Places  : ?: Ignoring re-registration of: NearbyAlertSubscription{nearbyAlertRequest=ybr{transitionTypes=3, loiteringTimeMillis=-1, nearbyAlertFilter=ybp{placeIds=[ChIJtey9FgAAq0MRSgsK7lGwYiU], Beacon required: =false}, priority=100, radiusType=0}, params=yfu{clientPackageName=com.google.android.gms, locale=ru_RU, accountName=null, gCoreClientName=ulr}, callbackIntent=PendingIntent{bbf64e: android.os.BinderProxy@89f31cd}}
04-13 13:10:00.746  3914  3914 I GeofencerStateMachine: sendNewLocationAvailability: availability=LocationAvailability[isLocationAvailable: true]
04-13 13:10:00.747  2743  4063 D PMS     : acquireWL(f6d8a48): PARTIAL_WAKE_LOCK  UlrDispSvcFastWL 0x1 3914 10024 null
04-13 13:10:00.748  2743  4081 D PMS     : acquireWL(d7600e1): PARTIAL_WAKE_LOCK  Wakeful StateMachine: GeofencerStateMachine 0x1 3914 10024 WorkSource{10024 com.google.android.gms}
04-13 13:10:00.750  2743  4063 D PMS     : releaseWL(d7600e1): PARTIAL_WAKE_LOCK  Wakeful StateMachine: GeofencerStateMachine 0x1 WorkSource{10024 com.google.android.gms} 0x0
04-13 13:10:00.751  3914  3914 I GCoreUlr: Successfully registered for Nearby Alerts.
04-13 13:10:00.758  2743  4064 D PMS     : releaseWL(f6d8a48): PARTIAL_WAKE_LOCK  UlrDispSvcFastWL 0x1 null 0x0
04-13 13:10:00.767   700   700 W memtrack@1.0-se: type=1400 audit(0.0:19519): avc: denied { search } for name="proc" dev="debugfs" ino=14891 scontext=u:r:hal_memtrack_default:s0 tcontext=u:object_r:qti_debugfs:s0 tclass=dir permissive=0
04-13 13:10:00.905  2743  2774 D PMS     : acquireWL(e891e06): PARTIAL_WAKE_LOCK  LocationManagerService 0x1 2743 1000 WorkSource{1000 android}
04-13 13:10:00.908  2743  2774 D PMS     : acquireWL(62bccc7): PARTIAL_WAKE_LOCK  LocationManagerService 0x1 2743 1000 WorkSource{10024 com.google.android.gms}
04-13 13:10:00.910  2743  2774 D PMS     : acquireWL(1f502f4): PARTIAL_WAKE_LOCK  LocationManagerService 0x1 2743 1000 WorkSource{1000 com.qualcomm.location}
04-13 13:10:00.912  2743  2774 D PMS     : acquireWL(8f0ca1d): PARTIAL_WAKE_LOCK  LocationManagerService 0x1 2743 1000 WorkSource{10024 com.google.android.gms}
04-13 13:10:00.914  2743  7162 D PMS     : releaseWL(1f502f4): PARTIAL_WAKE_LOCK  LocationManagerService 0x1 WorkSource{1000 com.qualcomm.location} 0x0
04-13 13:10:00.916  2743  4064 D PMS     : releaseWL(62bccc7): PARTIAL_WAKE_LOCK  LocationManagerService 0x1 WorkSource{10024 com.google.android.gms} 0x0
04-13 13:10:00.917  2743  4063 D PMS     : releaseWL(8f0ca1d): PARTIAL_WAKE_LOCK  LocationManagerService 0x1 WorkSource{10024 com.google.android.gms} 0x0
04-13 13:10:00.814   700   700 I chatty  : uid=1000(system) memtrack@1.0-se identical 2 lines
04-13 13:10:00.814   700   700 W memtrack@1.0-se: type=1400 audit(0.0:19522): avc: denied { search } for name="proc" dev="debugfs" ino=14891 scontext=u:r:hal_memtrack_default:s0 tcontext=u:object_r:qti_debugfs:s0 tclass=dir permissive=0
04-13 13:10:00.918  3914  5101 W Conscrypt: Could not set socket write timeout: java.lang.reflect.InvocationTargetException
04-13 13:10:00.919  2743  7162 V LocSvc_HIDL_OsNpGlue_jni: [onJavaLocationChanged][159] [HC] =>> [HS]
04-13 13:10:00.919  2743  2774 D PMS     : releaseWL(e891e06): PARTIAL_WAKE_LOCK  LocationManagerService 0x1 WorkSource{1000 android} 0x0
04-13 13:10:00.919  2567  2567 V LocSvc_HIDL_IzatOsNpGlue: [locationChanged][49] [HS] <<<<= [HC]
04-13 13:10:00.919  3914  5101 W Conscrypt: 	at java.lang.reflect.Method.invoke(Native Method)
04-13 13:10:00.919  3914  5101 W Conscrypt: 	at com.google.android.gms.org.conscrypt.Platform.setSocketWriteTimeout(:com.google.android.gms@12521021@12.5.21 (040400-189987672):13)
04-13 13:10:00.919  3914  5101 W Conscrypt: Caused by: android.system.ErrnoException: setsockopt failed: EBADF (Bad file descriptor)
04-13 13:10:00.920  3914  5101 W Conscrypt: 	at libcore.io.Linux.setsockoptTimeval(Native Method)
04-13 13:10:00.920  3914  5101 W Conscrypt: 	at libcore.io.ForwardingOs.setsockoptTimeval(ForwardingOs.java:173)
04-13 13:10:00.920  2567  7181 E LocSvc_libulp: ulp_brain_transition_all_providers, no QUIPC/GNSS transition logic run due to both engines are OFF 
04-13 13:10:00.927  3914  5103 W Conscrypt: Could not set socket write timeout: java.lang.reflect.InvocationTargetException
04-13 13:10:00.928  3914  5103 W Conscrypt: 	at java.lang.reflect.Method.invoke(Native Method)
04-13 13:10:00.928  3914  5103 W Conscrypt: 	at com.google.android.gms.org.conscrypt.Platform.setSocketWriteTimeout(:com.google.android.gms@12521021@12.5.21 (040400-189987672):13)
04-13 13:10:00.928  3914  5103 W Conscrypt: Caused by: android.system.ErrnoException: setsockopt failed: EBADF (Bad file descriptor)
04-13 13:10:00.928  3914  5103 W Conscrypt: 	at libcore.io.Linux.setsockoptTimeval(Native Method)
04-13 13:10:00.928  3914  5103 W Conscrypt: 	at libcore.io.ForwardingOs.setsockoptTimeval(ForwardingOs.java:173)
04-13 13:10:00.950   703  1696 I CwMcuSensor: offset changed, id = 0, offset = -728779169973
04-13 13:10:00.950   703  1696 D CwMcuSensor: CwMcuSensor::readEvents: metadata = 0
04-13 13:10:18.727  2743  2994 D AlarmManager: sending alarm PendingIntent{88e6e63: PendingIntentRecord{f3b072b com.xiaomi.smarthome broadcastIntent}}, i=com.xiaomi.push.PING_TIMER, t=0, cnt=1, w=1523603418723, Int=0, ws=null
04-13 13:10:18.729  2743  2994 D PMS     : acquireWL(dd95a60): PARTIAL_WAKE_LOCK  *alarm* 0x1 2743 1000 WorkSource{10179}
04-13 13:10:18.745  2743  2777 D DeviceIdleController: Adding AppId 10179 to temp whitelist. New entry: true
04-13 13:10:18.746  2743  2777 D DeviceIdleController: postTempActiveTimeoutMessage: uid=10179, delay=10000
04-13 13:10:18.746  2743  2777 D DeviceIdleController: Setting activity manager temp whitelist to [10179]
04-13 13:10:18.746  2743  2777 D DeviceIdleController: Setting wakelock temp whitelist to [10179]
04-13 13:10:18.749  2743  2777 V NetworkPolicy: updateRulesForPowerRestrictionsUL(10179), isIdle: false, mRestrictPower: false, mDeviceIdleMode: false, isForeground=false, isWhitelisted=true, oldRule=0 (NONE), newRule=0 (NONE), newUidRules=0 (NONE), oldUidRules=0 (NONE)
04-13 13:10:18.767  9967 10033 V xiaomi  : [Thread:183] JOB: Handle intent action = com.xiaomi.push.timer
04-13 13:10:18.767  9967 10033 V xiaomi  : [Thread:183] Service called on timer
04-13 13:10:18.769  2743  2743 D PMS     : releaseWL(dd95a60): PARTIAL_WAKE_LOCK  *alarm* 0x1 WorkSource{10179} 0x0
04-13 13:10:18.769  2743  4063 D NetworkPolicy: uid 10179 is allowed by default
04-13 13:10:18.772  9967 10033 V xiaomi  : [Thread:183] [Slim] SND ping id=0
04-13 13:10:19.227  9967 28658 V xiaomi  : [Thread:274] [Slim] RCV ping id=0
04-13 13:10:19.245  9967 10033 V xiaomi  : [Thread:183] TinyData(TinyDataCacheUploader) no ready file to get data.
04-13 13:10:19.237  2743  4063 I chatty  : uid=1000(system) Binder:2743_C identical 2 lines
04-13 13:10:19.243  2743  4063 D NetworkPolicy: uid 10179 is allowed by default
04-13 13:10:23.009  2743  4063 D PMS     : acquireWL(31fe7de): PARTIAL_WAKE_LOCK  RILJ_ACK_WL 0x1 3268 1001 null
04-13 13:10:23.017  2743  4064 D PMS     : acquireWL(31fe7de): PARTIAL_WAKE_LOCK  RILJ_ACK_WL 0x1 3268 1001 null
04-13 13:10:23.086  3268  3268 D HtcBuildUtils: [SWITCH_PHONE] - supportSwitchPhoneByAOSP = true
04-13 13:10:23.024  2743  4064 D PMS     : acquireWL(31fe7de): PARTIAL_WAKE_LOCK  RILJ_ACK_WL 0x1 3268 1001 null
04-13 13:10:23.228  2743  4064 D PMS     : releaseWL(31fe7de): PARTIAL_WAKE_LOCK  RILJ_ACK_WL 0x1 null 0x0
04-13 13:10:24.022  2743  4064 D PMS     : acquireWL(ef8dbf): PARTIAL_WAKE_LOCK  RILJ_ACK_WL 0x1 3268 1001 null
04-13 13:10:24.227  2743  4064 D PMS     : releaseWL(ef8dbf): PARTIAL_WAKE_LOCK  RILJ_ACK_WL 0x1 null 0x0
04-13 13:10:26.686  2743  4064 D PMS     : acquireWL(3e9bc8c): PARTIAL_WAKE_LOCK  RILJ_ACK_WL 0x1 3268 1001 null
04-13 13:10:26.693  2743  4064 I chatty  : uid=1000(system) Binder:2743_D identical 1 line
04-13 13:10:26.697  2743  4064 D PMS     : acquireWL(3e9bc8c): PARTIAL_WAKE_LOCK  RILJ_ACK_WL 0x1 3268 1001 null
04-13 13:10:26.900  2743  4063 D PMS     : releaseWL(3e9bc8c): PARTIAL_WAKE_LOCK  RILJ_ACK_WL 0x1 null 0x0
04-13 13:10:26.743  3268  3268 D HtcBuildUtils: [SWITCH_PHONE] - supportSwitchPhoneByAOSP = true
04-13 13:10:27.160  7167  7958 D SQLiteConnection: DB info: close connection, path: /data/user/0/com.alibaba.aliexpresshd/databases/ut.db, handle: 0xe40fce00, FH handler: 0xe88b5080, count: 0
04-13 13:10:27.699  2743  4063 D PMS     : acquireWL(2401fd5): PARTIAL_WAKE_LOCK  RILJ_ACK_WL 0x1 3268 1001 null
04-13 13:10:27.903  2743  4063 D PMS     : releaseWL(2401fd5): PARTIAL_WAKE_LOCK  RILJ_ACK_WL 0x1 null 0x0
04-13 13:10:28.757  2743  2774 D DeviceIdleController: handleMessage(6)
04-13 13:10:28.757  2743  2774 D DeviceIdleController: checkTempAppWhitelistTimeout: uid=10179, timeNow=89900058
04-13 13:10:28.757  2743  2774 D DeviceIdleController: Removing UID 10179 from temp whitelist
04-13 13:10:28.758  2743  2774 D DeviceIdleController: Setting activity manager temp whitelist to []
04-13 13:10:28.763  2743  2774 D DeviceIdleController: Setting wakelock temp whitelist to []
04-13 13:10:28.766  2743  2774 V NetworkPolicy: updateRulesForPowerRestrictionsUL(10179), isIdle: false, mRestrictPower: false, mDeviceIdleMode: false, isForeground=false, isWhitelisted=false, oldRule=0 (NONE), newRule=0 (NONE), newUidRules=0 (NONE), oldUidRules=0 (NONE)
04-13 13:10:28.774  9967 10033 V xiaomi  : [Thread:183] JOB: check the ping-pong.1523603418771
04-13 13:10:29.049  2743  4063 D PMS     : acquireWL(2bea3ea): PARTIAL_WAKE_LOCK  RILJ_ACK_WL 0x1 3268 1001 null
04-13 13:10:29.064  3079  3079 D TelephonyCallback: SignalStrength: 5
04-13 13:10:29.075  3079  3079 D SIGNAL_ICON: level=5/5
04-13 13:10:29.076  3079  3079 D StatusBar.NetworkController: dumpIcon[stat_sys_data_connected_4g stat_sys_5signal_5|null (gone) (gone) F]
04-13 13:10:29.078  3268  3653 D PhoneInterfaceManager: [PhoneIntfMgr] getDataEnabled: subId=1 phoneId=0
04-13 13:10:29.079  3268  3653 D PhoneInterfaceManager: [PhoneIntfMgr] getDataEnabled: subId=1 retVal=true
04-13 13:10:29.255  2743  4063 D PMS     : releaseWL(2bea3ea): PARTIAL_WAKE_LOCK  RILJ_ACK_WL 0x1 null 0x0
04-13 13:10:29.260  2743  4064 D PMS     : acquireWL(21946db): PARTIAL_WAKE_LOCK  BatteryServiceUpdateStats_3 0x1 2743 1000 null
04-13 13:10:29.263  2743  4064 I BatteryService: n_update end
04-13 13:10:29.265  2743  4064 D PMS     : releaseWL(21946db): PARTIAL_WAKE_LOCK  BatteryServiceUpdateStats_3 0x1 null 0x0
04-13 13:10:29.267  2743  2743 D UsbnetService: BroadcastReceiver::onReceive+
04-13 13:10:29.267  2743  2743 D UsbnetService: onReceive BATTERY_CHANGED
04-13 13:10:29.267  2743  2743 D UsbnetService:  --> pluggedType = 2, mPluggedType = 0, mScreenOff = false
04-13 13:10:29.267  2743  2743 D UsbnetService: BroadcastReceiver::onReceive-
04-13 13:10:29.268  2743  2800 D UsbDeviceManager: [USB] handleMessage: 9; pre_mConnected=true, pre_mConfiguration=true
04-13 13:10:29.268  2743  2743 I DeviceIdleController: updateChargingLocked: charging=true
04-13 13:10:29.268  2743  2743 W DeviceIdleController: becomeActiveLocked, reason = charging
04-13 13:10:29.269  2743  2805 W SystemReader: Cannot find sku_id, use default value instead
04-13 13:10:29.269  2743  2805 D HtcPowerSaver: updateBatteryInfo
04-13 13:10:29.270  2743  2743 D PMS     : runPSCheck
04-13 13:10:29.270  2743  2743 D HtcPowerSaver: Checking...
04-13 13:10:29.270  2743  2743 I HtcPowerSaver: >> updateStatus
04-13 13:10:29.270  2743  2743 I HtcPowerSaver: << updateStatus
04-13 13:10:29.273  4120  4120 D IceView : [EventService] checkEventUpdateCondition, bCheckCondition:true, mCoverOn:false,mbIsUserInForeground:true
04-13 13:10:29.274  2743  3005 D WifiController: handleMessage: E msg.what=155652
04-13 13:10:29.274  2743  3005 D WifiController: processMsg: ApEnabledState
04-13 13:10:29.274  2743  3005 D WifiController: processMsg: DefaultState
04-13 13:10:29.274  2743  3005 D WifiController: handleMessage: X
04-13 13:10:29.275  3079  3079 I BatteryController: (lvl,plug,charged,charging)=(100,T,T,T) [status,health,timeout,unsupprt]=[5,2,f,f]
04-13 13:10:29.439  2743  4063 D PMS     : acquireWL(bc1578): PARTIAL_WAKE_LOCK  RILJ_ACK_WL 0x1 3268 1001 null
04-13 13:10:29.451  2743  4064 D PMS     : acquireWL(bc1578): PARTIAL_WAKE_LOCK  RILJ_ACK_WL 0x1 3268 1001 null
04-13 13:10:29.501  3268  3268 D HtcBuildUtils: [SWITCH_PHONE] - supportSwitchPhoneByAOSP = true
04-13 13:10:29.456  2743  4064 D PMS     : acquireWL(bc1578): PARTIAL_WAKE_LOCK  RILJ_ACK_WL 0x1 3268 1001 null
04-13 13:10:29.660  2743  4063 D PMS     : releaseWL(bc1578): PARTIAL_WAKE_LOCK  RILJ_ACK_WL 0x1 null 0x0
04-13 13:10:30.451  2743  4063 D PMS     : acquireWL(16fe451): PARTIAL_WAKE_LOCK  RILJ_ACK_WL 0x1 3268 1001 null
04-13 13:10:30.585  2565  2565 I thermal-monitor: update expected surface temperature: 30.7
04-13 13:10:30.656  2743  4063 D PMS     : releaseWL(16fe451): PARTIAL_WAKE_LOCK  RILJ_ACK_WL 0x1 null 0x0
04-13 13:10:31.325  2743  3039 D HtcWLD_v6.7.3:     Turn end: total_sum=30 screen_off_sum=30
04-13 13:10:31.328  2743  3039 D HtcWLD_v6.7.3:     screen_off_now=true screen_off_always=true total_sum=60 screen_off_sum=60 threshold=0.8
04-13 13:10:31.328  2743  3039 D HtcWLD_v6.7.3:     com.induction.lithium com.induction.lithium 150 585274
04-13 13:10:31.329  2743  3039 D HtcWLD_v6.7.3:     com.xiaomi.smarthome:pushservice com.xiaomi.smarthome 300 89469564
04-13 13:10:31.329  2743  3039 D HtcWLD_v6.7.3:     com.google.android.googlequicksearchbox:search com.google.android.googlequicksearchbox 300 89359574
04-13 13:10:31.329  2743  3039 D HtcWLD_v6.7.3:     com.xiaomi.smarthome com.xiaomi.smarthome 300 89500514
04-13 13:10:31.329  2743  3039 D HtcWLD_v6.7.3:     com.xiaomi.smarthome:core com.xiaomi.smarthome 300 89499974
04-13 13:10:31.329  2743  3039 D HtcWLD_v6.7.3:     com.google.android.gms.persistent com.google.android.gms 100 89544924
04-13 13:10:31.329  2743  3039 D HtcWLD_v6.7.3:     com.google.android.wearable.app:background com.google.android.wearable.app 100 89544144
04-13 13:10:31.329  2743  3039 D HtcWLD_v6.7.3:     com.emoji.keyboard.touchpal.oem com.emoji.keyboard.touchpal.oem 200 89552584
04-13 13:10:31.329  2743  3039 D HtcWLD_v6.7.3:     com.google.android.gms com.google.android.gms 300 89539694
04-13 13:10:31.329  2743  3039 D HtcWLD_v6.7.3:     com.alibaba.aliexpresshd:channel com.alibaba.aliexpresshd 300 89512414
04-13 13:10:31.330  2743  3039 D HtcWLD_v6.7.3:     com.google.android.wearable.app:flow com.google.android.wearable.app 300 6793234
04-13 13:10:31.330  2743  3039 D HtcWLD_v6.7.3:     com.xiaomi.smarthome.notishortcut com.xiaomi.smarthome 300 89493334
04-13 13:10:31.330  2743  3039 D HtcWLD_v6.7.3:     com.google.android.googlequicksearchbox:interactor com.google.android.googlequicksearchbox 100 89544534
04-13 13:10:31.330  2743  3039 D HtcPitroadConnector: [HtcWLD] Clear list
04-13 13:10:31.330  2743  3039 D HtcWLD_v6.7.3:  
04-13 13:10:31.330  2743  3039 D HtcWLD_v6.7.3:     # Check abnormal process for GPS case.
04-13 13:10:31.330  2743  3039 D HtcWLD_v6.7.3:     No one requests location, do nothing.
04-13 13:10:31.330  2743  3039 D HtcWLD_v6.7.3:  
04-13 13:10:31.330  2743  3039 D HtcWLD_v6.7.3:     # Check abnormal process for WifiScan case.
04-13 13:10:31.330  2743  3039 D HtcWLD_v6.7.3:     all normal
04-13 13:10:31.330  2743  3039 D HtcWLD_v6.7.3:  
04-13 13:10:31.330  2743  3039 D HtcWLD_v6.7.3:     # Check abnormal process for Input case.
04-13 13:10:31.330  2743  3039 D HtcWLD_v6.7.3:     do nothing because there is no input event
04-13 13:10:31.330  2743  3039 D HtcWLD_v6.7.3:  
04-13 13:10:31.330  2743  3039 D HtcWLD_v6.7.3:     # Check abnormal process for Audio case.
04-13 13:10:31.330  2743  3039 D HtcWLD_v6.7.3:     No audio track holding, do nothing.
04-13 13:10:31.330  2743  3039 D HtcWLD_v6.7.3:  
04-13 13:10:31.330  2743  3039 D HtcWLD_v6.7.3:     # Check abnormal process for BLE case.
04-13 13:10:31.330  2743  3039 D HtcWLD_v6.7.3:     No abnormal BLE scan, do nothing.
04-13 13:10:31.330  2743  3039 D HtcWLD_v6.7.3:  
04-13 13:10:31.330  2743  3039 D HtcWLD_v6.7.3:     # Check abnormal process for wakelock case.
04-13 13:10:31.330  2743  3039 D HtcWLD_v6.7.3:     There is no wakelock held over 600000 ms
04-13 13:10:31.330  2743  3039 D HtcWLD_v6.7.3:  
04-13 13:10:31.330  2743  3039 D HtcWLD_v6.7.3:     # Check abnormal process for crazy CPU usage case.
04-13 13:10:31.333  2489  1370 D IAudioPolicyService: onTransact(), code=23
04-13 13:10:31.345  2743  3039 D HtcWLD_v6.7.3:     all normal
04-13 13:10:31.345  2743  3039 D HtcWLD_v6.7.3:  
04-13 13:10:31.345  2743  3039 D HtcWLD_v6.7.3:     # Check abnormal process for object leak case.
04-13 13:10:31.346  2743  3039 D HtcWLD_v6.7.3:     No object leak, do nothing.
04-13 13:10:31.346  2743  3039 D HtcPitroadConnector: [HtcWLD] Nothing to send.
04-13 13:10:31.346  2743  3039 D HtcWLD_v6.7.3:  
04-13 13:10:31.346  2743  3039 D HtcWLD_v6.7.3: << Wake Lock Detector >>
04-13 13:10:31.346  2743  3039 D HtcWLD_v6.7.3:  
04-13 13:10:31.347  2743  3039 D HtcWLD_v6.7.3:     Turn#1
04-13 13:10:31.348  2743  3042 D HtcWLD_v6.7.3: doAudioDetectProcess: sync_from_am=""
04-13 13:10:32.988  2743  4063 D PMS     : acquireWL(bdb14b6): PARTIAL_WAKE_LOCK  RILJ_ACK_WL 0x1 3268 1001 null
04-13 13:10:32.996  2743  4064 D PMS     : acquireWL(bdb14b6): PARTIAL_WAKE_LOCK  RILJ_ACK_WL 0x1 3268 1001 null
04-13 13:10:31.335  2489  1370 D IAudioPolicyService: onTransact(), code=23
04-13 13:10:33.041  3268  3268 D HtcBuildUtils: [SWITCH_PHONE] - supportSwitchPhoneByAOSP = true
04-13 13:10:33.001  2743  4064 D PMS     : acquireWL(bdb14b6): PARTIAL_WAKE_LOCK  RILJ_ACK_WL 0x1 3268 1001 null
04-13 13:10:33.206  2743  4063 D PMS     : releaseWL(bdb14b6): PARTIAL_WAKE_LOCK  RILJ_ACK_WL 0x1 null 0x0
04-13 13:10:34.002  2743  4063 D PMS     : acquireWL(75b75b7): PARTIAL_WAKE_LOCK  RILJ_ACK_WL 0x1 3268 1001 null
04-13 13:10:34.206  2743  4063 D PMS     : releaseWL(75b75b7): PARTIAL_WAKE_LOCK  RILJ_ACK_WL 0x1 null 0x0
04-13 13:10:35.447  2743  4063 D PMS     : acquireWL(2591124): PARTIAL_WAKE_LOCK  RILJ_ACK_WL 0x1 3268 1001 null
04-13 13:10:35.458  3079  3079 D TelephonyCallback: SignalStrength: 5
04-13 13:10:35.463  3268  3685 D PhoneInterfaceManager: [PhoneIntfMgr] getDataEnabled: subId=1 phoneId=0
04-13 13:10:35.464  3079  3079 D SIGNAL_ICON: level=5/5
04-13 13:10:35.464  3079  3079 D StatusBar.NetworkController: dumpIcon[stat_sys_data_connected_4g stat_sys_5signal_5|null (gone) (gone) F]
04-13 13:10:35.464  3268  3685 D PhoneInterfaceManager: [PhoneIntfMgr] getDataEnabled: subId=1 retVal=true
04-13 13:10:35.505  3268  3268 D HtcBuildUtils: [SWITCH_PHONE] - supportSwitchPhoneByAOSP = true
04-13 13:10:35.466  2743  4063 I chatty  : uid=1000(system) Binder:2743_C identical 2 lines
04-13 13:10:35.468  2743  4063 D PMS     : acquireWL(2591124): PARTIAL_WAKE_LOCK  RILJ_ACK_WL 0x1 3268 1001 null
04-13 13:10:35.671  2743  4064 D PMS     : releaseWL(2591124): PARTIAL_WAKE_LOCK  RILJ_ACK_WL 0x1 null 0x0
04-13 13:10:35.831  2743  2753 I zygote64: Background concurrent copying GC freed 61051(3MB) AllocSpace objects, 0(0B) LOS objects, 42% free, 22MB/40MB, paused 1.323ms total 359.687ms
04-13 13:10:36.473  2743  4064 D PMS     : acquireWL(8fd748d): PARTIAL_WAKE_LOCK  RILJ_ACK_WL 0x1 3268 1001 null
04-13 13:10:36.677  2743  4064 D PMS     : releaseWL(8fd748d): PARTIAL_WAKE_LOCK  RILJ_ACK_WL 0x1 null 0x0
04-13 13:10:38.829  2743  4064 D PMS     : acquireWL(f7bc642): PARTIAL_WAKE_LOCK  RILJ_ACK_WL 0x1 3268 1001 null
04-13 13:10:38.856  3079  3079 D TelephonyCallback: DataActivity: 0
04-13 13:10:38.864  3268  3685 D PhoneInterfaceManager: [PhoneIntfMgr] getDataEnabled: subId=1 phoneId=0
04-13 13:10:38.865  3268  3685 D PhoneInterfaceManager: [PhoneIntfMgr] getDataEnabled: subId=1 retVal=true
04-13 13:10:38.866  3079  3079 D DATA_ICON: dataConnected: true/true  mMobileDataEnabled : true
04-13 13:10:38.866  3079  3079 D StatusBar.NetworkController: dumpIcon[stat_sys_data_connected_4g stat_sys_5signal_5|null (gone) (gone) F]
04-13 13:10:38.875  3079  3079 D TelephonyCallback: DataActivity: 4
04-13 13:10:38.880  3268  3685 D PhoneInterfaceManager: [PhoneIntfMgr] getDataEnabled: subId=1 phoneId=0
04-13 13:10:38.880  3268  3685 D PhoneInterfaceManager: [PhoneIntfMgr] getDataEnabled: subId=1 retVal=true
04-13 13:10:38.881  3079  3079 D DATA_ICON: dataConnected: true/true  mMobileDataEnabled : true
04-13 13:10:38.881  3079  3079 D StatusBar.NetworkController: dumpIcon[stat_sys_data_connected_4g stat_sys_5signal_5|null (gone) (gone) F]
04-13 13:10:39.036  2743  4064 D PMS     : releaseWL(f7bc642): PARTIAL_WAKE_LOCK  RILJ_ACK_WL 0x1 null 0x0
04-13 13:10:39.639  2743  2780 E BatSS   : no controller energy info supplied
04-13 13:10:39.920  2743  4063 D PMS     : acquireWL(d59cc89): PARTIAL_WAKE_LOCK  RILJ_ACK_WL 0x1 3268 1001 null
04-13 13:10:39.936  3079  3079 D TelephonyCallback: DataActivity: 4
04-13 13:10:39.940  3268  3685 D PhoneInterfaceManager: [PhoneIntfMgr] getDataEnabled: subId=1 phoneId=0
04-13 13:10:39.940  3268  3685 D PhoneInterfaceManager: [PhoneIntfMgr] getDataEnabled: subId=1 retVal=true
04-13 13:10:39.940  3079  3079 D DATA_ICON: dataConnected: true/true  mMobileDataEnabled : true
04-13 13:10:39.940  3079  3079 D StatusBar.NetworkController: dumpIcon[stat_sys_data_connected_4g stat_sys_5signal_5|null (gone) (gone) F]
04-13 13:10:39.943  3079  3079 D TelephonyCallback: DataActivity: 0
04-13 13:10:39.948  3268  3685 D PhoneInterfaceManager: [PhoneIntfMgr] getDataEnabled: subId=1 phoneId=0
04-13 13:10:39.948  3268  3685 D PhoneInterfaceManager: [PhoneIntfMgr] getDataEnabled: subId=1 retVal=true
04-13 13:10:39.949  3079  3079 D DATA_ICON: dataConnected: true/true  mMobileDataEnabled : true
04-13 13:10:39.949  3079  3079 D StatusBar.NetworkController: dumpIcon[stat_sys_data_connected_4g stat_sys_5signal_5|null (gone) (gone) F]
04-13 13:10:40.011  3079  3079 D TelephonyCallback: DataActivity: 0
04-13 13:10:40.015  3268  3685 D PhoneInterfaceManager: [PhoneIntfMgr] getDataEnabled: subId=1 phoneId=0
04-13 13:10:40.016  3268  3685 D PhoneInterfaceManager: [PhoneIntfMgr] getDataEnabled: subId=1 retVal=true
04-13 13:10:40.016  3079  3079 D DATA_ICON: dataConnected: true/true  mMobileDataEnabled : true
04-13 13:10:40.016  3079  3079 D StatusBar.NetworkController: dumpIcon[stat_sys_data_connected_4g stat_sys_5signal_5|null (gone) (gone) F]
04-13 13:10:40.019  3079  3079 D TelephonyCallback: DataActivity: 0
04-13 13:10:40.022  3268  3685 D PhoneInterfaceManager: [PhoneIntfMgr] getDataEnabled: subId=1 phoneId=0
04-13 13:10:40.022  3268  3685 D PhoneInterfaceManager: [PhoneIntfMgr] getDataEnabled: subId=1 retVal=true
04-13 13:10:40.023  3079  3079 D DATA_ICON: dataConnected: true/true  mMobileDataEnabled : true
04-13 13:10:40.023  3079  3079 D StatusBar.NetworkController: dumpIcon[stat_sys_data_connected_4g stat_sys_5signal_5|null (gone) (gone) F]
04-13 13:10:40.108  3268  3284 I zygote64: Background concurrent copying GC freed 74197(5MB) AllocSpace objects, 10(200KB) LOS objects, 66% free, 3MB/9MB, paused 3.839ms total 108.874ms
04-13 13:10:39.991  2743  4063 D PMS     : acquireWL(d59cc89): PARTIAL_WAKE_LOCK  RILJ_ACK_WL 0x1 3268 1001 null
04-13 13:10:40.194  2743  4064 D PMS     : releaseWL(d59cc89): PARTIAL_WAKE_LOCK  RILJ_ACK_WL 0x1 null 0x0
04-13 13:10:45.634  2743  4064 D PMS     : acquireWL(684048e): PARTIAL_WAKE_LOCK  RILJ_ACK_WL 0x1 3268 1001 null
04-13 13:10:45.690  3268  3268 D HtcBuildUtils: [SWITCH_PHONE] - supportSwitchPhoneByAOSP = true
04-13 13:10:45.644  2743  4064 I chatty  : uid=1000(system) Binder:2743_D identical 1 line
04-13 13:10:45.647  2743  4064 D PMS     : acquireWL(684048e): PARTIAL_WAKE_LOCK  RILJ_ACK_WL 0x1 3268 1001 null
04-13 13:10:45.851  2743  4064 D PMS     : releaseWL(684048e): PARTIAL_WAKE_LOCK  RILJ_ACK_WL 0x1 null 0x0
04-13 13:10:46.647  2743  4064 D PMS     : acquireWL(36d64af): PARTIAL_WAKE_LOCK  RILJ_ACK_WL 0x1 3268 1001 null
04-13 13:10:46.853  2743  4064 D PMS     : releaseWL(36d64af): PARTIAL_WAKE_LOCK  RILJ_ACK_WL 0x1 null 0x0
04-13 13:10:47.667  2743  4064 D PMS     : acquireWL(89b60bc): PARTIAL_WAKE_LOCK  RILJ_ACK_WL 0x1 3268 1001 null
04-13 13:10:47.674  2743  4064 I chatty  : uid=1000(system) Binder:2743_D identical 1 line
04-13 13:10:47.681  2743  4064 D PMS     : acquireWL(89b60bc): PARTIAL_WAKE_LOCK  RILJ_ACK_WL 0x1 3268 1001 null
04-13 13:10:47.884  2743  4063 D PMS     : releaseWL(89b60bc): PARTIAL_WAKE_LOCK  RILJ_ACK_WL 0x1 null 0x0
04-13 13:10:48.677  2743  4063 D PMS     : acquireWL(f09a845): PARTIAL_WAKE_LOCK  RILJ_ACK_WL 0x1 3268 1001 null
04-13 13:10:48.882  2743  4063 D PMS     : releaseWL(f09a845): PARTIAL_WAKE_LOCK  RILJ_ACK_WL 0x1 null 0x0
04-13 13:10:49.919  2743  4063 D PMS     : acquireWL(2bfdb9a): PARTIAL_WAKE_LOCK  RILJ_ACK_WL 0x1 3268 1001 null
04-13 13:10:49.926  2743  4064 D PMS     : acquireWL(2bfdb9a): PARTIAL_WAKE_LOCK  RILJ_ACK_WL 0x1 3268 1001 null
04-13 13:10:49.934  2743  4064 D PMS     : acquireWL(2bfdb9a): PARTIAL_WAKE_LOCK  RILJ_ACK_WL 0x1 3268 1001 null
04-13 13:10:50.138  2743  4064 D PMS     : releaseWL(2bfdb9a): PARTIAL_WAKE_LOCK  RILJ_ACK_WL 0x1 null 0x0
04-13 13:10:50.931  2743  4064 D PMS     : acquireWL(3b59ccb): PARTIAL_WAKE_LOCK  RILJ_ACK_WL 0x1 3268 1001 null
04-13 13:10:51.136  2743  4064 D PMS     : releaseWL(3b59ccb): PARTIAL_WAKE_LOCK  RILJ_ACK_WL 0x1 null 0x0
04-13 13:10:53.676  2743  4064 D PMS     : acquireWL(a1bcca8): PARTIAL_WAKE_LOCK  RILJ_ACK_WL 0x1 3268 1001 null
04-13 13:10:47.724  3268  3268 I chatty  : uid=1001(radio) com.android.phone identical 1 line
04-13 13:10:49.980  3268  3268 D HtcBuildUtils: [SWITCH_PHONE] - supportSwitchPhoneByAOSP = true
04-13 13:10:53.687  3079  3079 D TelephonyCallback: SignalStrength: 5
04-13 13:10:53.689  3079  3079 D SIGNAL_ICON: level=5/5
04-13 13:10:53.689  3079  3079 D StatusBar.NetworkController: dumpIcon[stat_sys_data_connected_4g stat_sys_5signal_5|null (gone) (gone) F]
04-13 13:10:53.691  3268  3653 D PhoneInterfaceManager: [PhoneIntfMgr] getDataEnabled: subId=1 phoneId=0
04-13 13:10:53.691  3268  3653 D PhoneInterfaceManager: [PhoneIntfMgr] getDataEnabled: subId=1 retVal=true
04-13 13:10:53.686  2743  4064 D PMS     : acquireWL(a1bcca8): PARTIAL_WAKE_LOCK  RILJ_ACK_WL 0x1 3268 1001 null
04-13 13:10:53.692  2743  4063 D PMS     : acquireWL(a1bcca8): PARTIAL_WAKE_LOCK  RILJ_ACK_WL 0x1 3268 1001 null
04-13 13:10:53.730  3268  3268 D HtcBuildUtils: [SWITCH_PHONE] - supportSwitchPhoneByAOSP = true
04-13 13:10:53.695  2743  4063 D PMS     : acquireWL(a1bcca8): PARTIAL_WAKE_LOCK  RILJ_ACK_WL 0x1 3268 1001 null
04-13 13:10:53.897  2743  4063 D PMS     : releaseWL(a1bcca8): PARTIAL_WAKE_LOCK  RILJ_ACK_WL 0x1 null 0x0
04-13 13:10:54.695  2743  4063 D PMS     : acquireWL(82183c1): PARTIAL_WAKE_LOCK  RILJ_ACK_WL 0x1 3268 1001 null
04-13 13:10:54.901  2743  4063 D PMS     : releaseWL(82183c1): PARTIAL_WAKE_LOCK  RILJ_ACK_WL 0x1 null 0x0
04-13 13:10:55.199  3046  3485 I bt_rfcomm: 13:10:55.198 RFCOMM RECV    -    UIH dlci:15 [d:1, scn: 7] cr:0 pf:1 len:34 credit:2
04-13 13:10:55.199  3046  3397 I bt_hci  : 13:10:55.199 --
04-13 13:10:55.199  3046  3397 I bt_hci  : 13:10:55.199 RCVD Event from HCI. Name: HCI_Mode_Change  (Hex Code: 0x14  Param Len: 6) Ctrl(0)
04-13 13:10:55.199  3046  3397 I bt_hci  : 13:10:55.199 Parameters
04-13 13:10:55.199  3046  3397 I bt_hci  : 13:10:55.199                                   Status : Success (0x00)
04-13 13:10:55.199  3046  3397 I bt_hci  : 13:10:55.199                        Connection Handle : 11 (0x000b)
04-13 13:10:55.199  3046  3397 I bt_hci  : 13:10:55.199                             Current Mode : 0 (Active)
04-13 13:10:55.200  3046  3397 I bt_hci  : 13:10:55.199                   Interval (625us units) : 0 (0x0000)
04-13 13:10:55.200  3046  3397 I bt_hci  : 13:10:55.200 --
04-13 13:10:55.208  3046  3485 I bt_rfcomm: 13:10:55.208 RFCOMM SENT    -    UIH dlci:15 [d:1, scn: 7] cr:1 pf:1 len:5 credit:1
04-13 13:10:55.491  3046  3485 I bt_rfcomm: 13:10:55.491 RFCOMM RECV    -    UIH dlci: 8 [d:0, scn: 4] cr:0 pf:1 len:267 credit:1
04-13 13:10:55.496  3046  3485 I bt_rfcomm: 13:10:55.496 RFCOMM SENT    -    UIH dlci: 8 [d:0, scn: 4] cr:1 pf:1 len:41 credit:1
04-13 13:10:55.508  2743  4063 D NetworkPolicy: uid 10024 is temporary whitelisted on metered network
04-13 13:10:55.511  2743  4063 D PMS     : acquireWL(4b01766): PARTIAL_WAKE_LOCK  CloudNodeSyncWakeLock 0x1 3914 10024 null
04-13 13:10:55.514  2743  4063 D NetworkPolicy: uid 10024 is temporary whitelisted on metered network
04-13 13:10:55.516  2743  4063 D PMS     : acquireWL(4b01766): PARTIAL_WAKE_LOCK  CloudNodeSyncWakeLock 0x1 3914 10024 null
04-13 13:10:55.526  2743  4063 D PMS     : releaseWL(4b01766): PARTIAL_WAKE_LOCK  CloudNodeSyncWakeLock 0x1 null 0x0
04-13 13:10:55.537  3046  3485 I bt_rfcomm: 13:10:55.537 RFCOMM SENT    -    UIH dlci:15 [d:1, scn: 7] cr:1 pf:0 len:32 
04-13 13:10:59.683  2743  4063 D PMS     : acquireWL(4ff3aa7): PARTIAL_WAKE_LOCK  RILJ_ACK_WL 0x1 3268 1001 null
04-13 13:10:59.697  3079  3079 D TelephonyCallback: SignalStrength: 5
04-13 13:10:59.702  3268  3685 D PhoneInterfaceManager: [PhoneIntfMgr] getDataEnabled: subId=1 phoneId=0
04-13 13:10:59.703  3268  3685 D PhoneInterfaceManager: [PhoneIntfMgr] getDataEnabled: subId=1 retVal=true
04-13 13:10:59.706  3079  3079 D SIGNAL_ICON: level=5/5
04-13 13:10:59.706  3079  3079 D StatusBar.NetworkController: dumpIcon[stat_sys_data_connected_4g stat_sys_5signal_5|null (gone) (gone) F]
04-13 13:10:59.890  2743  4063 D PMS     : releaseWL(4ff3aa7): PARTIAL_WAKE_LOCK  RILJ_ACK_WL 0x1 null 0x0
04-13 13:11:00.547  3046  3397 I bt_hci  : 13:11:00.547 --
04-13 13:11:00.547  3046  3397 I bt_hci  : 13:11:00.547 RCVD Event from HCI. Name: HCI_Mode_Change  (Hex Code: 0x14  Param Len: 6) Ctrl(0)
04-13 13:11:00.547  3046  3397 I bt_hci  : 13:11:00.547 Parameters
04-13 13:11:00.547  3046  3397 I bt_hci  : 13:11:00.547                                   Status : Success (0x00)
04-13 13:11:00.547  3046  3397 I bt_hci  : 13:11:00.547                        Connection Handle : 11 (0x000b)
04-13 13:11:00.547  3046  3397 I bt_hci  : 13:11:00.547                             Current Mode : 2 (Sniff)
04-13 13:11:00.547  3046  3397 I bt_hci  : 13:11:00.547                   Interval (625us units) : 798 (0x031e)
04-13 13:11:00.547  3046  3397 I bt_hci  : 13:11:00.547 --
04-13 13:11:01.160  3046  3397 I bt_hci  : 13:11:01.160 --
04-13 13:11:01.160  3046  3397 I bt_hci  : 13:11:01.160 RCVD Event from HCI. Name: HCI_Sniff_Subrating  (Hex Code: 0x2e  Param Len: 11) Ctrl(0)
04-13 13:11:01.160  3046  3397 I bt_hci  : 13:11:01.160 Parameters
04-13 13:11:01.160  3046  3397 I bt_hci  : 13:11:01.160                                   Status : Success (0x00)
04-13 13:11:01.160  3046  3397 I bt_hci  : 13:11:01.160                        Connection Handle : 11 (0x000b)
04-13 13:11:01.160  3046  3397 I bt_hci  : 13:11:01.160                     Max Transmit Latency : 798 (0x031e)
04-13 13:11:01.160  3046  3397 I bt_hci  : 13:11:01.160                      Max Receive Latency : 798 (0x031e)
04-13 13:11:01.161  3046  3397 I bt_hci  : 13:11:01.161                       Min Remote Timeout : 2 (0x0002)
04-13 13:11:01.161  3046  3397 I bt_hci  : 13:11:01.161                        Min Local Timeout : 2 (0x0002)
04-13 13:11:01.161  3046  3397 I bt_hci  : 13:11:01.161 --
04-13 13:11:08.782  3046  3485 I bt_rfcomm: 13:11:08.782 RFCOMM SENT    -    UIH dlci:15 [d:1, scn: 7] cr:1 pf:0 len:5 
04-13 13:11:08.783  3046  3395 I bt_hci  : 13:11:08.783 --
04-13 13:11:08.783  3046  3395 I bt_hci  : 13:11:08.783 SENT Command to HCI. Name: HCI_Exit_Sniff_Mode  (Hex Code: 0x0804  Param Len: 2) Ctrl(0)
04-13 13:11:08.783  3046  3395 I bt_hci  : 13:11:08.783 Parameters 
04-13 13:11:08.783  3046  3395 I bt_hci  : 13:11:08.783                        Connection Handle : 11 (0x000b)
04-13 13:11:08.784  3046  3395 I bt_hci  : 13:11:08.784 --
04-13 13:11:08.789  2743  4063 D PMS     : acquireWL(8b50b54): PARTIAL_WAKE_LOCK  bluetooth_timer 0x1 3046 1002 null
04-13 13:11:08.793  3046  3397 I bt_hci  : 13:11:08.793 --
04-13 13:11:08.794  3046  3397 I bt_hci  : 13:11:08.794 RCVD Event from HCI. Name: HCI_Command_Status  (Hex Code: 0x0f  Param Len: 4) Ctrl(0)
04-13 13:11:08.794  3046  3397 I bt_hci  : 13:11:08.794 Parameters
04-13 13:11:08.794  3046  3397 I bt_hci  : 13:11:08.794                                   Status : Success (0x00)
04-13 13:11:08.794  3046  3397 I bt_hci  : 13:11:08.794                      Num HCI Cmd Packets : 1 (0x01)
04-13 13:11:08.794  3046  3397 I bt_hci  : 13:11:08.794                                 Cmd Code : 0x0804  (HCI_Exit_Sniff_Mode)
04-13 13:11:08.794  3046  3397 I bt_hci  : 13:11:08.794 --
04-13 13:11:08.796  2743  4063 D PMS     : releaseWL(8b50b54): PARTIAL_WAKE_LOCK  bluetooth_timer 0x1 null 0x0
04-13 13:11:09.449  3046  3485 I bt_rfcomm: 13:11:09.449 RFCOMM SENT    -    UIH dlci:15 [d:1, scn: 7] cr:1 pf:0 len:5 
04-13 13:11:09.644  3046  3397 I bt_hci  : 13:11:09.644 --
04-13 13:11:09.645  3046  3397 I bt_hci  : 13:11:09.645 RCVD Event from HCI. Name: HCI_Mode_Change  (Hex Code: 0x14  Param Len: 6) Ctrl(0)
04-13 13:11:09.645  3046  3397 I bt_hci  : 13:11:09.645 Parameters
04-13 13:11:09.645  3046  3397 I bt_hci  : 13:11:09.645                                   Status : Success (0x00)
04-13 13:11:09.645  3046  3397 I bt_hci  : 13:11:09.645                        Connection Handle : 11 (0x000b)
04-13 13:11:09.645  3046  3397 I bt_hci  : 13:11:09.645                             Current Mode : 0 (Active)
04-13 13:11:09.645  3046  3397 I bt_hci  : 13:11:09.645                   Interval (625us units) : 0 (0x0000)
04-13 13:11:09.646  3046  3397 I bt_hci  : 13:11:09.645 --
04-13 13:11:12.978  2743  2994 D AlarmManager: sending alarm PendingIntent{57a1cd: PendingIntentRecord{cdcc593 android broadcastIntent}}, i=android.intent.action.TIME_TICK, t=3, cnt=1, w=89931301, Int=0, ws=null
04-13 13:11:12.980  2743  2994 D PMS     : acquireWL(21643f2): PARTIAL_WAKE_LOCK  *alarm* 0x40000001 2743 1000 WorkSource{1000}
04-13 13:11:12.983  2743  2994 D AlarmManager: sending alarm PendingIntent{b5ada43: PendingIntentRecord{718fe6c com.google.android.gms broadcastIntent}}, i=null, t=3, cnt=1, w=89931488, Int=0, ws=WorkSource{10024 com.google.android.gms}
04-13 13:11:12.990  2743  2994 D AlarmManager: sending alarm PendingIntent{7d1e9f9: PendingIntentRecord{2167d47 com.google.android.gms broadcastIntent}}, i=com.google.android.gms.gcm.HEARTBEAT_ALARM, t=2, cnt=1, w=89944276, Int=0, ws=null
04-13 13:11:12.987   700   700 W memtrack@1.0-se: type=1400 audit(0.0:19523): avc: denied { search } for name="proc" dev="debugfs" ino=14891 scontext=u:r:hal_memtrack_default:s0 tcontext=u:object_r:qti_debugfs:s0 tclass=dir permissive=0
04-13 13:11:13.014  2743  2777 D DeviceIdleController: Adding AppId 10024 to temp whitelist. New entry: true
04-13 13:11:13.014  2743  2777 D DeviceIdleController: postTempActiveTimeoutMessage: uid=10024, delay=10000
04-13 13:11:13.014  2743  2777 D DeviceIdleController: Setting activity manager temp whitelist to [10024]
04-13 13:11:13.015  2743  2777 D DeviceIdleController: Setting wakelock temp whitelist to [10024]
04-13 13:11:12.991   700   700 W memtrack@1.0-se: type=1400 audit(0.0:19524): avc: denied { search } for name="proc" dev="debugfs" ino=14891 scontext=u:r:hal_memtrack_default:s0 tcontext=u:object_r:qti_debugfs:s0 tclass=dir permissive=0
04-13 13:11:13.016  2743  2777 V NetworkPolicy: updateRulesForPowerRestrictionsUL(10024), isIdle: false, mRestrictPower: false, mDeviceIdleMode: false, isForeground=true, isWhitelisted=true, oldRule=0 (NONE), newRule=0 (NONE), newUidRules=2 (TEMPORARY_ALLOW_METERED), oldUidRules=2 (TEMPORARY_ALLOW_METERED)
04-13 13:11:13.016  2743  4064 D PMS     : acquireWL(4d670ec): PARTIAL_WAKE_LOCK  GCM_HB_ALARM 0x1 3914 10024 WorkSource{10024 com.google.android.gms}
04-13 13:11:13.020  3914 20688 E WakeLock: release without a matched acquire!
04-13 13:11:13.021  2743  4271 D PMS     : releaseWL(4d670ec): PARTIAL_WAKE_LOCK  GCM_HB_ALARM 0x1 WorkSource{10024 com.google.android.gms} 0x0
04-13 13:11:13.045  2743  2743 D PMS     : releaseWL(21643f2): PARTIAL_WAKE_LOCK  *alarm* 0x40000001 WorkSource{1000} 0x0
04-13 13:11:13.066  2743  4064 D PMS     : acquireWL(2561b97): PARTIAL_WAKE_LOCK  CMWakeLock 0x1 3914 10024 WorkSource{10024 com.google.android.gms}
04-13 13:11:13.070  2743  4064 D PMS     : releaseWL(2561b97): PARTIAL_WAKE_LOCK  CMWakeLock 0x1 WorkSource{10024 com.google.android.gms} 0x0
04-13 13:11:13.081  2743  4064 D NetworkPolicy: uid 10024 is temporary whitelisted on metered network
04-13 13:11:13.570  2743  4064 D PMS     : acquireWL(8dbf184): PARTIAL_WAKE_LOCK  RILJ_ACK_WL 0x1 3268 1001 null
04-13 13:11:13.579  2743  4063 D PMS     : acquireWL(8dbf184): PARTIAL_WAKE_LOCK  RILJ_ACK_WL 0x1 3268 1001 null
