04-13 13:07:13.576  3046  3485 I bt_rfcomm: 13:07:13.576 RFCOMM SENT    -    UIH dlci: 8 [d:0, scn: 4] cr:1 pf:0 len:281 
04-13 13:07:13.714  3046  3485 I bt_rfcomm: 13:07:13.714 RFCOMM RECV    -    UIH dlci: 8 [d:0, scn: 4] cr:0 pf:1 len:41 credit:2
04-13 13:07:18.704  3046  3397 I bt_hci  : 13:07:18.704 --
04-13 13:07:18.705  3046  3397 I bt_hci  : 13:07:18.705 RCVD Event from HCI. Name: HCI_Mode_Change  (Hex Code: 0x14  Param Len: 6) Ctrl(0)
04-13 13:07:18.705  3046  3397 I bt_hci  : 13:07:18.705 Parameters
04-13 13:07:18.705  3046  3397 I bt_hci  : 13:07:18.705                                   Status : Success (0x00)
04-13 13:07:18.705  3046  3397 I bt_hci  : 13:07:18.705                        Connection Handle : 11 (0x000b)
04-13 13:07:18.705  3046  3397 I bt_hci  : 13:07:18.705                             Current Mode : 2 (Sniff)
04-13 13:07:18.705  3046  3397 I bt_hci  : 13:07:18.705                   Interval (625us units) : 798 (0x031e)
04-13 13:07:18.705  3046  3397 I bt_hci  : 13:07:18.705 --
04-13 13:07:19.214  3046  3397 I bt_hci  : 13:07:19.214 --
04-13 13:07:19.214  3046  3397 I bt_hci  : 13:07:19.214 RCVD Event from HCI. Name: HCI_Sniff_Subrating  (Hex Code: 0x2e  Param Len: 11) Ctrl(0)
04-13 13:07:19.214  3046  3397 I bt_hci  : 13:07:19.214 Parameters
04-13 13:07:19.214  3046  3397 I bt_hci  : 13:07:19.214                                   Status : Success (0x00)
04-13 13:07:19.214  3046  3397 I bt_hci  : 13:07:19.214                        Connection Handle : 11 (0x000b)
04-13 13:07:19.214  3046  3397 I bt_hci  : 13:07:19.214                     Max Transmit Latency : 798 (0x031e)
04-13 13:07:19.214  3046  3397 I bt_hci  : 13:07:19.214                      Max Receive Latency : 798 (0x031e)
04-13 13:07:19.214  3046  3397 I bt_hci  : 13:07:19.214                       Min Remote Timeout : 2 (0x0002)
04-13 13:07:19.215  3046  3397 I bt_hci  : 13:07:19.215                        Min Local Timeout : 2 (0x0002)
04-13 13:07:19.215  3046  3397 I bt_hci  : 13:07:19.215 --
04-13 13:07:25.668  3046  3485 I bt_rfcomm: 13:07:25.668 RFCOMM RECV    -    UIH dlci: 8 [d:0, scn: 4] cr:0 pf:0 len:275 
04-13 13:07:25.668  3046  3397 I bt_hci  : 13:07:25.668 --
04-13 13:07:25.669  3046  3397 I bt_hci  : 13:07:25.668 RCVD Event from HCI. Name: HCI_Mode_Change  (Hex Code: 0x14  Param Len: 6) Ctrl(0)
04-13 13:07:25.669  3046  3397 I bt_hci  : 13:07:25.669 Parameters
04-13 13:07:25.669  3046  3397 I bt_hci  : 13:07:25.669                                   Status : Success (0x00)
04-13 13:07:25.669  3046  3397 I bt_hci  : 13:07:25.669                        Connection Handle : 11 (0x000b)
04-13 13:07:25.669  3046  3397 I bt_hci  : 13:07:25.669                             Current Mode : 0 (Active)
04-13 13:07:25.669  3046  3397 I bt_hci  : 13:07:25.669                   Interval (625us units) : 0 (0x0000)
04-13 13:07:25.669  3046  3397 I bt_hci  : 13:07:25.669 --
04-13 13:07:25.675  3046  3485 I bt_rfcomm: 13:07:25.675 RFCOMM SENT    -    UIH dlci: 8 [d:0, scn: 4] cr:1 pf:1 len:41 credit:2
04-13 13:07:25.707   700   700 W memtrack@1.0-se: type=1400 audit(0.0:19479): avc: denied { search } for name="proc" dev="debugfs" ino=14891 scontext=u:r:hal_memtrack_default:s0 tcontext=u:object_r:qti_debugfs:s0 tclass=dir permissive=0
04-13 13:07:25.711   700   700 W memtrack@1.0-se: type=1400 audit(0.0:19480): avc: denied { search } for name="proc" dev="debugfs" ino=14891 scontext=u:r:hal_memtrack_default:s0 tcontext=u:object_r:qti_debugfs:s0 tclass=dir permissive=0
04-13 13:07:25.756  4111  4285 D StreamDBQueue: Promised revision #93219 to queue a new op
04-13 13:07:25.756  4111  4285 D BaseStreamManager: Promised dismiss @ r#93219 for StreamItemIdAndRevision{notifKey=0|com.htc.android.mail|2|null|10046, packageName=com.htc.android.mail, id=2, revision=-1, originalRevision=-1, updateCount=-1} (@93218):  Data item deleted
04-13 13:07:25.759  4111  4285 D NotifCollectorService: handleCancelWithManager itemId=StreamItemIdAndRevision{notifKey=0|com.htc.android.mail|2|null|10046, packageName=com.htc.android.mail, id=2, revision=93219, originalRevision=93218, updateCount=1} reason=SyncFromStreamMan
04-13 13:07:25.764   700   700 W memtrack@1.0-se: type=1400 audit(0.0:19481): avc: denied { search } for name="proc" dev="debugfs" ino=14891 scontext=u:r:hal_memtrack_default:s0 tcontext=u:object_r:qti_debugfs:s0 tclass=dir permissive=0
04-13 13:07:25.764   700   700 W memtrack@1.0-se: type=1400 audit(0.0:19482): avc: denied { search } for name="proc" dev="debugfs" ino=14891 scontext=u:r:hal_memtrack_default:s0 tcontext=u:object_r:qti_debugfs:s0 tclass=dir permissive=0
04-13 13:07:25.763   699   699 D qdlights: set_light_noficication g_notification.color=00000000
04-13 13:07:25.763   699   699 D qdlights: set_speaker_light_locked mode 0, colorRGB=FF00FF00, onMS=0, offMS=0
04-13 13:07:25.764   699   699 D qdlights: [LedInfo] has indicator attribute
04-13 13:07:25.764   699   699 D qdlights: [LedInfo] write attr ok name=/sys/class/leds/indicator/ModeRGB string=100ff00,len=7
04-13 13:07:25.772  3079  3079 I StatusBar: updateEmptyShade(true,false)
04-13 13:07:25.772  3079  3079 I StackScroller: setBlockTouch:false
04-13 13:07:25.776  4111  4285 D StreamDBQueue: Promised revision #93220 to queue a new op
04-13 13:07:25.776  4120  4120 D IceView : [EventService] get3rdNotificationByPkgName, packageName:com.htc.android.mail
04-13 13:07:25.776  4120  4120 D IceView : [EventService] m3rdPartyList exist this packagename!
04-13 13:07:25.776  4120  4120 D IceView : [EventService] checkEventUpdateCondition, bCheckCondition:true, mCoverOn:false,mbIsUserInForeground:true
04-13 13:07:25.776  4111  4285 D BaseStreamManager: Promised remove @ r#93220 for StreamItemIdAndRevision{notifKey=0|com.htc.android.mail|2|null|10046, packageName=com.htc.android.mail, id=2, revision=0, originalRevision=0, updateCount=0} (@93219): SBN removed: StreamItemIdAndRevision{notifKey=0|com.htc.android.mail|2|null|10046, packageName=com.htc.android.mail, id=2, revision=0, originalRevision=0, updateCount=0}
04-13 13:07:25.777  4111  4289 D NewStreamAdapter: Publishing revision #93220 to adapter clients
04-13 13:07:25.821   700   700 W memtrack@1.0-se: type=1400 audit(0.0:19483): avc: denied { search } for name="proc" dev="debugfs" ino=14891 scontext=u:r:hal_memtrack_default:s0 tcontext=u:object_r:qti_debugfs:s0 tclass=dir permissive=0
04-13 13:07:29.266  2743  4063 I chatty  : uid=1000(system) Binder:2743_C expire 8 lines
04-13 13:07:27.224   700   700 I chatty  : uid=1000(system) memtrack@1.0-se identical 17 lines
04-13 13:07:29.280  2743  3005 I chatty  : uid=1000(system) WifiService expire 4 lines
04-13 13:07:29.279  2743  2800 I chatty  : uid=1000(system) android.fg expire 1 line
04-13 13:07:29.287  4120  4120 D IceView : [EventService] checkEventUpdateCondition, bCheckCondition:true, mCoverOn:false,mbIsUserInForeground:true
04-13 13:07:29.296  3079  3079 I BatteryController: (lvl,plug,charged,charging)=(100,T,T,T) [status,health,timeout,unsupprt]=[5,2,f,f]
04-13 13:07:29.299  2743  2805 I chatty  : uid=1000(system) PMS expire 1 line
04-13 13:07:29.299  2743  2805 I chatty  : uid=1000(system) PMS expire 1 line
04-13 13:07:30.560  2565  2565 I thermal-monitor: update expected surface temperature: 31.2
04-13 13:07:30.699  3046  3397 I bt_hci  : 13:07:30.698 --
04-13 13:07:30.699  3046  3397 I bt_hci  : 13:07:30.699 RCVD Event from HCI. Name: HCI_Mode_Change  (Hex Code: 0x14  Param Len: 6) Ctrl(0)
04-13 13:07:30.699  3046  3397 I bt_hci  : 13:07:30.699 Parameters
04-13 13:07:30.700  3046  3397 I bt_hci  : 13:07:30.700                                   Status : Success (0x00)
04-13 13:07:30.700  3046  3397 I bt_hci  : 13:07:30.700                        Connection Handle : 11 (0x000b)
04-13 13:07:30.700  3046  3397 I bt_hci  : 13:07:30.700                             Current Mode : 2 (Sniff)
04-13 13:07:30.700  3046  3397 I bt_hci  : 13:07:30.700                   Interval (625us units) : 798 (0x031e)
04-13 13:07:30.700  3046  3397 I bt_hci  : 13:07:30.700 --
04-13 13:07:31.683  3046  3397 I bt_hci  : 13:07:31.683 --
04-13 13:07:31.684  3046  3397 I bt_hci  : 13:07:31.684 RCVD Event from HCI. Name: HCI_Sniff_Subrating  (Hex Code: 0x2e  Param Len: 11) Ctrl(0)
04-13 13:07:31.684  3046  3397 I bt_hci  : 13:07:31.684 Parameters
04-13 13:07:31.684  3046  3397 I bt_hci  : 13:07:31.684                                   Status : Success (0x00)
04-13 13:07:31.684  3046  3397 I bt_hci  : 13:07:31.684                        Connection Handle : 11 (0x000b)
04-13 13:07:31.684  3046  3397 I bt_hci  : 13:07:31.684                     Max Transmit Latency : 798 (0x031e)
04-13 13:07:31.684  3046  3397 I bt_hci  : 13:07:31.684                      Max Receive Latency : 798 (0x031e)
04-13 13:07:31.684  3046  3397 I bt_hci  : 13:07:31.684                       Min Remote Timeout : 2 (0x0002)
04-13 13:07:31.684  3046  3397 I bt_hci  : 13:07:31.684                        Min Local Timeout : 2 (0x0002)
04-13 13:07:31.684  3046  3397 I bt_hci  : 13:07:31.684 --
04-13 13:07:33.966  2743  2774 I chatty  : uid=1000(system) android.bg expire 23 lines
04-13 13:07:34.517  2743  2774 I chatty  : uid=1000(system) android.bg expire 5 lines
04-13 13:07:36.964 31269 31291 I PlayCommon: [997] com.google.android.play.b.h.e(263): Preparing logs for uploading
04-13 13:07:36.965 31269 31291 I PlayCommon: [997] com.google.android.play.b.h.e(267): No file ready to send
04-13 13:07:55.732  2743  2774 V NetworkPolicy: updateRulesForPowerRestrictionsUL(10187), isIdle: false, mRestrictPower: false, mDeviceIdleMode: false, isForeground=true, isWhitelisted=true, oldRule=0 (NONE), newRule=0 (NONE), newUidRules=2 (TEMPORARY_ALLOW_METERED), oldUidRules=2 (TEMPORARY_ALLOW_METERED)
04-13 13:08:00.171  3046  3485 I bt_rfcomm: 13:08:00.170 RFCOMM RECV    -    UIH dlci: 8 [d:0, scn: 4] cr:0 pf:1 len:286 credit:1
04-13 13:08:00.171  3046  3397 I bt_hci  : 13:08:00.171 --
04-13 13:08:00.171  3046  3397 I bt_hci  : 13:08:00.171 RCVD Event from HCI. Name: HCI_Mode_Change  (Hex Code: 0x14  Param Len: 6) Ctrl(0)
04-13 13:08:00.171  3046  3397 I bt_hci  : 13:08:00.171 Parameters
04-13 13:08:00.172  3046  3397 I bt_hci  : 13:08:00.171                                   Status : Success (0x00)
04-13 13:08:00.172  3046  3397 I bt_hci  : 13:08:00.172                        Connection Handle : 11 (0x000b)
04-13 13:08:00.172  3046  3397 I bt_hci  : 13:08:00.172                             Current Mode : 0 (Active)
04-13 13:08:00.172  3046  3397 I bt_hci  : 13:08:00.172                   Interval (625us units) : 0 (0x0000)
04-13 13:08:00.172  3046  3397 I bt_hci  : 13:08:00.172 --
04-13 13:08:00.177  3046  3485 I bt_rfcomm: 13:08:00.177 RFCOMM SENT    -    UIH dlci: 8 [d:0, scn: 4] cr:1 pf:1 len:41 credit:1
04-13 13:08:00.208  2743  4271 I chatty  : uid=1000(system) Binder:2743_12 expire 26 lines
04-13 13:08:00.210  2743  4271 V NetworkPolicy: updateRulesForPowerRestrictionsUL(10187), isIdle: false, mRestrictPower: false, mDeviceIdleMode: false, isForeground=true, isWhitelisted=true, oldRule=0 (NONE), newRule=0 (NONE), newUidRules=2 (TEMPORARY_ALLOW_METERED), oldUidRules=2 (TEMPORARY_ALLOW_METERED)
04-13 13:08:00.562  2743  2753 I zygote64: Background concurrent copying GC freed 68544(3MB) AllocSpace objects, 0(0B) LOS objects, 42% free, 22MB/39MB, paused 1.592ms total 345.141ms
04-13 13:08:00.971  2449  2496 I ThermalEngine: notify_clnts: msm_therm Reading: 31000, Hi(1) 35000, Lo(1) 31000
04-13 13:08:03.091  2743  3002 I chatty  : uid=1000(system) NetworkStats expire 2 lines
04-13 13:08:03.108  2560  2790 V CommandListener: bwctrlcmd: argc=2 bandwidth gettetherstats ...
04-13 13:08:03.133  2743  3003 I chatty  : uid=1000(system) NetworkPolicy expire 4 lines
04-13 13:08:03.137  2560  2790 V CommandListener: bwctrlcmd: argc=3 bandwidth setglobalalert ...
04-13 13:08:06.296  3046  3397 I bt_hci  : 13:08:06.295 --
04-13 13:08:06.296  3046  3397 I bt_hci  : 13:08:06.296 RCVD Event from HCI. Name: HCI_Mode_Change  (Hex Code: 0x14  Param Len: 6) Ctrl(0)
04-13 13:08:06.296  3046  3397 I bt_hci  : 13:08:06.296 Parameters
04-13 13:08:06.296  3046  3397 I bt_hci  : 13:08:06.296                                   Status : Success (0x00)
04-13 13:08:06.296  3046  3397 I bt_hci  : 13:08:06.296                        Connection Handle : 11 (0x000b)
04-13 13:08:06.296  3046  3397 I bt_hci  : 13:08:06.296                             Current Mode : 2 (Sniff)
04-13 13:08:06.296  3046  3397 I bt_hci  : 13:08:06.296                   Interval (625us units) : 798 (0x031e)
04-13 13:08:06.297  3046  3397 I bt_hci  : 13:08:06.297 --
04-13 13:08:07.598  3046  3397 I bt_hci  : 13:08:07.598 --
04-13 13:08:07.598  3046  3397 I bt_hci  : 13:08:07.598 RCVD Event from HCI. Name: HCI_Sniff_Subrating  (Hex Code: 0x2e  Param Len: 11) Ctrl(0)
04-13 13:08:07.598  3046  3397 I bt_hci  : 13:08:07.598 Parameters
04-13 13:08:07.598  3046  3397 I bt_hci  : 13:08:07.598                                   Status : Success (0x00)
04-13 13:08:07.598  3046  3397 I bt_hci  : 13:08:07.598                        Connection Handle : 11 (0x000b)
04-13 13:08:07.599  3046  3397 I bt_hci  : 13:08:07.598                     Max Transmit Latency : 798 (0x031e)
04-13 13:08:07.599  3046  3397 I bt_hci  : 13:08:07.599                      Max Receive Latency : 798 (0x031e)
04-13 13:08:07.599  3046  3397 I bt_hci  : 13:08:07.599                       Min Remote Timeout : 2 (0x0002)
04-13 13:08:07.599  3046  3397 I bt_hci  : 13:08:07.599                        Min Local Timeout : 2 (0x0002)
04-13 13:08:07.599  3046  3397 I bt_hci  : 13:08:07.599 --
04-13 13:08:29.261  2743  4063 I chatty  : uid=1000(system) Binder:2743_C expire 22 lines
04-13 13:08:29.271  2743  2805 W SystemReader: Cannot find sku_id, use default value instead
04-13 13:08:29.272  2743  2805 I chatty  : uid=1000(system) PMS expire 2 lines
04-13 13:08:29.277  2743  2743 D UsbnetService: BroadcastReceiver::onReceive+
04-13 13:08:29.277  2743  2743 D UsbnetService: onReceive BATTERY_CHANGED
04-13 13:08:29.277  2743  2743 D UsbnetService:  --> pluggedType = 2, mPluggedType = 0, mScreenOff = false
04-13 13:08:29.277  2743  2743 D UsbnetService: BroadcastReceiver::onReceive-
04-13 13:08:29.278  2743  2743 I chatty  : uid=1000 system_server expire 12 lines
04-13 13:08:29.278  2743  2800 I chatty  : uid=1000(system) android.fg expire 2 lines
04-13 13:08:29.278  2743  3005 D WifiController: handleMessage: E msg.what=155652
04-13 13:08:29.279  2743  3005 D WifiController: processMsg: ApEnabledState
04-13 13:08:29.279  2743  3005 D WifiController: processMsg: DefaultState
04-13 13:08:29.279  2743  3005 D WifiController: handleMessage: X
04-13 13:08:29.281  3079  3079 I BatteryController: (lvl,plug,charged,charging)=(100,T,T,T) [status,health,timeout,unsupprt]=[5,2,f,f]
04-13 13:08:29.282  4120  4120 D IceView : [EventService] checkEventUpdateCondition, bCheckCondition:true, mCoverOn:false,mbIsUserInForeground:true
04-13 13:08:30.237  2743  2774 I chatty  : uid=1000(system) android.bg expire 5 lines
04-13 13:08:30.244  2743  2774 V NetworkPolicy: updateRulesForPowerRestrictionsUL(10187), isIdle: false, mRestrictPower: false, mDeviceIdleMode: false, isForeground=true, isWhitelisted=true, oldRule=0 (NONE), newRule=0 (NONE), newUidRules=2 (TEMPORARY_ALLOW_METERED), oldUidRules=2 (TEMPORARY_ALLOW_METERED)
04-13 13:08:30.570  2565  2565 I thermal-monitor: update expected surface temperature: 30.7
04-13 13:08:32.894  3674  3674 I hostapd : wlan0: STA 20:68:9d:3a:3c:64 WPA: group key handshake completed (RSN)
04-13 13:08:32.895  3674  3674 I hostapd : wlan0: STA 20:68:9d:3a:3c:64 WPA: group key handshake completed (RSN)
04-13 13:08:58.512  3268  3268 D HtcBuildUtils: [SWITCH_PHONE] - supportSwitchPhoneByAOSP = true
04-13 13:08:59.692  3268  3268 D HtcBuildUtils: [SWITCH_PHONE] - supportSwitchPhoneByAOSP = true
04-13 13:09:03.567  3046  3485 I bt_rfcomm: 13:09:03.567 RFCOMM RECV    -    UIH dlci:15 [d:1, scn: 7] cr:0 pf:1 len:34 credit:2
04-13 13:09:03.567  3046  3397 I bt_hci  : 13:09:03.567 --
04-13 13:09:03.567  3046  3397 I bt_hci  : 13:09:03.567 RCVD Event from HCI. Name: HCI_Mode_Change  (Hex Code: 0x14  Param Len: 6) Ctrl(0)
04-13 13:09:03.567  3046  3397 I bt_hci  : 13:09:03.567 Parameters
04-13 13:09:03.568  3046  3397 I bt_hci  : 13:09:03.568                                   Status : Success (0x00)
04-13 13:09:03.568  3046  3397 I bt_hci  : 13:09:03.568                        Connection Handle : 11 (0x000b)
04-13 13:09:03.568  3046  3397 I bt_hci  : 13:09:03.568                             Current Mode : 0 (Active)
04-13 13:09:03.568  3046  3397 I bt_hci  : 13:09:03.568                   Interval (625us units) : 0 (0x0000)
04-13 13:09:03.568  3046  3397 I bt_hci  : 13:09:03.568 --
04-13 13:09:03.573  3046  3485 I bt_rfcomm: 13:09:03.573 RFCOMM SENT    -    UIH dlci:15 [d:1, scn: 7] cr:1 pf:1 len:5 credit:1
04-13 13:09:03.717  3046  3485 I bt_rfcomm: 13:09:03.716 RFCOMM SENT    -    UIH dlci:15 [d:1, scn: 7] cr:1 pf:0 len:32 
04-13 13:09:09.272  3046  3397 I bt_hci  : 13:09:09.271 --
04-13 13:09:09.272  3046  3397 I bt_hci  : 13:09:09.272 RCVD Event from HCI. Name: HCI_Mode_Change  (Hex Code: 0x14  Param Len: 6) Ctrl(0)
04-13 13:09:09.272  3046  3397 I bt_hci  : 13:09:09.272 Parameters
04-13 13:09:09.272  3046  3397 I bt_hci  : 13:09:09.272                                   Status : Success (0x00)
04-13 13:09:09.272  3046  3397 I bt_hci  : 13:09:09.272                        Connection Handle : 11 (0x000b)
04-13 13:09:09.273  3046  3397 I bt_hci  : 13:09:09.272                             Current Mode : 2 (Sniff)
04-13 13:09:09.273  3046  3397 I bt_hci  : 13:09:09.273                   Interval (625us units) : 798 (0x031e)
04-13 13:09:09.273  3046  3397 I bt_hci  : 13:09:09.273 --
04-13 13:09:09.938  3046  3397 I bt_hci  : 13:09:09.937 --
04-13 13:09:09.938  3046  3397 I bt_hci  : 13:09:09.938 RCVD Event from HCI. Name: HCI_Sniff_Subrating  (Hex Code: 0x2e  Param Len: 11) Ctrl(0)
04-13 13:09:09.938  3046  3397 I bt_hci  : 13:09:09.938 Parameters
04-13 13:09:09.938  3046  3397 I bt_hci  : 13:09:09.938                                   Status : Success (0x00)
04-13 13:09:09.938  3046  3397 I bt_hci  : 13:09:09.938                        Connection Handle : 11 (0x000b)
04-13 13:09:09.938  3046  3397 I bt_hci  : 13:09:09.938                     Max Transmit Latency : 798 (0x031e)
04-13 13:09:09.938  3046  3397 I bt_hci  : 13:09:09.938                      Max Receive Latency : 798 (0x031e)
04-13 13:09:09.938  3046  3397 I bt_hci  : 13:09:09.938                       Min Remote Timeout : 2 (0x0002)
04-13 13:09:09.939  3046  3397 I bt_hci  : 13:09:09.939                        Min Local Timeout : 2 (0x0002)
04-13 13:09:09.939  3046  3397 I bt_hci  : 13:09:09.939 --
04-13 13:09:25.747  3268  3268 D HtcBuildUtils: [SWITCH_PHONE] - supportSwitchPhoneByAOSP = true
04-13 13:09:26.811  3268  3268 D HtcBuildUtils: [SWITCH_PHONE] - supportSwitchPhoneByAOSP = true
04-13 13:09:29.267  2743  2743 D UsbnetService: BroadcastReceiver::onReceive+
04-13 13:09:29.267  2743  2743 D UsbnetService: onReceive BATTERY_CHANGED
04-13 13:09:29.267  2743  2743 D UsbnetService:  --> pluggedType = 2, mPluggedType = 0, mScreenOff = false
04-13 13:09:29.267  2743  2743 D UsbnetService: BroadcastReceiver::onReceive-
04-13 13:09:29.269  2743  3005 D WifiController: handleMessage: E msg.what=155652
04-13 13:09:29.269  2743  3005 D WifiController: processMsg: ApEnabledState
04-13 13:09:29.269  2743  3005 D WifiController: processMsg: DefaultState
04-13 13:09:29.269  2743  3005 D WifiController: handleMessage: X
04-13 13:09:29.271  2743  2805 W SystemReader: Cannot find sku_id, use default value instead
04-13 13:09:29.275  4120  4120 D IceView : [EventService] checkEventUpdateCondition, bCheckCondition:true, mCoverOn:false,mbIsUserInForeground:true
04-13 13:09:29.276  3079  3079 I BatteryController: (lvl,plug,charged,charging)=(100,T,T,T) [status,health,timeout,unsupprt]=[5,2,f,f]
04-13 13:09:30.577  2565  2565 I thermal-monitor: update expected surface temperature: 30.7
04-13 13:09:42.614  7167  7229 I tnet-jni: 109 - [spdyPingRecvCallback] - 
04-13 13:09:42.614  7167  7229 I tnet-jni: 109 - [SpdySessionCallBack.spdyPingRecvCallback] - org.android.spdy.SpdySession@f4ac97f
04-13 13:09:54.005  3268  3268 D HtcBuildUtils: [SWITCH_PHONE] - supportSwitchPhoneByAOSP = true
04-13 13:09:55.447  3268  3268 D HtcBuildUtils: [SWITCH_PHONE] - supportSwitchPhoneByAOSP = true
04-13 13:09:57.141  7167  7953 D SQLiteConnection: DB info: open connection, path: /data/user/0/com.alibaba.aliexpresshd/databases/ut.db, handle: 0xe40fce00, flag: 0x6, FH handler: 0xe88b5080, count: 1
04-13 13:10:00.003  2743  2994 I chatty  : uid=1000(system) AlarmManager expire 8 lines
04-13 13:10:00.004   700   700 I chatty  : uid=1000(system) memtrack@1.0-se expire 2 lines
04-13 13:10:00.038  2743 10736 D PMS     : releaseWL(69a6fa4): PARTIAL_WAKE_LOCK  GCoreFlp 0x1 WorkSource{10024 com.google.android.gms} 0x0
04-13 13:10:00.039  3914  5159 D WifiManager: getScanResults: Base Package Name=com.google.android.gms, uid=10024
04-13 13:10:00.045  3914  5159 I Places  : Converted 0 out of 0 WiFi scans
04-13 13:10:00.047  2743  4063 D PMS     : acquireWL(f4586d3): PARTIAL_WAKE_LOCK  GCoreFlp 0x1 3914 10024 WorkSource{10024 com.google.android.gms, 10165 com.google.android.apps.walletnfcrel}
04-13 13:10:00.048  2743 10736 D PMS     : acquireWL(9e0e210): PARTIAL_WAKE_LOCK  UlrDispSvcFastWL 0x1 3914 10024 null
04-13 13:10:00.053  2743  4081 D PMS     : acquireWL(7366f0e): PARTIAL_WAKE_LOCK  NlpWakeLock 0x1 3914 10024 WorkSource{10024 com.google.android.gms}
04-13 13:10:00.058  2743 10736 D PMS     : releaseWL(f4586d3): PARTIAL_WAKE_LOCK  GCoreFlp 0x1 WorkSource{10024 com.google.android.gms, 10165 com.google.android.apps.walletnfcrel} 0x0
04-13 13:10:00.062  2743  4262 D PMS     : acquireWL(ad7bd2f): PARTIAL_WAKE_LOCK  GCoreFlp 0x1 3914 10024 WorkSource{10024 com.google.android.gms}
04-13 13:10:00.064  2743  4262 D PMS     : acquireWL(ada0f3c): PARTIAL_WAKE_LOCK  CMWakeLock 0x1 3914 10024 WorkSource{10024 com.google.android.gms}
04-13 13:10:00.067  2743  4262 D PMS     : acquireWL(3e4f4c5): PARTIAL_WAKE_LOCK  NlpCollectorWakeLock 0x1 3914 10024 WorkSource{10024 com.google.android.gms}
04-13 13:10:00.068  3914  3914 I GeofencerStateMachine: sendTransitions: location=Location[fused 54,988699,73,374937 hAcc=1800 et=+1d0h57m51s312ms vAcc=??? sAcc=??? bAcc=??? {Bundle[mParcelledData.dataSize=452]}]
04-13 13:10:00.069  2743  4064 D PMS     : acquireWL(6e6e1a): PARTIAL_WAKE_LOCK  Wakeful StateMachine: GeofencerStateMachine 0x1 3914 10024 WorkSource{10024 com.google.android.gms}
04-13 13:10:00.072   703   703 W CwMcuSensor: D/CwMcuSensor::flush++: handle = 0
04-13 13:10:00.072   703   703 W CwMcuSensor: D/CwMcuSensor::flush: open() called, fd = 17
04-13 13:10:00.072   703   703 W CwMcuSensor: D/CwMcuSensor::flush: write() called, rc = 2
04-13 13:10:00.072   703   703 W CwMcuSensor: D/CwMcuSensor::flush--: fd = 17, sensors_id = 0, path = /sys/class/htc_sensorhub/sensor_hub/flush, err = 0
04-13 13:10:00.076  2743  4063 D PMS     : releaseWL(ad7bd2f): PARTIAL_WAKE_LOCK  GCoreFlp 0x1 WorkSource{10024 com.google.android.gms} 0x0
04-13 13:10:00.078   703  1696 I CwMcuSensor: offset changed, id = 0, offset = -728745406218
04-13 13:10:00.080  2743  2990 W SensorService: D/Accel[1](x, y, z, t) = ( -0.9,   0.8,   9.8, 89080209ms), sys_time = 89871380ms
04-13 13:10:00.081  2743  4262 D PMS     : releaseWL(ada0f3c): PARTIAL_WAKE_LOCK  CMWakeLock 0x1 WorkSource{10024 com.google.android.gms} 0x0
04-13 13:10:00.090  2743  4064 D PMS     : acquireWL(6f551e6): PARTIAL_WAKE_LOCK  GCoreFlp 0x1 3914 10024 WorkSource{10024 com.google.android.gms, 10165 com.google.android.apps.walletnfcrel}
04-13 13:10:00.091  2743  4063 D PMS     : acquireWL(14b09d4): PARTIAL_WAKE_LOCK  CMWakeLock 0x1 3914 10024 WorkSource{10024 com.google.android.gms}
04-13 13:10:00.092  2743  4081 D PMS     : releaseWL(7366f0e): PARTIAL_WAKE_LOCK  NlpWakeLock 0x1 WorkSource{10024 com.google.android.gms} 0x0
04-13 13:10:00.097  3914  3914 I GeofencerStateMachine: sendNewLocationAvailability: availability=LocationAvailability[isLocationAvailable: false]
04-13 13:10:00.098  2743  4271 D PMS     : acquireWL(7e9f77d): PARTIAL_WAKE_LOCK  NlpWakeLock 0x1 3914 10024 WorkSource{10024 com.google.android.gms}
04-13 13:10:00.101  2743  4063 D PMS     : releaseWL(6f551e6): PARTIAL_WAKE_LOCK  GCoreFlp 0x1 WorkSource{10024 com.google.android.gms, 10165 com.google.android.apps.walletnfcrel} 0x0
04-13 13:10:00.102  2743  4081 D PMS     : acquireWL(6e6e1a): PARTIAL_WAKE_LOCK  Wakeful StateMachine: GeofencerStateMachine 0x1 3914 10024 WorkSource{10024 com.google.android.gms}
04-13 13:10:00.129  3914 10933 I GCoreUlr: Successfully inserted 1 locations
04-13 13:10:00.135  2743  4271 D PMS     : releaseWL(9e0e210): PARTIAL_WAKE_LOCK  UlrDispSvcFastWL 0x1 null 0x0
04-13 13:10:00.136   703  1696 E CwMcuSensor: Do syncronization due to wrong delta mcu_timestamp
04-13 13:10:00.136   703  1696 W CwMcuSensor: id = 0, event_mcu_time = 89985180 ms > last_mcu_timestamp = 89995660 ms
04-13 13:10:00.139  2743  4063 D PMS     : releaseWL(14b09d4): PARTIAL_WAKE_LOCK  CMWakeLock 0x1 WorkSource{10024 com.google.android.gms} 0x0
04-13 13:10:00.140  2743  4271 D PMS     : acquireWL(2a2b7be): PARTIAL_WAKE_LOCK  NlpWakeLock 0x1 3914 10024 WorkSource{10024 com.google.android.gms, 10165 com.google.android.apps.walletnfcrel}
04-13 13:10:00.146  2743  3005 D WifiController: handleMessage: E msg.what=155654
04-13 13:10:00.146  2743  4271 W SystemReader: Cannot find sku_id, use default value instead
04-13 13:10:00.147  2743  3005 D WifiController: processMsg: ApEnabledState
04-13 13:10:00.147  2743  3005 D WifiController: processMsg: DefaultState
04-13 13:10:00.147  2743  3005 D WifiController: handleMessage: X
04-13 13:10:00.150  2743  4064 D PMS     : acquireWL(e38501f): PARTIAL_WAKE_LOCK  UlrDispSvcFastWL 0x1 3914 10024 null
04-13 13:10:00.151  2743  4271 D SettingsProvider:HtcCustomReader: getCustomerAcc(): BRIGHTSTARUS_WWE
04-13 13:10:00.151  2743  4063 D PMS     : releaseWL(7e9f77d): PARTIAL_WAKE_LOCK  NlpWakeLock 0x1 WorkSource{10024 com.google.android.gms} 0x0
04-13 13:10:00.153  2743  2743 D PMS     : releaseWL(4bf875b): PARTIAL_WAKE_LOCK  *alarm* 0x40000001 WorkSource{10024, 10165} 0x0
04-13 13:10:00.157  2743  4064 D PMS     : releaseWL(e38501f): PARTIAL_WAKE_LOCK  UlrDispSvcFastWL 0x1 null 0x0
04-13 13:10:00.160  2743  4271 D NetworkPolicy: uid 10024 is temporary whitelisted on metered network
04-13 13:10:00.174  2743  4081 D PMS     : acquireWL(d5dbf6c): PARTIAL_WAKE_LOCK  NlpWakeLock 0x1 3914 10024 WorkSource{10024 com.google.android.gms}
04-13 13:10:00.175  2743  4063 D PMS     : acquireWL(ac59935): PARTIAL_WAKE_LOCK  CMWakeLock 0x1 3914 10024 WorkSource{10024 com.google.android.gms}
04-13 13:10:00.181  2743  4063 D PMS     : releaseWL(d5dbf6c): PARTIAL_WAKE_LOCK  NlpWakeLock 0x1 WorkSource{10024 com.google.android.gms} 0x0
04-13 13:10:00.183  2743  4081 D PMS     : releaseWL(ac59935): PARTIAL_WAKE_LOCK  CMWakeLock 0x1 WorkSource{10024 com.google.android.gms} 0x0
04-13 13:10:00.185  2743  4064 D PMS     : acquireWL(a9bcf3b): PARTIAL_WAKE_LOCK  GeofencePendingIntentWakeLock 0x1 3914 10024 null
04-13 13:10:00.195  2743  4081 D PMS     : acquireWL(1c393b1): PARTIAL_WAKE_LOCK  NlpWakeLock 0x1 3914 10024 WorkSource{10024 com.google.android.gms}
04-13 13:10:00.197  2743  4063 D PMS     : releaseWL(6e6e1a): PARTIAL_WAKE_LOCK  Wakeful StateMachine: GeofencerStateMachine 0x1 WorkSource{10024 com.google.android.gms} 0x0
04-13 13:10:00.200  2743  4271 D PMS     : releaseWL(1c393b1): PARTIAL_WAKE_LOCK  NlpWakeLock 0x1 WorkSource{10024 com.google.android.gms} 0x0
04-13 13:10:00.201  2743  4064 D PMS     : acquireWL(32c0096): PARTIAL_WAKE_LOCK  GCoreFlp 0x1 3914 10024 WorkSource{10024 com.google.android.gms}
04-13 13:10:00.202  2743  4081 D PMS     : releaseWL(32c0096): PARTIAL_WAKE_LOCK  GCoreFlp 0x1 WorkSource{10024 com.google.android.gms} 0x0
04-13 13:10:00.204  2743  4063 D PMS     : acquireWL(bee2417): PARTIAL_WAKE_LOCK  GCoreFlp 0x1 3914 10024 WorkSource{10024 com.google.android.gms}
04-13 13:10:00.206  2743  4064 D PMS     : acquireWL(42e9004): PARTIAL_WAKE_LOCK  GCoreFlp 0x1 3914 10024 WorkSource{10024 com.google.android.gms}
04-13 13:10:00.207  2743  4081 D PMS     : releaseWL(bee2417): PARTIAL_WAKE_LOCK  GCoreFlp 0x1 WorkSource{10024 com.google.android.gms} 0x0
04-13 13:10:00.210  2743  4063 D PMS     : acquireWL(eccb9ed): PARTIAL_WAKE_LOCK  GCoreFlp 0x1 3914 10024 WorkSource{10024 com.google.android.gms, 10165 com.google.android.apps.walletnfcrel}
04-13 13:10:00.211  2743  4271 D PMS     : acquireWL(81f9022): PARTIAL_WAKE_LOCK  NlpWakeLock 0x1 3914 10024 WorkSource{10024 com.google.android.gms, 10165 com.google.android.apps.walletnfcrel}
04-13 13:10:00.212  2743  4064 D PMS     : releaseWL(42e9004): PARTIAL_WAKE_LOCK  GCoreFlp 0x1 WorkSource{10024 com.google.android.gms} 0x0
04-13 13:10:00.213  2743  4081 D PMS     : acquireWL(fa6eab3): PARTIAL_WAKE_LOCK  GCoreFlp 0x1 3914 10024 WorkSource{10024 com.google.android.gms}
04-13 13:10:00.215  2743  4063 D PMS     : acquireWL(f06a870): PARTIAL_WAKE_LOCK  GCoreFlp 0x1 3914 10024 WorkSource{10024 com.google.android.gms}
04-13 13:10:00.216  2743  4064 D PMS     : acquireWL(3c807e9): PARTIAL_WAKE_LOCK  GCoreFlp 0x1 3914 10024 WorkSource{10024 com.google.android.gms}
04-13 13:10:00.222  2743  4081 D PMS     : acquireWL(5ca8c6e): PARTIAL_WAKE_LOCK  GCoreFlp 0x1 3914 10024 WorkSource{10024 com.google.android.gms}
04-13 13:10:00.224  2743  4271 D PMS     : releaseWL(81f9022): PARTIAL_WAKE_LOCK  NlpWakeLock 0x1 WorkSource{10024 com.google.android.gms, 10165 com.google.android.apps.walletnfcrel} 0x0
04-13 13:10:00.225  3914  3914 I GeofencerStateMachine: removeGeofences: removeRequest=RemoveGeofencingRequest[REMOVE_BY_IDS Ids=[QEt+Yf74mQNAUlgYJmdy1kT6AAD/////AAAAAA==?], packageName=com.google.android.gms]
04-13 13:10:00.226  2743  4271 D PMS     : acquireWL(91b7f0f): PARTIAL_WAKE_LOCK  Wakeful StateMachine: GeofencerStateMachine 0x1 3914 10024 WorkSource{10024 com.google.android.gms}
04-13 13:10:00.226  2743  4063 D PMS     : releaseWL(5ca8c6e): PARTIAL_WAKE_LOCK  GCoreFlp 0x1 WorkSource{10024 com.google.android.gms} 0x0
04-13 13:10:00.228  2743  4271 D PMS     : acquireWL(605db9c): PARTIAL_WAKE_LOCK  GCoreFlp 0x1 3914 10024 WorkSource{10024 com.google.android.gms, 10165 com.google.android.apps.walletnfcrel}
04-13 13:10:00.229  2743  4262 D PMS     : acquireWL(1039a5): PARTIAL_WAKE_LOCK  CMWakeLock 0x1 3914 10024 WorkSource{10024 com.google.android.gms}
04-13 13:10:00.232  2743  4081 D PMS     : acquireWL(91b7f0f): PARTIAL_WAKE_LOCK  Wakeful StateMachine: GeofencerStateMachine 0x1 3914 10024 WorkSource{10024 com.google.android.gms}
04-13 13:10:00.232  2743  4271 D PMS     : releaseWL(1039a5): PARTIAL_WAKE_LOCK  CMWakeLock 0x1 WorkSource{10024 com.google.android.gms} 0x0
04-13 13:10:00.233  3914  3914 I GeofencerStateMachine: sendNewLocationAvailability: availability=LocationAvailability[isLocationAvailable: true]
04-13 13:10:00.233  2743  4081 D PMS     : releaseWL(eccb9ed): PARTIAL_WAKE_LOCK  GCoreFlp 0x1 WorkSource{10024 com.google.android.gms, 10165 com.google.android.apps.walletnfcrel} 0x0
04-13 13:10:00.234  2743  4271 D PMS     : acquireWL(91b7f0f): PARTIAL_WAKE_LOCK  Wakeful StateMachine: GeofencerStateMachine 0x1 3914 10024 WorkSource{10024 com.google.android.gms}
04-13 13:10:00.235  2743  4081 D PMS     : releaseWL(fa6eab3): PARTIAL_WAKE_LOCK  GCoreFlp 0x1 WorkSource{10024 com.google.android.gms} 0x0
04-13 13:10:00.236  2743  4063 D PMS     : releaseWL(605db9c): PARTIAL_WAKE_LOCK  GCoreFlp 0x1 WorkSource{10024 com.google.android.gms, 10165 com.google.android.apps.walletnfcrel} 0x0
04-13 13:10:00.237  2743  4081 D PMS     : releaseWL(f06a870): PARTIAL_WAKE_LOCK  GCoreFlp 0x1 WorkSource{10024 com.google.android.gms} 0x0
04-13 13:10:00.238  2743  4262 D PMS     : releaseWL(3c807e9): PARTIAL_WAKE_LOCK  GCoreFlp 0x1 WorkSource{10024 com.google.android.gms} 0x0
04-13 13:10:00.240  2743  4262 D PMS     : acquireWL(317017a): PARTIAL_WAKE_LOCK  NlpWakeLock 0x1 3914 10024 WorkSource{10069 com.htc.Weather}
04-13 13:10:00.243  2743  4063 D PMS     : acquireWL(19afd2b): PARTIAL_WAKE_LOCK  CMWakeLock 0x1 3914 10024 WorkSource{10024 com.google.android.gms}
04-13 13:10:00.244  2743  4271 D PMS     : releaseWL(a9bcf3b): PARTIAL_WAKE_LOCK  GeofencePendingIntentWakeLock 0x1 null 0x0
04-13 13:10:00.249  2743  4262 D PMS     : releaseWL(317017a): PARTIAL_WAKE_LOCK  NlpWakeLock 0x1 WorkSource{10069 com.htc.Weather} 0x0
04-13 13:10:00.254  2743  4063 D AlarmManager: [AlarmGrouping_3.6] before: 2631588 2018-04-13 13:15:00 90171448 name=com.google.android.gms type=ELAPSED_WAKEUP window=37500 interval=0
04-13 13:10:00.254  2743  4063 D AlarmManager: [AlarmGrouping_3.6] after:  2631588 2018-04-13 13:20:00 90471300 name=com.google.android.gms type=ELAPSED_WAKEUP window=37500 interval=0
04-13 13:10:00.256  2743  3005 D WifiController: handleMessage: E msg.what=155654
04-13 13:10:00.256  2743  3005 D WifiController: processMsg: ApEnabledState
04-13 13:10:00.256  2743  3005 D WifiController: processMsg: DefaultState
04-13 13:10:00.256  2743  3005 D WifiController: handleMessage: X
04-13 13:10:00.257  2743  4271 D PMS     : releaseWL(2a2b7be): PARTIAL_WAKE_LOCK  NlpWakeLock 0x1 WorkSource{10024 com.google.android.gms, 10165 com.google.android.apps.walletnfcrel} 0x0
04-13 13:10:00.259  2743  4063 D PMS     : acquireWL(3efcb21): PARTIAL_WAKE_LOCK  UlrDispSvcFastWL 0x1 3914 10024 null
04-13 13:10:00.270  2743  4081 D PMS     : acquireWL(983bb46): PARTIAL_WAKE_LOCK  GCoreFlp 0x1 3914 10024 WorkSource{10024 com.google.android.gms}
04-13 13:10:00.277  2743  4271 D PMS     : releaseWL(983bb46): PARTIAL_WAKE_LOCK  GCoreFlp 0x1 WorkSource{10024 com.google.android.gms} 0x0
04-13 13:10:00.283  2743  4063 D PMS     : releaseWL(3efcb21): PARTIAL_WAKE_LOCK  UlrDispSvcFastWL 0x1 null 0x0
04-13 13:10:00.288  2743  4063 D PMS     : acquireWL(e4a4107): PARTIAL_WAKE_LOCK  NlpWakeLock 0x1 3914 10024 WorkSource{10024 com.google.android.gms}
04-13 13:10:00.290  3914  3914 I GeofencerStateMachine: addGeofences: geofencingRequest=GeofencingRequest[geofences=[Geofence[CIRCLE id:QEt+ja3TDIJAUlf++QRjPET6AAD/////AAAAAA==? transitions:3 54.988699, 73.374937 2000m, resp=150s, dwell=-1ms, @-1]], initialTrigger=5, tag=places] intent=PendingIntent{b985fcf: android.os.BinderProxy@62c0d5c}
04-13 13:10:00.291  2743  4063 D PMS     : releaseWL(3e4f4c5): PARTIAL_WAKE_LOCK  NlpCollectorWakeLock 0x1 WorkSource{10024 com.google.android.gms} 0x0
04-13 13:10:00.292  2743  4271 D PMS     : acquireWL(91b7f0f): PARTIAL_WAKE_LOCK  Wakeful StateMachine: GeofencerStateMachine 0x1 3914 10024 WorkSource{10024 com.google.android.gms}
04-13 13:10:00.299  2743  4271 D PMS     : acquireWL(7d80234): PARTIAL_WAKE_LOCK  NlpWakeLock 0x1 3914 10024 WorkSource{10024 com.google.android.gms}
04-13 13:10:00.311  3914  3914 I TrustAgent: [PhonePositionTracker] Received AR result: DetectedActivity [type=9, confidence=51] at 1523603367663
04-13 13:10:00.314  3914  3914 I TrustAgent: [PhonePositionTracker] Off body for 0 millis
04-13 13:10:00.314  3914  3914 I TrustAgent: [PhonePositionTracker] Update on person state based on new OFF_BODY result
04-13 13:10:00.314  3914  3914 I TrustAgent: [PhonePositionTracker] Switching to off person state
04-13 13:10:00.314  3914  3914 I TrustAgent: [PhonePositionTracker] Unregistering from activity recognition
04-13 13:10:00.314  3914  3914 W GmsClientEvents: unregisterConnectionCallbacks(): listener alxu@639f3c5 not found
04-13 13:10:00.327  3914  3914 I TrustAgent: [GoogleTrustAgentChimeraService] Trust state changed, trusted: false reason: 
04-13 13:10:00.327  3914 10179 D SQLiteConnection: DB info: close connection, path: /data/user/0/com.google.android.gms/databases/context_feature_default.db, handle: 0x76a4da3900, FH handler: 0x76a3825c80, count: 0
04-13 13:10:00.328  3914 10179 D SQLiteConnection: DB info: close connection, path: /data/user/0/com.google.android.gms/databases/context___ContextManagerNullAccount__.db, handle: 0x7699525c00, FH handler: 0x769fbfa580, count: 0
04-13 13:10:00.334  3914  5103 D libc    : [NET] android_getaddrinfo_proxy get netid:0
04-13 13:10:00.337  2560 11237 D libc    : [NET] _dns_getaddrinfo+, netid:108, mark:917612
04-13 13:10:00.337  2743  4262 D PMS     : releaseWL(7d80234): PARTIAL_WAKE_LOCK  NlpWakeLock 0x1 WorkSource{10024 com.google.android.gms} 0x0
04-13 13:10:00.348  2743  4271 D PMS     : acquireWL(91b7f0f): PARTIAL_WAKE_LOCK  Wakeful StateMachine: GeofencerStateMachine 0x1 3914 10024 WorkSource{10024 com.google.android.gms}
04-13 13:10:00.352  3914  3914 I TrustAgent: [PhonePositionTracker] successfully removed the activity updates.
04-13 13:10:00.355  3914 10179 D SQLiteConnection: DB info: open connection, path: /data/user/0/com.google.android.gms/databases/context_induction.lab_gmail.com.db, handle: 0x7699525c00, flag: 0x6, FH handler: 0x769fbfa580, count: 1
04-13 13:10:00.362  2743  4262 D PMS     : acquireWL(b75bd59): PARTIAL_WAKE_LOCK  NlpWakeLock 0x1 3914 10024 WorkSource{10024 com.google.android.gms}
04-13 13:10:00.364  3914  5101 D libc    : [NET] android_getaddrinfo_proxy get netid:0
04-13 13:10:00.367  2743  4271 D PMS     : acquireWL(ca8ed1e): PARTIAL_WAKE_LOCK  GeofencePendingIntentWakeLock 0x1 3914 10024 WorkSource{10024 com.google.android.gms}
04-13 13:10:00.370  2743  4262 D PMS     : releaseWL(b75bd59): PARTIAL_WAKE_LOCK  NlpWakeLock 0x1 WorkSource{10024 com.google.android.gms} 0x0
04-13 13:10:00.372  3914  5159 E Places  : ?: No PlaceGeofenceEventListener is registered to PlaceGeofencer.
04-13 13:10:00.377  2743  4271 D PMS     : releaseWL(ca8ed1e): PARTIAL_WAKE_LOCK  GeofencePendingIntentWakeLock 0x1 null 0x0
04-13 13:10:00.380  3914 10179 D SQLiteDBG: func: executeNonQuery, path: /data/user/0/com.google.android.gms/databases/context_induction.lab_gmail.com.db, handle: 0x7699525c00
04-13 13:10:00.380  3914 10179 D SQLiteDBG: handleSQLiteError, path: /data/user/0/com.google.android.gms/databases/context_induction.lab_gmail.com.db, handle: 0x7699525c00, errCode: 19, msg: UNIQUE constraint failed: context.context_id
04-13 13:10:00.389  3914 10179 D SQLiteDBG: func: executeNonQuery, path: /data/user/0/com.google.android.gms/databases/context_induction.lab_gmail.com.db, handle: 0x7699525c00
04-13 13:10:00.389  3914 10179 D SQLiteDBG: handleSQLiteError, path: /data/user/0/com.google.android.gms/databases/context_induction.lab_gmail.com.db, handle: 0x7699525c00, errCode: 19, msg: UNIQUE constraint failed: context.context_id
04-13 13:10:00.389  2560 11238 D libc    : [NET] _dns_getaddrinfo+, netid:108, mark:917612
04-13 13:10:00.397  3914 10179 D SQLiteDBG: func: executeNonQuery, path: /data/user/0/com.google.android.gms/databases/context_induction.lab_gmail.com.db, handle: 0x7699525c00
04-13 13:10:00.397  3914 10179 D SQLiteDBG: handleSQLiteError, path: /data/user/0/com.google.android.gms/databases/context_induction.lab_gmail.com.db, handle: 0x7699525c00, errCode: 19, msg: UNIQUE constraint failed: context.context_id
04-13 13:10:00.404  3914 10179 D SQLiteDBG: func: executeNonQuery, path: /data/user/0/com.google.android.gms/databases/context_induction.lab_gmail.com.db, handle: 0x7699525c00
04-13 13:10:00.404  3914 10179 D SQLiteDBG: handleSQLiteError, path: /data/user/0/com.google.android.gms/databases/context_induction.lab_gmail.com.db, handle: 0x7699525c00, errCode: 19, msg: UNIQUE constraint failed: context.context_id
04-13 13:10:00.404   700   700 W memtrack@1.0-se: type=1400 audit(0.0:19507): avc: denied { search } for name="proc" dev="debugfs" ino=14891 scontext=u:r:hal_memtrack_default:s0 tcontext=u:object_r:qti_debugfs:s0 tclass=dir permissive=0
04-13 13:10:00.404   700   700 W memtrack@1.0-se: type=1400 audit(0.0:19508): avc: denied { search } for name="proc" dev="debugfs" ino=14891 scontext=u:r:hal_memtrack_default:s0 tcontext=u:object_r:qti_debugfs:s0 tclass=dir permissive=0
04-13 13:10:00.412  2560 11237 D libc    : [NET] _dns_getaddrinfo-, (NS_SUCCESS)
04-13 13:10:00.414  3914  5103 D libc    : [NET] android_getaddrinfo_proxy-, success
04-13 13:10:00.423  2743  4081 D PMS     : acquireWL(cc563cc): PARTIAL_WAKE_LOCK  GCoreFlp 0x1 3914 10024 WorkSource{10024 com.google.android.gms}
04-13 13:10:00.425  3914 10179 D SQLiteDBG: func: executeNonQuery, path: /data/user/0/com.google.android.gms/databases/context_induction.lab_gmail.com.db, handle: 0x7699525c00
04-13 13:10:00.425  3914 10179 D SQLiteDBG: handleSQLiteError, path: /data/user/0/com.google.android.gms/databases/context_induction.lab_gmail.com.db, handle: 0x7699525c00, errCode: 19, msg: UNIQUE constraint failed: context.context_id
04-13 13:10:00.427  2743  4271 D PMS     : releaseWL(91b7f0f): PARTIAL_WAKE_LOCK  Wakeful StateMachine: GeofencerStateMachine 0x1 WorkSource{10024 com.google.android.gms} 0x0
04-13 13:10:00.432  3914 10179 D SQLiteDBG: func: executeNonQuery, path: /data/user/0/com.google.android.gms/databases/context_induction.lab_gmail.com.db, handle: 0x7699525c00
04-13 13:10:00.432  3914 10179 D SQLiteDBG: handleSQLiteError, path: /data/user/0/com.google.android.gms/databases/context_induction.lab_gmail.com.db, handle: 0x7699525c00, errCode: 19, msg: UNIQUE constraint failed: context.context_id
04-13 13:10:00.437  2560 11238 D libc    : [NET] _dns_getaddrinfo-, (NS_SUCCESS)
04-13 13:10:00.439  2743  4081 D PMS     : acquireWL(3bd615): PARTIAL_WAKE_LOCK  GCoreFlp 0x1 3914 10024 WorkSource{10024 com.google.android.gms, 10165 com.google.android.apps.walletnfcrel}
04-13 13:10:00.448  2743  4271 D PMS     : acquireWL(df2bd2a): PARTIAL_WAKE_LOCK  Wakeful StateMachine: GeofencerStateMachine 0x1 3914 10024 WorkSource{10024 com.google.android.gms}
04-13 13:10:00.450  2743  4271 D PMS     : releaseWL(df2bd2a): PARTIAL_WAKE_LOCK  Wakeful StateMachine: GeofencerStateMachine 0x1 WorkSource{10024 com.google.android.gms} 0x0
04-13 13:10:00.451  3914  3914 I GCoreUlr: Entering StateMachine onEvent, state=2, code=1
04-13 13:10:00.451  3914  3914 I GCoreUlr: Exiting StateMachine onEvent, state=3
04-13 13:10:00.451  3914  3914 I GCoreUlr: Starting service, intent=Intent { act=com.google.android.location.reporting.ACTION_UPDATE_ACTIVE_STATE cmp=com.google.android.gms/com.google.android.location.reporting.service.DispatchingService (has extras) }, extras=Bundle[{source=Still}]
04-13 13:10:00.452  2743  4271 D PMS     : acquireWL(e79871b): PARTIAL_WAKE_LOCK  NlpWakeLock 0x1 3914 10024 WorkSource{10024 com.google.android.gms}
04-13 13:10:00.457  3914  5101 D libc    : [NET] android_getaddrinfo_proxy-, success
04-13 13:10:00.458  2743  4063 D PMS     : releaseWL(19afd2b): PARTIAL_WAKE_LOCK  CMWakeLock 0x1 WorkSource{10024 com.google.android.gms} 0x0
04-13 13:10:00.459  2743  4064 D PMS     : releaseWL(3bd615): PARTIAL_WAKE_LOCK  GCoreFlp 0x1 WorkSource{10024 com.google.android.gms, 10165 com.google.android.apps.walletnfcrel} 0x0
04-13 13:10:00.462  2743  4063 D PMS     : releaseWL(e79871b): PARTIAL_WAKE_LOCK  NlpWakeLock 0x1 WorkSource{10024 com.google.android.gms} 0x0
04-13 13:10:00.464  2743  4271 D PMS     : acquireWL(acaf0b8): PARTIAL_WAKE_LOCK  NlpWakeLock 0x1 3914 10024 WorkSource{10024 com.google.android.gms}
04-13 13:10:00.468  2743  4262 D PMS     : releaseWL(acaf0b8): PARTIAL_WAKE_LOCK  NlpWakeLock 0x1 WorkSource{10024 com.google.android.gms} 0x0
04-13 13:10:00.467   700   700 W memtrack@1.0-se: type=1400 audit(0.0:19509): avc: denied { search } for name="proc" dev="debugfs" ino=14891 scontext=u:r:hal_memtrack_default:s0 tcontext=u:object_r:qti_debugfs:s0 tclass=dir permissive=0
04-13 13:10:00.471  2743  4064 D PMS     : acquireWL(410be91): PARTIAL_WAKE_LOCK  GCoreFlp 0x1 3914 10024 WorkSource{10024 com.google.android.gms, 10165 com.google.android.apps.walletnfcrel}
04-13 13:10:00.474  2743  4064 D PMS     : acquireWL(a5781f6): PARTIAL_WAKE_LOCK  NlpWakeLock 0x1 3914 10024 WorkSource{10070 com.google.android.googlequicksearchbox}
04-13 13:10:00.479  2743  4262 D PMS     : releaseWL(410be91): PARTIAL_WAKE_LOCK  GCoreFlp 0x1 WorkSource{10024 com.google.android.gms, 10165 com.google.android.apps.walletnfcrel} 0x0
04-13 13:10:00.483  2743  4064 D PMS     : acquireWL(f9a6064): PARTIAL_WAKE_LOCK  NlpWakeLock 0x1 3914 10024 WorkSource{10024 com.google.android.gms, 10165 com.google.android.apps.walletnfcrel}
04-13 13:10:00.467   700   700 W memtrack@1.0-se: type=1400 audit(0.0:19510): avc: denied { search } for name="proc" dev="debugfs" ino=14891 scontext=u:r:hal_memtrack_default:s0 tcontext=u:object_r:qti_debugfs:s0 tclass=dir permissive=0
04-13 13:10:00.470  3914  3914 I GeofencerStateMachine: sendTransitions: location=Location[fused 54,988699,73,374937 hAcc=1800 et=+1d0h57m51s736ms vAcc=??? sAcc=??? bAcc=??? {Bundle[mParcelledData.dataSize=452]}]
04-13 13:10:00.484  2743  4262 D PMS     : acquireWL(f71b2cd): PARTIAL_WAKE_LOCK  Wakeful StateMachine: GeofencerStateMachine 0x1 3914 10024 WorkSource{10024 com.google.android.gms}
04-13 13:10:00.494  2743  4081 D AlarmManager: [AlarmGrouping_3.6] before: f71c782 2018-04-13 13:11:00 89931794 name=com.google.android.gms type=ELAPSED_WAKEUP window=7500 interval=0
04-13 13:10:00.494  2743  4081 D AlarmManager: [AlarmGrouping_3.6] after:  f71c782 2018-04-13 13:20:00 90471301 name=com.google.android.gms type=ELAPSED_WAKEUP window=7500 interval=0
04-13 13:10:00.496  2743  4081 D PMS     : releaseWL(f9a6064): PARTIAL_WAKE_LOCK  NlpWakeLock 0x1 WorkSource{10024 com.google.android.gms, 10165 com.google.android.apps.walletnfcrel} 0x0
04-13 13:10:00.507  2743  4064 D PMS     : releaseWL(cc563cc): PARTIAL_WAKE_LOCK  GCoreFlp 0x1 WorkSource{10024 com.google.android.gms} 0x0
04-13 13:10:00.515  2743  4064 D PMS     : releaseWL(e4a4107): PARTIAL_WAKE_LOCK  NlpWakeLock 0x1 WorkSource{10024 com.google.android.gms} 0x0
04-13 13:10:00.516  2743  4063 D PMS     : acquireWL(ec7be93): PARTIAL_WAKE_LOCK  GCoreFlp 0x1 3914 10024 WorkSource{10024 com.google.android.gms}
04-13 13:10:00.518  2743  4063 D PMS     : acquireWL(fcf1ed0): PARTIAL_WAKE_LOCK  GCoreFlp 0x1 3914 10024 WorkSource{10024 com.google.android.gms}
04-13 13:10:00.519  2743  4271 D PMS     : acquireWL(b73aec9): PARTIAL_WAKE_LOCK  UlrDispSvcFastWL 0x1 3914 10024 null
04-13 13:10:00.520  2743  4262 D PMS     : releaseWL(ec7be93): PARTIAL_WAKE_LOCK  GCoreFlp 0x1 WorkSource{10024 com.google.android.gms} 0x0
04-13 13:10:00.521  2743  4271 D PMS     : acquireWL(7f8d9ce): PARTIAL_WAKE_LOCK  GCoreFlp 0x1 3914 10024 WorkSource{10024 com.google.android.gms, 10165 com.google.android.apps.walletnfcrel}
04-13 13:10:00.521   700   700 W memtrack@1.0-se: type=1400 audit(0.0:19511): avc: denied { search } for name="proc" dev="debugfs" ino=14891 scontext=u:r:hal_memtrack_default:s0 tcontext=u:object_r:qti_debugfs:s0 tclass=dir permissive=0
04-13 13:10:00.523  2743  4063 D PMS     : releaseWL(fcf1ed0): PARTIAL_WAKE_LOCK  GCoreFlp 0x1 WorkSource{10024 com.google.android.gms} 0x0
04-13 13:10:00.525  2743  4064 D PMS     : acquireWL(aa5b0ef): PARTIAL_WAKE_LOCK  GCoreFlp 0x1 3914 10024 WorkSource{10024 com.google.android.gms}
04-13 13:10:00.529  2743  4081 D PMS     : releaseWL(7f8d9ce): PARTIAL_WAKE_LOCK  GCoreFlp 0x1 WorkSource{10024 com.google.android.gms, 10165 com.google.android.apps.walletnfcrel} 0x0
04-13 13:10:00.530  2743  4271 D PMS     : releaseWL(a5781f6): PARTIAL_WAKE_LOCK  NlpWakeLock 0x1 WorkSource{10070 com.google.android.googlequicksearchbox} 0x0
04-13 13:10:00.530  2743  4063 D PMS     : acquireWL(c4f57fc): PARTIAL_WAKE_LOCK  GCoreFlp 0x1 3914 10024 WorkSource{10024 com.google.android.gms}
04-13 13:10:00.524   700   700 W memtrack@1.0-se: type=1400 audit(0.0:19512): avc: denied { search } for name="proc" dev="debugfs" ino=14891 scontext=u:r:hal_memtrack_default:s0 tcontext=u:object_r:qti_debugfs:s0 tclass=dir permissive=0
04-13 13:10:00.533  3914  3914 I GeofencerStateMachine: sendNewLocationAvailability: availability=LocationAvailability[isLocationAvailable: true]
04-13 13:10:00.532  2743  4081 D PMS     : releaseWL(aa5b0ef): PARTIAL_WAKE_LOCK  GCoreFlp 0x1 WorkSource{10024 com.google.android.gms} 0x0
04-13 13:10:00.534  2743  4262 D PMS     : acquireWL(f71b2cd): PARTIAL_WAKE_LOCK  Wakeful StateMachine: GeofencerStateMachine 0x1 3914 10024 WorkSource{10024 com.google.android.gms}
04-13 13:10:00.535  2743  4063 D PMS     : releaseWL(c4f57fc): PARTIAL_WAKE_LOCK  GCoreFlp 0x1 WorkSource{10024 com.google.android.gms} 0x0
04-13 13:10:00.539  2743  4063 D PMS     : acquireWL(f71b2cd): PARTIAL_WAKE_LOCK  Wakeful StateMachine: GeofencerStateMachine 0x1 3914 10024 WorkSource{10024 com.google.android.gms}
04-13 13:10:00.543  2743  4262 D PMS     : releaseWL(b73aec9): PARTIAL_WAKE_LOCK  UlrDispSvcFastWL 0x1 null 0x0
04-13 13:10:00.557  2743  4081 D PMS     : acquireWL(37f6e85): PARTIAL_WAKE_LOCK  NlpWakeLock 0x1 3914 10024 WorkSource{10024 com.google.android.gms}
04-13 13:10:00.564  2743  4262 D PMS     : releaseWL(37f6e85): PARTIAL_WAKE_LOCK  NlpWakeLock 0x1 WorkSource{10024 com.google.android.gms} 0x0
04-13 13:10:00.566  2743  4064 D PMS     : releaseWL(f71b2cd): PARTIAL_WAKE_LOCK  Wakeful StateMachine: GeofencerStateMachine 0x1 WorkSource{10024 com.google.android.gms} 0x0
04-13 13:10:00.571  2743  4271 D PMS     : acquireWL(ccc4da): PARTIAL_WAKE_LOCK  NlpWakeLock 0x1 3914 10024 WorkSource{10024 com.google.android.gms, 10165 com.google.android.apps.walletnfcrel}
04-13 13:10:00.572  2743  4064 D PMS     : acquireWL(5c66d0b): PARTIAL_WAKE_LOCK  UlrDispSvcFastWL 0x1 3914 10024 null
04-13 13:10:00.581   700   700 W memtrack@1.0-se: type=1400 audit(0.0:19513): avc: denied { search } for name="proc" dev="debugfs" ino=14891 scontext=u:r:hal_memtrack_default:s0 tcontext=u:object_r:qti_debugfs:s0 tclass=dir permissive=0
